<html>
<body>
<pre>
<h1>礦ision Build Log</h1>
<h2>Tool Versions:</h2>
IDE-Version: μVision V5.43.1.0
Copyright (C) 2025 ARM Ltd and ARM Germany GmbH. All rights reserved.
License Information: RUI WANG, POWTEQ, LIC=32B1Q-NWZ9Q-DYHV3-AIYG9-WNZ03-BSAMK
 
Tool Versions:
Toolchain:       MDK-ARM Plus  Version: 5.43.0.0
Toolchain Path:  D:\Keil_v5\ARM\ARMCC\Bin
C Compiler:      Armcc.exe V5.05 update 1 (build 106)
Assembler:       Armasm.exe V5.05 update 1 (build 106)
Linker/Locator:  ArmLink.exe V5.05 update 1 (build 106)
Library Manager: ArmAr.exe V5.05 update 1 (build 106)
Hex Converter:   FromElf.exe V5.05 update 1 (build 106)
CPU DLL:         SARMCM3.DLL V5.43.0.0
Dialog DLL:      DCM.DLL V1.17.5.0
Target DLL:      Segger\JL2CM3.dll V2.99.45.0
Dialog DLL:      TCM.DLL V1.56.6.0
 
<h2>Project:</h2>
e:\Users\王瑞\Desktop\工作文件\GT50_R\GT50R 通用控制板V1.0\stm32-modbus\USER\Template.uvprojx
Project File Date:  06/11/2026

<h2>Output:</h2>
*** Using Compiler 'V5.05 update 1 (build 106)', folder: 'D:\Keil_v5\ARM\ARMCC\Bin'
Build target 'TestV1.0'
Note: source file '..\modbus_m\mb_m.c' - object file renamed from '..\OBJ\mb_m.o' to '..\OBJ\mb_m_1.o'.
compiling Temp_ctrl.c...
linking...
Program Size: Code=39834 RO-data=1202 RW-data=576 ZI-data=11352  
FromELF: creating hex file...
After Build - User command #1: D:\Keil_v5\\ARM\ARMCC\bin\fromelf.exe --bin --output=Template.bin ..\OBJ\Template.axf
"..\OBJ\Template.axf" - 0 Error(s), 0 Warning(s).

<h2>Software Packages used:</h2>

Package Vendor: ARM
                https://www.keil.com/pack/ARM.CMSIS.6.3.0.pack
                ARM::CMSIS@6.3.0
                CMSIS (Common Microcontroller Software Interface Standard)
   * Component: CORE Version: 6.2.0

Package Vendor: Keil
                https://www.keil.com/pack/Keil.STM32F1xx_DFP.2.4.1.pack
                Keil::STM32F1xx_DFP@2.4.1
                STMicroelectronics STM32F1 Series Device Support, Drivers and Examples

<h2>Collection of Component include folders:</h2>
  ./RTE/_TestV1.0
  D:/Keil_v5/ARM/Pack/ARM/CMSIS/6.3.0/CMSIS/Core/Include
  D:/Keil_v5/ARM/Pack/Keil/STM32F1xx_DFP/2.4.1/Device/Include

<h2>Collection of Component Files used:</h2>

   * Component: ARM::CMSIS:CORE@6.2.0
Build Time Elapsed:  00:00:07
</pre>
</body>
</html>
