Component: ARM Compiler 5.05 update 1 (build 106) Tool: armlink [4d0efa]

==============================================================================

Section Cross References

    main.o(.text) refers to rt_memclr.o(.text) for __aeabi_memclr
    main.o(.text) refers to fdiv.o(x$fpl$fdiv) for __aeabi_fdiv
    main.o(.text) refers to f2d.o(x$fpl$f2d) for __aeabi_f2d
    main.o(.text) refers to log.o(i.log) for log
    main.o(.text) refers to d2f.o(x$fpl$d2f) for __aeabi_d2f
    main.o(.text) refers to faddsub_clz.o(x$fpl$fadd) for __aeabi_fadd
    main.o(.text) refers to faddsub_clz.o(x$fpl$fsub) for __aeabi_fsub
    main.o(.text) refers to stm32f10x_gpio.o(.text) for GPIO_SetBits
    main.o(.text) refers to delay.o(.text) for delay_ms
    main.o(.text) refers to stm32f10x_rcc.o(.text) for RCC_APB1PeriphClockCmd
    main.o(.text) refers to stm32f10x_tim.o(.text) for TIM_TimeBaseInit
    main.o(.text) refers to temp_ctrl.o(.text) for PIDStructInit
    main.o(.text) refers to fflt_clz.o(x$fpl$fflt) for __aeabi_i2f
    main.o(.text) refers to ffixu.o(x$fpl$ffixu) for __aeabi_f2uiz
    main.o(.text) refers to dac.o(.text) for DAC1_Set_Vol
    main.o(.text) refers to adc.o(.text) for Get_Adc
    main.o(.text) refers to fflt_clz.o(x$fpl$ffltu) for __aeabi_ui2f
    main.o(.text) refers to main.o(.bss) for sys
    main.o(.text) refers to port.o(.bss) for usRegHoldingBuf
    main.o(.text) refers to main.o(.data) for delay
    main.o(.text) refers to mb.o(.text) for eMBInit
    main.o(.text) refers to os_cpu_a.o(.text) for OS_CPU_SR_Save
    main.o(.text) refers to os_task.o(.text) for OSTaskCreate
    main.o(.text) refers to sys.o(.text) for NVIC_Configuration
    main.o(.text) refers to gpio.o(.text) for PVD_Config
    main.o(.text) refers to os_core.o(.text) for OSInit
    user_mb_app_m.o(.text) refers to mb_m_1.o(.text) for ucMBMasterGetDestAddress
    user_mb_app_m.o(.text) refers to mbutils.o(.text) for xMBUtilGetBits
    user_mb_app_m.o(.text) refers to user_mb_app_m.o(.bss) for usMRegInBuf
    user_mb_app_m.o(.text) refers to user_mb_app_m.o(.data) for usMRegInStart
    system_stm32f10x.o(.text) refers to system_stm32f10x.o(.data) for SystemCoreClock
    startup_stm32f10x_md.o(STACK) refers (Special) to heapauxi.o(.text) for __use_two_region_memory
    startup_stm32f10x_md.o(HEAP) refers (Special) to heapauxi.o(.text) for __use_two_region_memory
    startup_stm32f10x_md.o(RESET) refers (Special) to heapauxi.o(.text) for __use_two_region_memory
    startup_stm32f10x_md.o(RESET) refers to startup_stm32f10x_md.o(STACK) for __initial_sp
    startup_stm32f10x_md.o(RESET) refers to startup_stm32f10x_md.o(.text) for Reset_Handler
    startup_stm32f10x_md.o(RESET) refers to os_cpu_a.o(.text) for PendSV_Handler
    startup_stm32f10x_md.o(RESET) refers to delay.o(.text) for SysTick_Handler
    startup_stm32f10x_md.o(RESET) refers to gpio.o(.text) for PVD_IRQHandler
    startup_stm32f10x_md.o(RESET) refers to porttimer_m.o(.text) for TIM2_IRQHandler
    startup_stm32f10x_md.o(RESET) refers to porttimer.o(.text) for TIM4_IRQHandler
    startup_stm32f10x_md.o(RESET) refers to portserial.o(.text) for USART1_IRQHandler
    startup_stm32f10x_md.o(RESET) refers to portserial_m.o(.text) for USART3_IRQHandler
    startup_stm32f10x_md.o(.text) refers (Special) to heapauxi.o(.text) for __use_two_region_memory
    startup_stm32f10x_md.o(.text) refers to system_stm32f10x.o(.text) for SystemInit
    startup_stm32f10x_md.o(.text) refers to __main.o(!!!main) for __main
    startup_stm32f10x_md.o(.text) refers to startup_stm32f10x_md.o(HEAP) for Heap_Mem
    startup_stm32f10x_md.o(.text) refers to startup_stm32f10x_md.o(STACK) for Stack_Mem
    stm32f10x_gpio.o(.text) refers to stm32f10x_rcc.o(.text) for RCC_APB2PeriphResetCmd
    stm32f10x_rcc.o(.text) refers to stm32f10x_rcc.o(.data) for APBAHBPrescTable
    stm32f10x_usart.o(.text) refers to stm32f10x_rcc.o(.text) for RCC_APB2PeriphResetCmd
    stm32f10x_tim.o(.text) refers to stm32f10x_rcc.o(.text) for RCC_APB2PeriphResetCmd
    stm32f10x_adc.o(.text) refers to stm32f10x_rcc.o(.text) for RCC_APB2PeriphResetCmd
    stm32f10x_dac.o(.text) refers to stm32f10x_rcc.o(.text) for RCC_APB1PeriphResetCmd
    stm32f10x_pwr.o(.text) refers to stm32f10x_rcc.o(.text) for RCC_APB1PeriphResetCmd
    delay.o(.text) refers to os_core.o(.text) for OSSchedLock
    delay.o(.text) refers to os_time.o(.text) for OSTimeDly
    delay.o(.text) refers to misc.o(.text) for SysTick_CLKSourceConfig
    delay.o(.text) refers to system_stm32f10x.o(.data) for SystemCoreClock
    delay.o(.text) refers to delay.o(.data) for fac_us
    delay.o(.text) refers to os_core.o(.data) for OSRunning
    sys.o(.text) refers to misc.o(.text) for NVIC_PriorityGroupConfig
    gpio.o(.text) refers to stm32f10x_rcc.o(.text) for RCC_APB1PeriphClockCmd
    gpio.o(.text) refers to stm32f10x_pwr.o(.text) for PWR_PVDLevelConfig
    gpio.o(.text) refers to misc.o(.text) for NVIC_PriorityGroupConfig
[...]
    USART2_IRQHandler                        0x08000c67   Thumb Code     0  startup_stm32f10x_md.o(.text)
    USBWakeUp_IRQHandler                     0x08000c67   Thumb Code     0  startup_stm32f10x_md.o(.text)
    USB_HP_CAN1_TX_IRQHandler                0x08000c67   Thumb Code     0  startup_stm32f10x_md.o(.text)
    USB_LP_CAN1_RX0_IRQHandler               0x08000c67   Thumb Code     0  startup_stm32f10x_md.o(.text)
    WWDG_IRQHandler                          0x08000c67   Thumb Code     0  startup_stm32f10x_md.o(.text)
    __user_initial_stackheap                 0x08000c69   Thumb Code     0  startup_stm32f10x_md.o(.text)
    NVIC_PriorityGroupConfig                 0x08000c8d   Thumb Code    10  misc.o(.text)
    NVIC_Init                                0x08000c97   Thumb Code   100  misc.o(.text)
    NVIC_SetVectorTable                      0x08000cfb   Thumb Code    14  misc.o(.text)
    NVIC_SystemLPConfig                      0x08000d09   Thumb Code    34  misc.o(.text)
    SysTick_CLKSourceConfig                  0x08000d2b   Thumb Code    40  misc.o(.text)
    GPIO_DeInit                              0x08000d69   Thumb Code   172  stm32f10x_gpio.o(.text)
    GPIO_AFIODeInit                          0x08000e15   Thumb Code    20  stm32f10x_gpio.o(.text)
    GPIO_Init                                0x08000e29   Thumb Code   278  stm32f10x_gpio.o(.text)
    GPIO_StructInit                          0x08000f3f   Thumb Code    16  stm32f10x_gpio.o(.text)
    GPIO_ReadInputDataBit                    0x08000f4f   Thumb Code    18  stm32f10x_gpio.o(.text)
    GPIO_ReadInputData                       0x08000f61   Thumb Code     8  stm32f10x_gpio.o(.text)
    GPIO_ReadOutputDataBit                   0x08000f69   Thumb Code    18  stm32f10x_gpio.o(.text)
    GPIO_ReadOutputData                      0x08000f7b   Thumb Code     8  stm32f10x_gpio.o(.text)
    GPIO_SetBits                             0x08000f83   Thumb Code     4  stm32f10x_gpio.o(.text)
    GPIO_ResetBits                           0x08000f87   Thumb Code     4  stm32f10x_gpio.o(.text)
    GPIO_WriteBit                            0x08000f8b   Thumb Code    10  stm32f10x_gpio.o(.text)
    GPIO_Write                               0x08000f95   Thumb Code     4  stm32f10x_gpio.o(.text)
    GPIO_PinLockConfig                       0x08000f99   Thumb Code    18  stm32f10x_gpio.o(.text)
    GPIO_EventOutputConfig                   0x08000fab   Thumb Code    26  stm32f10x_gpio.o(.text)
    GPIO_EventOutputCmd                      0x08000fc5   Thumb Code     6  stm32f10x_gpio.o(.text)
    GPIO_PinRemapConfig                      0x08000fcb   Thumb Code   138  stm32f10x_gpio.o(.text)
    GPIO_EXTILineConfig                      0x08001055   Thumb Code    66  stm32f10x_gpio.o(.text)
    GPIO_ETH_MediaInterfaceConfig            0x08001097   Thumb Code     8  stm32f10x_gpio.o(.text)
    RCC_DeInit                               0x080010c5   Thumb Code    64  stm32f10x_rcc.o(.text)
    RCC_HSEConfig                            0x08001105   Thumb Code    70  stm32f10x_rcc.o(.text)
    RCC_GetFlagStatus                        0x0800114b   Thumb Code    56  stm32f10x_rcc.o(.text)
    RCC_WaitForHSEStartUp                    0x08001183   Thumb Code    56  stm32f10x_rcc.o(.text)
    RCC_AdjustHSICalibrationValue            0x080011bb   Thumb Code    20  stm32f10x_rcc.o(.text)
    RCC_HSICmd                               0x080011cf   Thumb Code     6  stm32f10x_rcc.o(.text)
    RCC_PLLConfig                            0x080011d5   Thumb Code    24  stm32f10x_rcc.o(.text)
    RCC_PLLCmd                               0x080011ed   Thumb Code     6  stm32f10x_rcc.o(.text)
    RCC_SYSCLKConfig                         0x080011f3   Thumb Code    18  stm32f10x_rcc.o(.text)
    RCC_GetSYSCLKSource                      0x08001205   Thumb Code    10  stm32f10x_rcc.o(.text)
    RCC_HCLKConfig                           0x0800120f   Thumb Code    18  stm32f10x_rcc.o(.text)
    RCC_PCLK1Config                          0x08001221   Thumb Code    18  stm32f10x_rcc.o(.text)
    RCC_PCLK2Config                          0x08001233   Thumb Code    20  stm32f10x_rcc.o(.text)
    RCC_ITConfig                             0x08001247   Thumb Code    26  stm32f10x_rcc.o(.text)
    RCC_USBCLKConfig                         0x08001261   Thumb Code     8  stm32f10x_rcc.o(.text)
    RCC_ADCCLKConfig                         0x08001269   Thumb Code    18  stm32f10x_rcc.o(.text)
    RCC_LSEConfig                            0x0800127b   Thumb Code    50  stm32f10x_rcc.o(.text)
    RCC_LSICmd                               0x080012ad   Thumb Code     6  stm32f10x_rcc.o(.text)
    RCC_RTCCLKConfig                         0x080012b3   Thumb Code    12  stm32f10x_rcc.o(.text)
    RCC_RTCCLKCmd                            0x080012bf   Thumb Code     8  stm32f10x_rcc.o(.text)
    RCC_GetClocksFreq                        0x080012c7   Thumb Code   192  stm32f10x_rcc.o(.text)
    RCC_AHBPeriphClockCmd                    0x08001387   Thumb Code    26  stm32f10x_rcc.o(.text)
    RCC_APB2PeriphClockCmd                   0x080013a1   Thumb Code    26  stm32f10x_rcc.o(.text)
    RCC_APB1PeriphClockCmd                   0x080013bb   Thumb Code    26  stm32f10x_rcc.o(.text)
    RCC_APB2PeriphResetCmd                   0x080013d5   Thumb Code    26  stm32f10x_rcc.o(.text)
    RCC_APB1PeriphResetCmd                   0x080013ef   Thumb Code    26  stm32f10x_rcc.o(.text)
    RCC_BackupResetCmd                       0x08001409   Thumb Code     8  stm32f10x_rcc.o(.text)
    RCC_ClockSecuritySystemCmd               0x08001411   Thumb Code     6  stm32f10x_rcc.o(.text)
    RCC_MCOConfig                            0x08001417   Thumb Code     6  stm32f10x_rcc.o(.text)
    RCC_ClearFlag                            0x0800141d   Thumb Code    14  stm32f10x_rcc.o(.text)
    RCC_GetITStatus                          0x0800142b   Thumb Code    20  stm32f10x_rcc.o(.text)
    RCC_ClearITPendingBit                    0x0800143f   Thumb Code     6  stm32f10x_rcc.o(.text)
    USART_DeInit                             0x08001469   Thumb Code   134  stm32f10x_usart.o(.text)
    USART_Init                               0x080014ef   Thumb Code   210  stm32f10x_usart.o(.text)
    USART_StructInit                         0x080015c1   Thumb Code    24  stm32f10x_usart.o(.text)
    USART_ClockInit                          0x080015d9   Thumb Code    34  stm32f10x_usart.o(.text)
    USART_ClockStructInit                    0x080015fb   Thumb Code    12  stm32f10x_usart.o(.text)
    USART_Cmd                                0x08001607   Thumb Code    24  stm32f10x_usart.o(.text)
    USART_ITConfig                           0x0800161f   Thumb Code    74  stm32f10x_usart.o(.text)
    USART_DMACmd                             0x08001669   Thumb Code    18  stm32f10x_usart.o(.text)
    USART_SetAddress                         0x0800167b   Thumb Code    18  stm32f10x_usart.o(.text)
    USART_WakeUpConfig                       0x0800168d   Thumb Code    18  stm32f10x_usart.o(.text)
    USART_ReceiverWakeUpCmd                  0x0800169f   Thumb Code    24  stm32f10x_usart.o(.text)
    USART_LINBreakDetectLengthConfig         0x080016b7   Thumb Code    18  stm32f10x_usart.o(.text)
    USART_LINCmd                             0x080016c9   Thumb Code    24  stm32f10x_usart.o(.text)
    USART_SendData                           0x080016e1   Thumb Code     8  stm32f10x_usart.o(.text)
    USART_ReceiveData                        0x080016e9   Thumb Code    10  stm32f10x_usart.o(.text)
    USART_SendBreak                          0x080016f3   Thumb Code    10  stm32f10x_usart.o(.text)
    USART_SetGuardTime                       0x080016fd   Thumb Code    16  stm32f10x_usart.o(.text)
    USART_SetPrescaler                       0x0800170d   Thumb Code    16  stm32f10x_usart.o(.text)
    USART_SmartCardCmd                       0x0800171d   Thumb Code    24  stm32f10x_usart.o(.text)
    USART_SmartCardNACKCmd                   0x08001735   Thumb Code    24  stm32f10x_usart.o(.text)
    USART_HalfDuplexCmd                      0x0800174d   Thumb Code    24  stm32f10x_usart.o(.text)
    USART_OverSampling8Cmd                   0x08001765   Thumb Code    22  stm32f10x_usart.o(.text)
    USART_OneBitMethodCmd                    0x0800177b   Thumb Code    24  stm32f10x_usart.o(.text)
    USART_IrDAConfig                         0x08001793   Thumb Code    18  stm32f10x_usart.o(.text)
    USART_IrDACmd                            0x080017a5   Thumb Code    24  stm32f10x_usart.o(.text)
    USART_GetFlagStatus                      0x080017bd   Thumb Code    26  stm32f10x_usart.o(.text)
    USART_ClearFlag                          0x080017d7   Thumb Code    18  stm32f10x_usart.o(.text)
    USART_GetITStatus                        0x080017e9   Thumb Code    84  stm32f10x_usart.o(.text)
    USART_ClearITPendingBit                  0x0800183d   Thumb Code    52  stm32f10x_usart.o(.text)
    TIM_DeInit                               0x08001871   Thumb Code   424  stm32f10x_tim.o(.text)
    TIM_TimeBaseInit                         0x08001a19   Thumb Code   122  stm32f10x_tim.o(.text)
    TIM_OC1Init                              0x08001a93   Thumb Code   132  stm32f10x_tim.o(.text)
    TIM_OC2Init                              0x08001b17   Thumb Code   154  stm32f10x_tim.o(.text)
    TIM_OC3Init                              0x08001bb1   Thumb Code   150  stm32f10x_tim.o(.text)
    TIM_OC4Init                              0x08001c47   Thumb Code   182  stm32f10x_tim.o(.text)
    TIM_SetIC4Prescaler                      0x08001cfd   Thumb Code    26  stm32f10x_tim.o(.text)
    TIM_SetIC3Prescaler                      0x08001d99   Thumb Code    18  stm32f10x_tim.o(.text)
    TIM_SetIC2Prescaler                      0x08001e25   Thumb Code    26  stm32f10x_tim.o(.text)
    TIM_SetIC1Prescaler                      0x08001ec1   Thumb Code    18  stm32f10x_tim.o(.text)
    TIM_ICInit                               0x08001f3f   Thumb Code   150  stm32f10x_tim.o(.text)
    TIM_PWMIConfig                           0x08001fd5   Thumb Code   124  stm32f10x_tim.o(.text)
    TIM_BDTRConfig                           0x08002051   Thumb Code    32  stm32f10x_tim.o(.text)
    TIM_TimeBaseStructInit                   0x08002071   Thumb Code    18  stm32f10x_tim.o(.text)
    TIM_OCStructInit                         0x08002083   Thumb Code    20  stm32f10x_tim.o(.text)
    TIM_ICStructInit                         0x08002097   Thumb Code    18  stm32f10x_tim.o(.text)
    TIM_BDTRStructInit                       0x080020a9   Thumb Code    40  stm32f10x_tim.o(.text)
    TIM_Cmd                                  0x080020d1   Thumb Code    24  stm32f10x_tim.o(.text)
    TIM_CtrlPWMOutputs                       0x080020e9   Thumb Code    30  stm32f10x_tim.o(.text)
    TIM_ITConfig                             0x08002107   Thumb Code    18  stm32f10x_tim.o(.text)
    TIM_GenerateEvent                        0x08002119   Thumb Code     4  stm32f10x_tim.o(.text)
    TIM_DMAConfig                            0x0800211d   Thumb Code    10  stm32f10x_tim.o(.text)
    TIM_DMACmd                               0x08002127   Thumb Code    18  stm32f10x_tim.o(.text)
    TIM_InternalClockConfig                  0x08002139   Thumb Code    12  stm32f10x_tim.o(.text)
    TIM_SelectInputTrigger                   0x08002145   Thumb Code    18  stm32f10x_tim.o(.text)
    TIM_ITRxExternalClockConfig              0x08002157   Thumb Code    24  stm32f10x_tim.o(.text)
    TIM_TIxExternalClockConfig               0x0800216f   Thumb Code    62  stm32f10x_tim.o(.text)
    TIM_ETRConfig                            0x080021ad   Thumb Code    28  stm32f10x_tim.o(.text)
    TIM_ETRClockMode1Config                  0x080021c9   Thumb Code    54  stm32f10x_tim.o(.text)
    TIM_ETRClockMode2Config                  0x080021ff   Thumb Code    32  stm32f10x_tim.o(.text)
    TIM_PrescalerConfig                      0x0800221f   Thumb Code     6  stm32f10x_tim.o(.text)
    TIM_CounterModeConfig                    0x08002225   Thumb Code    18  stm32f10x_tim.o(.text)
    TIM_EncoderInterfaceConfig               0x08002237   Thumb Code    66  stm32f10x_tim.o(.text)
    TIM_ForcedOC1Config                      0x08002279   Thumb Code    18  stm32f10x_tim.o(.text)
    TIM_ForcedOC2Config                      0x0800228b   Thumb Code    26  stm32f10x_tim.o(.text)
    TIM_ForcedOC3Config                      0x080022a5   Thumb Code    18  stm32f10x_tim.o(.text)
    TIM_ForcedOC4Config                      0x080022b7   Thumb Code    26  stm32f10x_tim.o(.text)
    TIM_ARRPreloadConfig                     0x080022d1   Thumb Code    24  stm32f10x_tim.o(.text)
    TIM_SelectCOM                            0x080022e9   Thumb Code    24  stm32f10x_tim.o(.text)
    TIM_SelectCCDMA                          0x08002301   Thumb Code    24  stm32f10x_tim.o(.text)
    TIM_CCPreloadControl                     0x08002319   Thumb Code    24  stm32f10x_tim.o(.text)
    TIM_OC1PreloadConfig                     0x08002331   Thumb Code    18  stm32f10x_tim.o(.text)
    TIM_OC2PreloadConfig                     0x08002343   Thumb Code    26  stm32f10x_tim.o(.text)
    TIM_OC3PreloadConfig                     0x0800235d   Thumb Code    18  stm32f10x_tim.o(.text)
    TIM_OC4PreloadConfig                     0x0800236f   Thumb Code    26  stm32f10x_tim.o(.text)
    TIM_OC1FastConfig                        0x08002389   Thumb Code    18  stm32f10x_tim.o(.text)
    TIM_OC2FastConfig                        0x0800239b   Thumb Code    26  stm32f10x_tim.o(.text)
    TIM_OC3FastConfig                        0x080023b5   Thumb Code    18  stm32f10x_tim.o(.text)
    TIM_OC4FastConfig                        0x080023c7   Thumb Code    26  stm32f10x_tim.o(.text)
    TIM_ClearOC1Ref                          0x080023e1   Thumb Code    18  stm32f10x_tim.o(.text)
    TIM_ClearOC2Ref                          0x080023f3   Thumb Code    24  stm32f10x_tim.o(.text)
    TIM_ClearOC3Ref                          0x0800240b   Thumb Code    18  stm32f10x_tim.o(.text)
    TIM_ClearOC4Ref                          0x0800241d   Thumb Code    24  stm32f10x_tim.o(.text)
    TIM_OC1PolarityConfig                    0x08002435   Thumb Code    18  stm32f10x_tim.o(.text)
    TIM_OC1NPolarityConfig                   0x08002447   Thumb Code    18  stm32f10x_tim.o(.text)
    TIM_OC2PolarityConfig                    0x08002459   Thumb Code    26  stm32f10x_tim.o(.text)
    TIM_OC2NPolarityConfig                   0x08002473   Thumb Code    26  stm32f10x_tim.o(.text)
    TIM_OC3PolarityConfig                    0x0800248d   Thumb Code    26  stm32f10x_tim.o(.text)
    TIM_OC3NPolarityConfig                   0x080024a7   Thumb Code    26  stm32f10x_tim.o(.text)
    TIM_OC4PolarityConfig                    0x080024c1   Thumb Code    26  stm32f10x_tim.o(.text)
    TIM_CCxCmd                               0x080024db   Thumb Code    30  stm32f10x_tim.o(.text)
    TIM_CCxNCmd                              0x080024f9   Thumb Code    30  stm32f10x_tim.o(.text)
    TIM_SelectOCxM                           0x08002517   Thumb Code    82  stm32f10x_tim.o(.text)
    TIM_UpdateDisableConfig                  0x08002569   Thumb Code    24  stm32f10x_tim.o(.text)
    TIM_UpdateRequestConfig                  0x08002581   Thumb Code    24  stm32f10x_tim.o(.text)
    TIM_SelectHallSensor                     0x08002599   Thumb Code    24  stm32f10x_tim.o(.text)
    TIM_SelectOnePulseMode                   0x080025b1   Thumb Code    18  stm32f10x_tim.o(.text)
    TIM_SelectOutputTrigger                  0x080025c3   Thumb Code    18  stm32f10x_tim.o(.text)
    TIM_SelectSlaveMode                      0x080025d5   Thumb Code    18  stm32f10x_tim.o(.text)
    TIM_SelectMasterSlaveMode                0x080025e7   Thumb Code    18  stm32f10x_tim.o(.text)
    TIM_SetCounter                           0x080025f9   Thumb Code     4  stm32f10x_tim.o(.text)
    TIM_SetAutoreload                        0x080025fd   Thumb Code     4  stm32f10x_tim.o(.text)
    TIM_SetCompare1                          0x08002601   Thumb Code     4  stm32f10x_tim.o(.text)
    TIM_SetCompare2                          0x08002605   Thumb Code     4  stm32f10x_tim.o(.text)
    TIM_SetCompare3                          0x08002609   Thumb Code     4  stm32f10x_tim.o(.text)
    TIM_SetCompare4                          0x0800260d   Thumb Code     6  stm32f10x_tim.o(.text)
    TIM_SetClockDivision                     0x08002613   Thumb Code    18  stm32f10x_tim.o(.text)
    TIM_GetCapture1                          0x08002625   Thumb Code     6  stm32f10x_tim.o(.text)
    TIM_GetCapture2                          0x0800262b   Thumb Code     6  stm32f10x_tim.o(.text)
    TIM_GetCapture3                          0x08002631   Thumb Code     6  stm32f10x_tim.o(.text)
    TIM_GetCapture4                          0x08002637   Thumb Code     8  stm32f10x_tim.o(.text)
    TIM_GetCounter                           0x0800263f   Thumb Code     6  stm32f10x_tim.o(.text)
    TIM_GetPrescaler                         0x08002645   Thumb Code     6  stm32f10x_tim.o(.text)
    TIM_GetFlagStatus                        0x0800264b   Thumb Code    18  stm32f10x_tim.o(.text)
    TIM_ClearFlag                            0x0800265d   Thumb Code     6  stm32f10x_tim.o(.text)
    TIM_GetITStatus                          0x08002663   Thumb Code    34  stm32f10x_tim.o(.text)
    TIM_ClearITPendingBit                    0x08002685   Thumb Code     6  stm32f10x_tim.o(.text)
    ADC_DeInit                               0x0800268d   Thumb Code    78  stm32f10x_adc.o(.text)
    ADC_Init                                 0x080026db   Thumb Code    70  stm32f10x_adc.o(.text)
    ADC_StructInit                           0x08002721   Thumb Code    18  stm32f10x_adc.o(.text)
    ADC_Cmd                                  0x08002733   Thumb Code    22  stm32f10x_adc.o(.text)
    ADC_DMACmd                               0x08002749   Thumb Code    22  stm32f10x_adc.o(.text)
    ADC_ITConfig                             0x0800275f   Thumb Code    24  stm32f10x_adc.o(.text)
    ADC_ResetCalibration                     0x08002777   Thumb Code    10  stm32f10x_adc.o(.text)
    ADC_GetResetCalibrationStatus            0x08002781   Thumb Code    20  stm32f10x_adc.o(.text)
    ADC_StartCalibration                     0x08002795   Thumb Code    10  stm32f10x_adc.o(.text)
    ADC_GetCalibrationStatus                 0x0800279f   Thumb Code    20  stm32f10x_adc.o(.text)
    ADC_SoftwareStartConvCmd                 0x080027b3   Thumb Code    22  stm32f10x_adc.o(.text)
    ADC_GetSoftwareStartConvStatus           0x080027c9   Thumb Code    20  stm32f10x_adc.o(.text)
    ADC_DiscModeChannelCountConfig           0x080027dd   Thumb Code    24  stm32f10x_adc.o(.text)
    ADC_DiscModeCmd                          0x080027f5   Thumb Code    22  stm32f10x_adc.o(.text)
    ADC_RegularChannelConfig                 0x0800280b   Thumb Code   184  stm32f10x_adc.o(.text)
    ADC_ExternalTrigConvCmd                  0x080028c3   Thumb Code    22  stm32f10x_adc.o(.text)
    ADC_GetConversionValue                   0x080028d9   Thumb Code     8  stm32f10x_adc.o(.text)
    ADC_GetDualModeConversionValue           0x080028e1   Thumb Code     8  stm32f10x_adc.o(.text)
    ADC_AutoInjectedConvCmd                  0x080028e9   Thumb Code    22  stm32f10x_adc.o(.text)
    ADC_InjectedDiscModeCmd                  0x080028ff   Thumb Code    22  stm32f10x_adc.o(.text)
    ADC_ExternalTrigInjectedConvConfig       0x08002915   Thumb Code    16  stm32f10x_adc.o(.text)
    ADC_ExternalTrigInjectedConvCmd          0x08002925   Thumb Code    22  stm32f10x_adc.o(.text)
    ADC_SoftwareStartInjectedConvCmd         0x0800293b   Thumb Code    22  stm32f10x_adc.o(.text)
    ADC_GetSoftwareStartInjectedConvCmdStatus 0x08002951   Thumb Code    20  stm32f10x_adc.o(.text)
    ADC_InjectedChannelConfig                0x08002965   Thumb Code   130  stm32f10x_adc.o(.text)
    ADC_InjectedSequencerLengthConfig        0x080029e7   Thumb Code    24  stm32f10x_adc.o(.text)
    ADC_SetInjectedOffset                    0x080029ff   Thumb Code    20  stm32f10x_adc.o(.text)
    ADC_GetInjectedConversionValue           0x08002a13   Thumb Code    28  stm32f10x_adc.o(.text)
    ADC_AnalogWatchdogCmd                    0x08002a2f   Thumb Code    16  stm32f10x_adc.o(.text)
    ADC_AnalogWatchdogThresholdsConfig       0x08002a3f   Thumb Code     6  stm32f10x_adc.o(.text)
    ADC_AnalogWatchdogSingleChannelConfig    0x08002a45   Thumb Code    16  stm32f10x_adc.o(.text)
    ADC_TempSensorVrefintCmd                 0x08002a55   Thumb Code    64  stm32f10x_adc.o(.text)
    ADC_GetFlagStatus                        0x08002a95   Thumb Code    18  stm32f10x_adc.o(.text)
    ADC_ClearFlag                            0x08002aa7   Thumb Code     6  stm32f10x_adc.o(.text)
    ADC_GetITStatus                          0x08002aad   Thumb Code    36  stm32f10x_adc.o(.text)
    ADC_ClearITPendingBit                    0x08002ad1   Thumb Code    10  stm32f10x_adc.o(.text)
    DAC_DeInit                               0x08002add   Thumb Code    22  stm32f10x_dac.o(.text)
    DAC_Init                                 0x08002af3   Thumb Code    46  stm32f10x_dac.o(.text)
    DAC_StructInit                           0x08002b21   Thumb Code    12  stm32f10x_dac.o(.text)
    DAC_Cmd                                  0x08002b2d   Thumb Code    34  stm32f10x_dac.o(.text)
    DAC_DMACmd                               0x08002b4f   Thumb Code    38  stm32f10x_dac.o(.text)
    DAC_SoftwareTriggerCmd                   0x08002b75   Thumb Code    48  stm32f10x_dac.o(.text)
    DAC_DualSoftwareTriggerCmd               0x08002ba5   Thumb Code    38  stm32f10x_dac.o(.text)
    DAC_WaveGenerationCmd                    0x08002bcb   Thumb Code    36  stm32f10x_dac.o(.text)
    DAC_SetChannel1Data                      0x08002bef   Thumb Code    26  stm32f10x_dac.o(.text)
    DAC_SetChannel2Data                      0x08002c09   Thumb Code    26  stm32f10x_dac.o(.text)
    DAC_SetDualChannelData                   0x08002c23   Thumb Code    32  stm32f10x_dac.o(.text)
    DAC_GetDataOutputValue                   0x08002c43   Thumb Code    32  stm32f10x_dac.o(.text)
    DMA_DeInit                               0x08002c69   Thumb Code   324  stm32f10x_dma.o(.text)
    DMA_Init                                 0x08002dad   Thumb Code    60  stm32f10x_dma.o(.text)
    DMA_StructInit                           0x08002de9   Thumb Code    26  stm32f10x_dma.o(.text)
    DMA_Cmd                                  0x08002e03   Thumb Code    24  stm32f10x_dma.o(.text)
    DMA_ITConfig                             0x08002e1b   Thumb Code    18  stm32f10x_dma.o(.text)
    DMA_SetCurrDataCounter                   0x08002e2d   Thumb Code     4  stm32f10x_dma.o(.text)
    DMA_GetCurrDataCounter                   0x08002e31   Thumb Code     8  stm32f10x_dma.o(.text)
    DMA_GetFlagStatus                        0x08002e39   Thumb Code    40  stm32f10x_dma.o(.text)
    DMA_ClearFlag                            0x08002e61   Thumb Code    22  stm32f10x_dma.o(.text)
    DMA_GetITStatus                          0x08002e77   Thumb Code    40  stm32f10x_dma.o(.text)
    DMA_ClearITPendingBit                    0x08002e9f   Thumb Code    22  stm32f10x_dma.o(.text)
    PWR_DeInit                               0x08002ebd   Thumb Code    22  stm32f10x_pwr.o(.text)
    PWR_BackupAccessCmd                      0x08002ed3   Thumb Code     6  stm32f10x_pwr.o(.text)
    PWR_PVDCmd                               0x08002ed9   Thumb Code     6  stm32f10x_pwr.o(.text)
    PWR_PVDLevelConfig                       0x08002edf   Thumb Code    18  stm32f10x_pwr.o(.text)
    PWR_WakeUpPinCmd                         0x08002ef1   Thumb Code     8  stm32f10x_pwr.o(.text)
    PWR_EnterSTOPMode                        0x08002ef9   Thumb Code    54  stm32f10x_pwr.o(.text)
    PWR_EnterSTANDBYMode                     0x08002f2f   Thumb Code    42  stm32f10x_pwr.o(.text)
    PWR_GetFlagStatus                        0x08002f59   Thumb Code    20  stm32f10x_pwr.o(.text)
    PWR_ClearFlag                            0x08002f6d   Thumb Code    14  stm32f10x_pwr.o(.text)
    EXTI_DeInit                              0x08002f89   Thumb Code    28  stm32f10x_exti.o(.text)
    EXTI_Init                                0x08002fa5   Thumb Code   142  stm32f10x_exti.o(.text)
    EXTI_StructInit                          0x08003033   Thumb Code    16  stm32f10x_exti.o(.text)
    EXTI_GenerateSWInterrupt                 0x08003043   Thumb Code    16  stm32f10x_exti.o(.text)
    EXTI_GetFlagStatus                       0x08003053   Thumb Code    22  stm32f10x_exti.o(.text)
    EXTI_ClearFlag                           0x08003069   Thumb Code     8  stm32f10x_exti.o(.text)
    EXTI_GetITStatus                         0x08003071   Thumb Code    34  stm32f10x_exti.o(.text)
    EXTI_ClearITPendingBit                   0x08003093   Thumb Code     8  stm32f10x_exti.o(.text)
    delay_osschedlock                        0x080030a5   Thumb Code     8  delay.o(.text)
    delay_osschedunlock                      0x080030ad   Thumb Code     8  delay.o(.text)
    delay_ostimedly                          0x080030b5   Thumb Code    12  delay.o(.text)
    SysTick_Handler                          0x080030c1   Thumb Code    16  delay.o(.text)
    delay_init                               0x080030d1   Thumb Code    76  delay.o(.text)
    delay_us                                 0x0800311d   Thumb Code    86  delay.o(.text)
    delay_ms                                 0x08003173   Thumb Code    62  delay.o(.text)
    NVIC_Configuration                       0x080031c5   Thumb Code    12  sys.o(.text)
    PVD_Config                               0x080031d1   Thumb Code    96  gpio.o(.text)
    GPIO_Config                              0x08003231   Thumb Code   282  gpio.o(.text)
    PVD_IRQHandler                           0x0800334b   Thumb Code    38  gpio.o(.text)
    ADC1_Init                                0x080034bd   Thumb Code    12  adc.o(.text)
    Get_Adc                                  0x080034c9   Thumb Code   112  adc.o(.text)
    DAC1_Init                                0x0800354d   Thumb Code    90  dac.o(.text)
    DAC1_Set_Vol                             0x080035a7   Thumb Code    80  dac.o(.text)
    OS_TaskStatStkChk                        0x08003605   Thumb Code    54  os_core.o(.text)
    OS_TaskStat                              0x0800363b   Thumb Code   116  os_core.o(.text)
    OS_TaskIdle                              0x080036e3   Thumb Code    34  os_core.o(.text)
    OS_MemClr                                0x08003739   Thumb Code    18  os_core.o(.text)
    OSInit                                   0x08003857   Thumb Code    44  os_core.o(.text)
    OSIntEnter                               0x08003883   Thumb Code    28  os_core.o(.text)
    OSIntExit                                0x080038b9   Thumb Code   112  os_core.o(.text)
    OSSchedLock                              0x08003929   Thumb Code    50  os_core.o(.text)
    OS_Sched                                 0x0800395b   Thumb Code    88  os_core.o(.text)
    OSSchedUnlock                            0x080039b3   Thumb Code   238  os_core.o(.text)
    OSStart                                  0x08003aa1   Thumb Code    48  os_core.o(.text)
    OSStatInit                               0x08003ad1   Thumb Code    62  os_core.o(.text)
    OSTimeTick                               0x08003b0f   Thumb Code   210  os_core.o(.text)
    OSVersion                                0x08003be1   Thumb Code     6  os_core.o(.text)
    OS_Dummy                                 0x08003be7   Thumb Code     2  os_core.o(.text)
    OS_EventTaskRemove                       0x08003be9   Thumb Code    42  os_core.o(.text)
    OS_EventTaskRdy                          0x08003c13   Thumb Code   114  os_core.o(.text)
    OS_EventTaskWait                         0x08003c85   Thumb Code   112  os_core.o(.text)
    OS_EventWaitListInit                     0x08003cf5   Thumb Code    28  os_core.o(.text)
    OS_MemCopy                               0x08003d11   Thumb Code    20  os_core.o(.text)
    OS_StrLen                                0x08003d25   Thumb Code    20  os_core.o(.text)
    OS_TCBInit                               0x08003d39   Thumb Code   280  os_core.o(.text)
    OSFlagAccept                             0x08003e95   Thumb Code   252  os_flag.o(.text)
    OSFlagCreate                             0x08003f91   Thumb Code    86  os_flag.o(.text)
    OS_FlagUnlink                            0x08003fe7   Thumb Code    36  os_flag.o(.text)
    OSFlagDel                                0x0800405d   Thumb Code   214  os_flag.o(.text)
    OSFlagNameGet                            0x08004133   Thumb Code    80  os_flag.o(.text)
    OSFlagNameSet                            0x08004183   Thumb Code    66  os_flag.o(.text)
    OSFlagPend                               0x0800425d   Thumb Code   614  os_flag.o(.text)
    OSFlagPendGetFlagsRdy                    0x080044c3   Thumb Code    26  os_flag.o(.text)
    OSFlagPost                               0x080044dd   Thumb Code   312  os_flag.o(.text)
    OSFlagQuery                              0x08004615   Thumb Code    48  os_flag.o(.text)
    OS_FlagInit                              0x08004645   Thumb Code    78  os_flag.o(.text)
    OSQAccept                                0x080046a1   Thumb Code    88  os_q.o(.text)
    OSQCreate                                0x080046f9   Thumb Code   140  os_q.o(.text)
    OSQDel                                   0x08004785   Thumb Code   236  os_q.o(.text)
    OSQFlush                                 0x08004871   Thumb Code    36  os_q.o(.text)
    OSQPend                                  0x08004895   Thumb Code   272  os_q.o(.text)
    OSQPendAbort                             0x080049a5   Thumb Code   128  os_q.o(.text)
    OSQPost                                  0x08004a25   Thumb Code   114  os_q.o(.text)
    OSQPostFront                             0x08004a97   Thumb Code   136  os_q.o(.text)
    OSQPostOpt                               0x08004b1f   Thumb Code   182  os_q.o(.text)
    OSQQuery                                 0x08004bd5   Thumb Code    98  os_q.o(.text)
    OS_QInit                                 0x08004c37   Thumb Code    72  os_q.o(.text)
    OSSemAccept                              0x08004c89   Thumb Code    42  os_sem.o(.text)
    OSSemCreate                              0x08004cb3   Thumb Code    68  os_sem.o(.text)
    OSSemDel                                 0x08004cf7   Thumb Code   200  os_sem.o(.text)
    OSSemPend                                0x08004dbf   Thumb Code   222  os_sem.o(.text)
    OSSemPendAbort                           0x08004e9d   Thumb Code   128  os_sem.o(.text)
    OSSemPost                                0x08004f1d   Thumb Code    88  os_sem.o(.text)
    OSSemQuery                               0x08004f75   Thumb Code    76  os_sem.o(.text)
    OSSemSet                                 0x08004fc1   Thumb Code    66  os_sem.o(.text)
    OSTaskChangePrio                         0x08005015   Thumb Code   308  os_task.o(.text)
    OSTaskCreate                             0x08005149   Thumb Code   148  os_task.o(.text)
    OS_TaskStkClr                            0x080051dd   Thumb Code    26  os_task.o(.text)
    OSTaskCreateExt                          0x080051f7   Thumb Code   170  os_task.o(.text)
    OSTaskDel                                0x080052a1   Thumb Code   294  os_task.o(.text)
    OSTaskDelReq                             0x080053c7   Thumb Code   144  os_task.o(.text)
    OSTaskNameGet                            0x08005457   Thumb Code   114  os_task.o(.text)
    OSTaskNameSet                            0x080054c9   Thumb Code    98  os_task.o(.text)
    OSTaskResume                             0x0800552b   Thumb Code   154  os_task.o(.text)
    OSTaskStkChk                             0x080055c5   Thumb Code   132  os_task.o(.text)
    OSTaskSuspend                            0x08005649   Thumb Code   152  os_task.o(.text)
    OSTaskQuery                              0x080056e1   Thumb Code    82  os_task.o(.text)
    OSTaskRegGet                             0x08005733   Thumb Code    60  os_task.o(.text)
    OSTaskRegSet                             0x0800576f   Thumb Code    62  os_task.o(.text)
    OS_TaskReturn                            0x080057ad   Thumb Code    18  os_task.o(.text)
    OSTimeDly                                0x080057d9   Thumb Code   100  os_time.o(.text)
    OSTimeDlyHMSM                            0x0800583d   Thumb Code    86  os_time.o(.text)
    OSTimeDlyResume                          0x08005893   Thumb Code   168  os_time.o(.text)
    OSTimeGet                                0x0800593b   Thumb Code    24  os_time.o(.text)
    OSTimeSet                                0x08005953   Thumb Code    24  os_time.o(.text)
    OSInitHookBegin                          0x08005989   Thumb Code     2  os_cpu_c.o(.text)
    OSInitHookEnd                            0x0800598b   Thumb Code     2  os_cpu_c.o(.text)
    OSTaskCreateHook                         0x0800598d   Thumb Code     2  os_cpu_c.o(.text)
    OSTaskDelHook                            0x0800598f   Thumb Code     2  os_cpu_c.o(.text)
    OSTaskIdleHook                           0x08005991   Thumb Code     2  os_cpu_c.o(.text)
    OSTaskStatHook                           0x08005993   Thumb Code     2  os_cpu_c.o(.text)
    OSTaskStkInit                            0x08005995   Thumb Code   154  os_cpu_c.o(.text)
    OSTaskSwHook                             0x08005a2f   Thumb Code     2  os_cpu_c.o(.text)
    OSTCBInitHook                            0x08005a31   Thumb Code     2  os_cpu_c.o(.text)
    OSTimeTickHook                           0x08005a33   Thumb Code     2  os_cpu_c.o(.text)
    OSTaskReturnHook                         0x08005a35   Thumb Code     2  os_cpu_c.o(.text)
    OS_CPU_SR_Save                           0x08005a39   Thumb Code     0  os_cpu_a.o(.text)
    OS_CPU_SR_Restore                        0x08005a41   Thumb Code     0  os_cpu_a.o(.text)
    OSStartHighRdy                           0x08005a47   Thumb Code     0  os_cpu_a.o(.text)
    OSCtxSw                                  0x08005a69   Thumb Code     0  os_cpu_a.o(.text)
    OSIntCtxSw                               0x08005a77   Thumb Code     0  os_cpu_a.o(.text)
    PendSV_Handler                           0x08005a87   Thumb Code     0  os_cpu_a.o(.text)
    PIDStructInit                            0x08005aed   Thumb Code    28  temp_ctrl.o(.text)
    TempPID_FreqCAL                          0x08005b09   Thumb Code   390  temp_ctrl.o(.text)
    eMBFuncReadCoils                         0x08005c99   Thumb Code   174  mbfunccoils.o(.text)
    eMBFuncWriteCoil                         0x08005d47   Thumb Code   112  mbfunccoils.o(.text)
    eMBFuncWriteMultipleCoils                0x08005db7   Thumb Code   144  mbfunccoils.o(.text)
    eMBFuncReadDiscreteInputs                0x08005e47   Thumb Code   172  mbfuncdisc.o(.text)
    eMBFuncWriteHoldingRegister              0x08005ef3   Thumb Code    66  mbfuncholding.o(.text)
    eMBFuncWriteMultipleHoldingRegister      0x08005f35   Thumb Code   110  mbfuncholding.o(.text)
    eMBFuncReadHoldingRegister               0x08005fa3   Thumb Code   140  mbfuncholding.o(.text)
    eMBFuncReadWriteMultipleHoldingRegister  0x0800602f   Thumb Code   212  mbfuncholding.o(.text)
    eMBFuncReadInputRegister                 0x08006103   Thumb Code   140  mbfuncinput.o(.text)
    eMBSetSlaveID                            0x08006191   Thumb Code   110  mbfuncother.o(.text)
    eMBFuncReportSlaveID                     0x080061ff   Thumb Code    30  mbfuncother.o(.text)
    xMBUtilSetBits                           0x08006225   Thumb Code   104  mbutils.o(.text)
    xMBUtilGetBits                           0x0800628d   Thumb Code    42  mbutils.o(.text)
    prveMBError2Exception                    0x080062b7   Thumb Code    34  mbutils.o(.text)
    usMBCRC16                                0x08006309   Thumb Code    48  mbcrc.o(.text)
    eMBRTUInit                               0x08006341   Thumb Code    88  mbrtu.o(.text)
    eMBRTUStart                              0x08006399   Thumb Code    34  mbrtu.o(.text)
    eMBRTUStop                               0x080063bb   Thumb Code    28  mbrtu.o(.text)
    eMBRTUReceive                            0x080063d7   Thumb Code   102  mbrtu.o(.text)
    eMBRTUSend                               0x0800643d   Thumb Code   128  mbrtu.o(.text)
    xMBRTUReceiveFSM                         0x080064bd   Thumb Code   140  mbrtu.o(.text)
    xMBRTUTransmitFSM                        0x08006549   Thumb Code   116  mbrtu.o(.text)
    xMBRTUTimerT35Expired                    0x080065bd   Thumb Code    96  mbrtu.o(.text)
    eMBInit                                  0x080066bd   Thumb Code   150  mb.o(.text)
    eMBRegisterCB                            0x08006753   Thumb Code   140  mb.o(.text)
    eMBClose                                 0x080067df   Thumb Code    32  mb.o(.text)
    eMBEnable                                0x080067ff   Thumb Code    32  mb.o(.text)
    eMBDisable                               0x0800681f   Thumb Code    42  mb.o(.text)
    eMBPoll                                  0x08006849   Thumb Code   268  mb.o(.text)
    eMBRegInputCB                            0x080069b5   Thumb Code    66  port.o(.text)
    eMBRegHoldingCB                          0x080069f7   Thumb Code   138  port.o(.text)
    eMBRegCoilsCB                            0x08006a81   Thumb Code   146  port.o(.text)
    eMBRegDiscreteCB                         0x08006b13   Thumb Code    90  port.o(.text)
    xMBPortEventInit                         0x08006b85   Thumb Code    10  portevent.o(.text)
    xMBPortEventPost                         0x08006b8f   Thumb Code    16  portevent.o(.text)
    xMBPortEventGet                          0x08006b9f   Thumb Code    26  portevent.o(.text)
    vMBPortSerialEnable                      0x08006bc1   Thumb Code    68  portserial.o(.text)
    xMBPortSerialInit                        0x08006c05   Thumb Code   168  portserial.o(.text)
    xMBPortSerialPutByte                     0x08006cad   Thumb Code    16  portserial.o(.text)
    xMBPortSerialGetByte                     0x08006cbd   Thumb Code    16  portserial.o(.text)
    USART1_IRQHandler                        0x08006ce1   Thumb Code    94  portserial.o(.text)
    xMBPortTimersInit                        0x08006d51   Thumb Code   140  porttimer.o(.text)
    vMBPortTimersEnable                      0x08006ddd   Thumb Code    38  porttimer.o(.text)
    vMBPortTimersDisable                     0x08006e03   Thumb Code    38  porttimer.o(.text)
    TIM4_IRQHandler                          0x08006e33   Thumb Code    26  porttimer.o(.text)
    xMBMasterPortEventInit                   0x08006e59   Thumb Code    30  portevent_m.o(.text)
    xMBMasterPortEventPost                   0x08006e77   Thumb Code    36  portevent_m.o(.text)
    xMBMasterPortEventGet                    0x08006e9b   Thumb Code    96  portevent_m.o(.text)
    vMBMasterCBRequestScuuess                0x08006efb   Thumb Code    22  portevent_m.o(.text)
    eMBMasterWaitRequestFinish               0x08006f11   Thumb Code    66  portevent_m.o(.text)
    vMBMasterErrorCBRespondTimeout           0x08006f53   Thumb Code    28  portevent_m.o(.text)
    vMBMasterErrorCBReceiveData              0x08006f6f   Thumb Code    28  portevent_m.o(.text)
    vMBMasterErrorCBExecuteFunction          0x08006f8b   Thumb Code    28  portevent_m.o(.text)
    vMBMasterOsResInit                       0x08006fa7   Thumb Code    16  portevent_m.o(.text)
    xMBMasterRunResTake                      0x08006fb7   Thumb Code    30  portevent_m.o(.text)
    vMBMasterRunResRelease                   0x08006fd5   Thumb Code    16  portevent_m.o(.text)
    USART3_DMA_Tx_Configuration              0x08006fed   Thumb Code    86  portserial_m.o(.text)
    USART3_DMA_Rx_Configuration              0x08007043   Thumb Code    96  portserial_m.o(.text)
    xMBMasterPortSerialInit                  0x080070a3   Thumb Code   292  portserial_m.o(.text)
    vMBMasterPortSerialEnable                0x080071d1   Thumb Code    86  portserial_m.o(.text)
    vMBMasterPortClose                       0x08007227   Thumb Code    28  portserial_m.o(.text)
    xMBMasterPortSerialPutByte               0x08007243   Thumb Code    22  portserial_m.o(.text)
    xMBMasterPortSerialDMASendData           0x08007259   Thumb Code    44  portserial_m.o(.text)
    xMBMasterPortSerialGetByte               0x08007285   Thumb Code    18  portserial_m.o(.text)
    xMBMasterPortSerialDMARevData            0x08007297   Thumb Code    46  portserial_m.o(.text)
    USART3_IRQHandler                        0x080072cf   Thumb Code   182  portserial_m.o(.text)
    xMBMasterPortTimersInit                  0x080073ad   Thumb Code   124  porttimer_m.o(.text)
    vMBMasterPortTimersEnable                0x08007429   Thumb Code    54  porttimer_m.o(.text)
    vMBMasterPortTimersDisable               0x0800745f   Thumb Code    32  porttimer_m.o(.text)
    MasterTIMERExpiredISR                    0x0800747f   Thumb Code    10  porttimer_m.o(.text)
    vMBMasterPortTimersConvertDelayEnable    0x08007489   Thumb Code    48  porttimer_m.o(.text)
    vMBMasterPortTimersRespondTimeoutEnable  0x080074b9   Thumb Code    48  porttimer_m.o(.text)
    TIM2_IRQHandler                          0x080074e9   Thumb Code    26  porttimer_m.o(.text)
    eMBMasterInit                            0x08007509   Thumb Code   122  mb_m_1.o(.text)
    eMBMasterClose                           0x08007583   Thumb Code    32  mb_m_1.o(.text)
    eMBMasterEnable                          0x080075a3   Thumb Code    32  mb_m_1.o(.text)
    eMBMasterDisable                         0x080075c3   Thumb Code    42  mb_m_1.o(.text)
    ucMBMasterGetDestAddress                 0x080075ed   Thumb Code     6  mb_m_1.o(.text)
    eMBMasterGetErrorType                    0x080075f3   Thumb Code     6  mb_m_1.o(.text)
    vMBMasterSetErrorType                    0x080075f9   Thumb Code     6  mb_m_1.o(.text)
    vMBMasterSetDestAddress                  0x080075ff   Thumb Code     6  mb_m_1.o(.text)
    eMBMasterPoll                            0x08007605   Thumb Code   454  mb_m_1.o(.text)
    eMBMasterReqReadCoils                    0x0800782d   Thumb Code   102  mbfunccoils_m.o(.text)
    eMBMasterFuncReadCoils                   0x08007893   Thumb Code   152  mbfunccoils_m.o(.text)
    eMBMasterReqWriteCoil                    0x0800792b   Thumb Code   116  mbfunccoils_m.o(.text)
    eMBMasterFuncWriteCoil                   0x0800799f   Thumb Code   112  mbfunccoils_m.o(.text)
    eMBMasterReqWriteMultipleCoils           0x08007a0f   Thumb Code   192  mbfunccoils_m.o(.text)
    eMBMasterFuncWriteMultipleCoils          0x08007acf   Thumb Code   150  mbfunccoils_m.o(.text)
    eMBMasterReqReadDiscreteInputs           0x08007b65   Thumb Code   102  mbfuncdisc_m.o(.text)
    eMBMasterFuncReadDiscreteInputs          0x08007bcb   Thumb Code   150  mbfuncdisc_m.o(.text)
    eMBMasterReqWriteHoldingRegister         0x08007c61   Thumb Code   102  mbfuncholding_m.o(.text)
    eMBMasterFuncWriteHoldingRegister        0x08007cc7   Thumb Code    66  mbfuncholding_m.o(.text)
    eMBMasterReqWriteMultipleHoldingRegister 0x08007d09   Thumb Code   168  mbfuncholding_m.o(.text)
    eMBMasterFuncWriteMultipleHoldingRegister 0x08007db1   Thumb Code   114  mbfuncholding_m.o(.text)
    eMBMasterReqReadHoldingRegister          0x08007e23   Thumb Code   102  mbfuncholding_m.o(.text)
    eMBMasterFuncReadHoldingRegister         0x08007e89   Thumb Code   116  mbfuncholding_m.o(.text)
    eMBMasterReqReadWriteMultipleHoldingRegister 0x08007efd   Thumb Code   202  mbfuncholding_m.o(.text)
    eMBMasterFuncReadWriteMultipleHoldingRegister 0x08007fc7   Thumb Code   164  mbfuncholding_m.o(.text)
    eMBMasterReqReadInputRegister            0x0800806b   Thumb Code   102  mbfuncinput_m.o(.text)
    eMBMasterFuncReadInputRegister           0x080080d1   Thumb Code   114  mbfuncinput_m.o(.text)
    eMBMasterRTUInit                         0x08008145   Thumb Code    90  mbrtu_m.o(.text)
    eMBMasterRTUStart                        0x0800819f   Thumb Code    34  mbrtu_m.o(.text)
    eMBMasterRTUStop                         0x080081c1   Thumb Code    28  mbrtu_m.o(.text)
    eMBMasterRTUReceive                      0x080081dd   Thumb Code    74  mbrtu_m.o(.text)
    eMBMasterRTUSend                         0x08008227   Thumb Code   136  mbrtu_m.o(.text)
    xMBMasterRTUReceiveFSM                   0x080082af   Thumb Code    94  mbrtu_m.o(.text)
    xMBMasterRTUTransmitFSM                  0x0800830d   Thumb Code   126  mbrtu_m.o(.text)
    xMBMasterRTUTimerExpired                 0x0800838b   Thumb Code   130  mbrtu_m.o(.text)
    vMBMasterGetRTUSndBuf                    0x0800840d   Thumb Code     6  mbrtu_m.o(.text)
    vMBMasterGetPDUSndBuf                    0x08008413   Thumb Code     8  mbrtu_m.o(.text)
    vMBMasterSetPDUSndLength                 0x0800841b   Thumb Code     6  mbrtu_m.o(.text)
    usMBMasterGetPDUSndLength                0x08008421   Thumb Code     6  mbrtu_m.o(.text)
    vMBMasterSetCurTimerMode                 0x08008427   Thumb Code     6  mbrtu_m.o(.text)
    xMBMasterRequestIsBroadcast              0x0800842d   Thumb Code     6  mbrtu_m.o(.text)
    xMBMasterGetTimerT35Count                0x08008433   Thumb Code     6  mbrtu_m.o(.text)
    __aeabi_assert                           0x08008471   Thumb Code    86  assert.o(.text)
    __assert                                 0x08008471   Thumb Code     0  assert.o(.text)
    __aeabi_memcpy                           0x080084f1   Thumb Code     0  rt_memcpy_v6.o(.text)
    __rt_memcpy                              0x080084f1   Thumb Code   138  rt_memcpy_v6.o(.text)
    _memcpy_lastbytes                        0x08008557   Thumb Code     0  rt_memcpy_v6.o(.text)
    __aeabi_memclr                           0x0800857b   Thumb Code     0  rt_memclr.o(.text)
    __rt_memclr                              0x0800857b   Thumb Code    68  rt_memclr.o(.text)
    _memset                                  0x0800857f   Thumb Code     0  rt_memclr.o(.text)
    __use_two_region_memory                  0x080085bf   Thumb Code     2  heapauxi.o(.text)
    __rt_heap_escrow$2region                 0x080085c1   Thumb Code     2  heapauxi.o(.text)
    __rt_heap_expand$2region                 0x080085c3   Thumb Code     2  heapauxi.o(.text)
    __read_errno                             0x080085c5   Thumb Code    10  _rserrno.o(.text)
    __set_errno                              0x080085cf   Thumb Code    12  _rserrno.o(.text)
    abort                                    0x080085db   Thumb Code    16  abort.o(.text)
    __assert_puts                            0x080085eb   Thumb Code    20  assert_puts.o(.text)
    __aeabi_memcpy4                          0x080085ff   Thumb Code     0  rt_memcpy_w.o(.text)
    __aeabi_memcpy8                          0x080085ff   Thumb Code     0  rt_memcpy_w.o(.text)
    __rt_memcpy_w                            0x080085ff   Thumb Code   100  rt_memcpy_w.o(.text)
    _memcpy_lastbytes_aligned                0x08008647   Thumb Code     0  rt_memcpy_w.o(.text)
    __aeabi_memclr4                          0x08008663   Thumb Code     0  rt_memclr_w.o(.text)
    __aeabi_memclr8                          0x08008663   Thumb Code     0  rt_memclr_w.o(.text)
    __rt_memclr_w                            0x08008663   Thumb Code    78  rt_memclr_w.o(.text)
    _memset_w                                0x08008667   Thumb Code     0  rt_memclr_w.o(.text)
    _ttywrch                                 0x080086b1   Thumb Code    14  sys_wrch.o(.text)
    _sys_exit                                0x080086c1   Thumb Code     8  sys_exit.o(.text)
    __aeabi_errno_addr                       0x080086cd   Thumb Code     8  rt_errno_addr_intlibspace.o(.text)
    __errno$intlibspace                      0x080086cd   Thumb Code     0  rt_errno_addr_intlibspace.o(.text)
    __rt_errno_addr$intlibspace              0x080086cd   Thumb Code     0  rt_errno_addr_intlibspace.o(.text)
    __rt_SIGABRT                             0x080086d5   Thumb Code    14  defsig_abrt_outer.o(.text)
    __user_libspace                          0x080086e5   Thumb Code     8  libspace.o(.text)
    __user_perproc_libspace                  0x080086e5   Thumb Code     0  libspace.o(.text)
    __user_perthread_libspace                0x080086e5   Thumb Code     0  libspace.o(.text)
    __I$use$semihosting                      0x080086ed   Thumb Code     0  use_no_semi.o(.text)
    __use_no_semihosting_swi                 0x080086ed   Thumb Code     2  use_no_semi.o(.text)
    __semihosting_library_function           0x080086ef   Thumb Code     0  indicate_semi.o(.text)
    __user_setup_stackheap                   0x080086ef   Thumb Code    74  sys_stackheap_outer.o(.text)
    exit                                     0x08008739   Thumb Code    12  exit.o(.text)
    __sig_exit                               0x08008745   Thumb Code    10  defsig_exit.o(.text)
    __rt_SIGABRT_inner                       0x08008751   Thumb Code    14  defsig_abrt_inner.o(.text)
    __default_signal_display                 0x08008781   Thumb Code    50  defsig_general.o(.text)
    __kernel_poly                            0x080087b3   Thumb Code   170  poly.o(i.__kernel_poly)
    __mathlib_dbl_divzero                    0x0800885d   Thumb Code    12  dunder.o(i.__mathlib_dbl_divzero)
    __mathlib_dbl_infnan                     0x0800886d   Thumb Code     6  dunder.o(i.__mathlib_dbl_infnan)
    __mathlib_dbl_invalid                    0x08008873   Thumb Code    12  dunder.o(i.__mathlib_dbl_invalid)
    log                                      0x08008881   Thumb Code   808  log.o(i.log)
    __aeabi_d2f                              0x08008bdd   Thumb Code     0  d2f.o(x$fpl$d2f)
    _d2f                                     0x08008bdd   Thumb Code    98  d2f.o(x$fpl$d2f)
    __aeabi_dadd                             0x08008c41   Thumb Code     0  daddsub_clz.o(x$fpl$dadd)
    _dadd                                    0x08008c41   Thumb Code   332  daddsub_clz.o(x$fpl$dadd)
    __fpl_dcheck_NaN1                        0x08008d91   Thumb Code    10  dcheck1.o(x$fpl$dcheck1)
    __fpl_dcmp_Inf                           0x08008da1   Thumb Code    24  dcmpi.o(x$fpl$dcmpinf)
    __aeabi_ddiv                             0x08008db9   Thumb Code     0  ddiv.o(x$fpl$ddiv)
    _ddiv                                    0x08008db9   Thumb Code   552  ddiv.o(x$fpl$ddiv)
    __aeabi_cdcmpeq                          0x08009069   Thumb Code     0  deqf.o(x$fpl$deqf)
    _dcmpeq                                  0x08009069   Thumb Code   120  deqf.o(x$fpl$deqf)
    __aeabi_i2d                              0x080090e1   Thumb Code     0  dflt_clz.o(x$fpl$dflt)
    _dflt                                    0x080090e1   Thumb Code    46  dflt_clz.o(x$fpl$dflt)
    __aeabi_dmul                             0x08009111   Thumb Code     0  dmul.o(x$fpl$dmul)
    _dmul                                    0x08009111   Thumb Code   332  dmul.o(x$fpl$dmul)
    __fpl_dnaninf                            0x08009265   Thumb Code   156  dnaninf.o(x$fpl$dnaninf)
    __fpl_dretinf                            0x08009301   Thumb Code    12  dretinf.o(x$fpl$dretinf)
    __aeabi_drsub                            0x0800930d   Thumb Code     0  daddsub_clz.o(x$fpl$drsb)
    _drsb                                    0x0800930d   Thumb Code    22  daddsub_clz.o(x$fpl$drsb)
    __aeabi_dsub                             0x08009325   Thumb Code     0  daddsub_clz.o(x$fpl$dsub)
    _dsub                                    0x08009325   Thumb Code   464  daddsub_clz.o(x$fpl$dsub)
    __aeabi_f2d                              0x080094f9   Thumb Code     0  f2d.o(x$fpl$f2d)
    _f2d                                     0x080094f9   Thumb Code    86  f2d.o(x$fpl$f2d)
    __aeabi_fadd                             0x08009551   Thumb Code     0  faddsub_clz.o(x$fpl$fadd)
    _fadd                                    0x08009551   Thumb Code   196  faddsub_clz.o(x$fpl$fadd)
    __fpl_fcmp_Inf                           0x08009615   Thumb Code    24  fcmpi.o(x$fpl$fcmpinf)
    __aeabi_fdiv                             0x0800962d   Thumb Code     0  fdiv.o(x$fpl$fdiv)
    _fdiv                                    0x0800962d   Thumb Code   384  fdiv.o(x$fpl$fdiv)
    __aeabi_f2uiz                            0x080097b1   Thumb Code     0  ffixu.o(x$fpl$ffixu)
    _ffixu                                   0x080097b1   Thumb Code    62  ffixu.o(x$fpl$ffixu)
    __aeabi_i2f                              0x080097f1   Thumb Code     0  fflt_clz.o(x$fpl$fflt)
    _fflt                                    0x080097f1   Thumb Code    48  fflt_clz.o(x$fpl$fflt)
    __aeabi_ui2f                             0x08009821   Thumb Code     0  fflt_clz.o(x$fpl$ffltu)
    _ffltu                                   0x08009821   Thumb Code    38  fflt_clz.o(x$fpl$ffltu)
    __aeabi_cfcmple                          0x08009849   Thumb Code     0  fleqf.o(x$fpl$fleqf)
    _fcmple                                  0x08009849   Thumb Code   104  fleqf.o(x$fpl$fleqf)
    __fpl_fcmple_InfNaN                      0x0800989b   Thumb Code     0  fleqf.o(x$fpl$fleqf)
    __aeabi_fmul                             0x080098b1   Thumb Code     0  fmul.o(x$fpl$fmul)
    _fmul                                    0x080098b1   Thumb Code   258  fmul.o(x$fpl$fmul)
    __fpl_fnaninf                            0x080099b3   Thumb Code   140  fnaninf.o(x$fpl$fnaninf)
    __fpl_fretinf                            0x08009a3f   Thumb Code    10  fretinf.o(x$fpl$fretinf)
    __aeabi_cfrcmple                         0x08009a49   Thumb Code     0  frleqf.o(x$fpl$frleqf)
    _frcmple                                 0x08009a49   Thumb Code    98  frleqf.o(x$fpl$frleqf)
    __aeabi_fsub                             0x08009aad   Thumb Code     0  faddsub_clz.o(x$fpl$fsub)
    _fsub                                    0x08009aad   Thumb Code   234  faddsub_clz.o(x$fpl$fsub)
    __fpl_return_NaN                         0x08009b97   Thumb Code   100  retnan.o(x$fpl$retnan)
    __ARM_scalbn                             0x08009bfb   Thumb Code    92  scalbn.o(x$fpl$scalbn)
    __fpl_cmpreturn                          0x08009c57   Thumb Code    48  trapv.o(x$fpl$trapveneer)
    OSUnMapTbl                               0x08009c86   Data         256  os_core.o(.constdata)
    __I$use$fp                               0x08009c86   Number         0  usenofp.o(x$fpl$usenofp)
    __mathlib_zero                           0x08009fc0   Data           8  qnan.o(.constdata)
    Region$$Table$$Base                      0x0800a02c   Number         0  anon$$obj.o(Region$$Table)
    Region$$Table$$Limit                     0x0800a04c   Number         0  anon$$obj.o(Region$$Table)
    g_compressor_target_rpm                  0x20000000   Data           2  main.o(.data)
    g_compressor_pid_freq                    0x20000002   Data           2  main.o(.data)
    usMDiscInStart                           0x2000000c   Data           2  user_mb_app_m.o(.data)
    ucMDiscInBuf                             0x2000000e   Data           8  user_mb_app_m.o(.data)
    usMCoilStart                             0x20000016   Data           2  user_mb_app_m.o(.data)
    usMRegInStart                            0x20000018   Data           2  user_mb_app_m.o(.data)
    usMRegHoldStart                          0x2000001a   Data           2  user_mb_app_m.o(.data)
    SystemCoreClock                          0x2000001c   Data           4  system_stm32f10x.o(.data)
    AHBPrescTable                            0x20000020   Data          16  system_stm32f10x.o(.data)
    OSCtxSwCtr                               0x20000048   Data           4  os_core.o(.data)
    OSEventFreeList                          0x2000004c   Data           4  os_core.o(.data)
    OSFlagFreeList                           0x20000050   Data           4  os_core.o(.data)
    OSCPUUsage                               0x20000054   Data           1  os_core.o(.data)
    OSIdleCtrMax                             0x20000058   Data           4  os_core.o(.data)
    OSIdleCtrRun                             0x2000005c   Data           4  os_core.o(.data)
    OSStatRdy                                0x20000060   Data           1  os_core.o(.data)
    OSIntNesting                             0x20000061   Data           1  os_core.o(.data)
    OSLockNesting                            0x20000062   Data           1  os_core.o(.data)
    OSPrioCur                                0x20000063   Data           1  os_core.o(.data)
    OSPrioHighRdy                            0x20000064   Data           1  os_core.o(.data)
    OSRdyGrp                                 0x20000065   Data           1  os_core.o(.data)
    OSRdyTbl                                 0x20000066   Data           8  os_core.o(.data)
    OSRunning                                0x2000006e   Data           1  os_core.o(.data)
    OSTaskCtr                                0x2000006f   Data           1  os_core.o(.data)
    OSIdleCtr                                0x20000070   Data           4  os_core.o(.data)
    OSTCBCur                                 0x20000074   Data           4  os_core.o(.data)
    OSTCBFreeList                            0x20000078   Data           4  os_core.o(.data)
    OSTCBHighRdy                             0x2000007c   Data           4  os_core.o(.data)
    OSTCBList                                0x20000080   Data           4  os_core.o(.data)
    OSTickStepState                          0x20000084   Data           1  os_core.o(.data)
    OSQFreeList                              0x20000088   Data           4  os_core.o(.data)
    OSTime                                   0x2000008c   Data           4  os_core.o(.data)
    pxMBFrameCBByteReceived                  0x200000b8   Data           4  mb.o(.data)
    pxMBFrameCBTransmitterEmpty              0x200000bc   Data           4  mb.o(.data)
    pxMBPortCBTimerExpired                   0x200000c0   Data           4  mb.o(.data)
    pxMBFrameCBReceiveFSMCur                 0x200000c4   Data           4  mb.o(.data)
    pxMBFrameCBTransmitFSMCur                0x200000c8   Data           4  mb.o(.data)
    modbus_flag                              0x20000158   Data           4  port.o(.data)
    DMA_MasterTX_Cnt                         0x20000174   Data           2  portserial_m.o(.data)
    DMA_MasterRX_Cnt                         0x20000176   Data           2  portserial_m.o(.data)
    pxMBMasterFrameCBByteReceived            0x20000190   Data           4  mb_m_1.o(.data)
    pxMBMasterFrameCBTransmitterEmpty        0x20000194   Data           4  mb_m_1.o(.data)
    pxMBMasterPortCBTimerExpired             0x20000198   Data           4  mb_m_1.o(.data)
    pxMBMasterFrameCBReceiveFSMCur           0x2000019c   Data           4  mb_m_1.o(.data)
    pxMBMasterFrameCBTransmitFSMCur          0x200001a0   Data           4  mb_m_1.o(.data)
    sys                                      0x20000240   Data          30  main.o(.bss)
    START_TASK_STK                           0x20000260   Data         256  main.o(.bss)
    COM_INTERFACE_TASK_STK                   0x20000360   Data        1024  main.o(.bss)
    HMI_INTERFACE_TASK_STK                   0x20000760   Data        1024  main.o(.bss)
    MONITOR_TASK_STK                         0x20000b60   Data        1024  main.o(.bss)
    CONTROL_TASK_STK                         0x20000f60   Data         512  main.o(.bss)
    LED_TASK_STK                             0x20001160   Data         512  main.o(.bss)
    ucMCoilBuf                               0x20001360   Data          32  user_mb_app_m.o(.bss)
    usMRegInBuf                              0x20001380   Data          80  user_mb_app_m.o(.bss)
    usMRegHoldBuf                            0x200013d0   Data          80  user_mb_app_m.o(.bss)
    ADC_ConvertedValue                       0x20001420   Data          24  adc.o(.bss)
    OSEventTbl                               0x20001438   Data         200  os_core.o(.bss)
    OSFlagTbl                                0x20001500   Data          80  os_core.o(.bss)
    OSTaskStatStk                            0x20001550   Data         512  os_core.o(.bss)
    OSTaskIdleStk                            0x20001750   Data         512  os_core.o(.bss)
    OSTCBPrioTbl                             0x20001950   Data         256  os_core.o(.bss)
    OSTCBTbl                                 0x20001a50   Data        1008  os_core.o(.bss)
    OSQTbl                                   0x20001e40   Data         120  os_core.o(.bss)
    ucRTUBuf                                 0x20001ed8   Data         256  mbrtu.o(.bss)
    usRegHoldingBuf                          0x20001fd8   Data          60  port.o(.bss)
    USART3_DMA_RX_Buffer                     0x20002034   Data         256  portserial_m.o(.bss)
    USART3_DMA_TX_Buffer                     0x20002134   Data         256  portserial_m.o(.bss)
    __libspace_start                         0x20002434   Data          96  libspace.o(.bss)
    __temporary_stack_top$libspace           0x20002494   Data           0  libspace.o(.bss)



==============================================================================

Memory Map of the image

  Image Entry point : 0x080000ed

  Load Region LR_IROM1 (Base: 0x08000000, Size: 0x0000a28c, Max: 0x00040000, ABSOLUTE, COMPRESSED[0x0000a0d4])

    Execution Region ER_IROM1 (Exec base: 0x08000000, Load base: 0x08000000, Size: 0x0000a04c, Max: 0x00040000, ABSOLUTE)

    Exec Addr    Load Addr    Size         Type   Attr      Idx    E Section Name        Object

    0x08000000   0x08000000   0x000000ec   Data   RO          238    RESET               startup_stm32f10x_md.o
    0x080000ec   0x080000ec   0x00000008   Code   RO         1024  * !!!main             c_w.l(__main.o)
    0x080000f4   0x080000f4   0x00000034   Code   RO         1299    !!!scatter          c_w.l(__scatter.o)
    0x08000128   0x08000128   0x0000005a   Code   RO         1297    !!dczerorl2         c_w.l(__dczerorl2.o)
    0x08000182   0x08000182   0x00000002   PAD
    0x08000184   0x08000184   0x0000001c   Code   RO         1301    !!handler_zi        c_w.l(__scatter_zi.o)
    0x080001a0   0x080001a0   0x00000002   Code   RO         1180    .ARM.Collect$$libinit$$00000000  c_w.l(libinit.o)
    0x080001a2   0x080001a2   0x00000000   Code   RO         1190    .ARM.Collect$$libinit$$00000002  c_w.l(libinit2.o)
    0x080001a2   0x080001a2   0x00000000   Code   RO         1192    .ARM.Collect$$libinit$$00000004  c_w.l(libinit2.o)
    0x080001a2   0x080001a2   0x00000000   Code   RO         1195    .ARM.Collect$$libinit$$0000000A  c_w.l(libinit2.o)
    0x080001a2   0x080001a2   0x00000000   Code   RO         1197    .ARM.Collect$$libinit$$0000000C  c_w.l(libinit2.o)
    0x080001a2   0x080001a2   0x00000000   Code   RO         1199    .ARM.Collect$$libinit$$0000000E  c_w.l(libinit2.o)
    0x080001a2   0x080001a2   0x00000000   Code   RO         1202    .ARM.Collect$$libinit$$00000011  c_w.l(libinit2.o)
    0x080001a2   0x080001a2   0x00000000   Code   RO         1204    .ARM.Collect$$libinit$$00000013  c_w.l(libinit2.o)
    0x080001a2   0x080001a2   0x00000000   Code   RO         1206    .ARM.Collect$$libinit$$00000015  c_w.l(libinit2.o)
    0x080001a2   0x080001a2   0x00000000   Code   RO         1208    .ARM.Collect$$libinit$$00000017  c_w.l(libinit2.o)
    0x080001a2   0x080001a2   0x00000000   Code   RO         1210    .ARM.Collect$$libinit$$00000019  c_w.l(libinit2.o)
    0x080001a2   0x080001a2   0x00000000   Code   RO         1212    .ARM.Collect$$libinit$$0000001B  c_w.l(libinit2.o)
    0x080001a2   0x080001a2   0x00000000   Code   RO         1214    .ARM.Collect$$libinit$$0000001D  c_w.l(libinit2.o)
    0x080001a2   0x080001a2   0x00000000   Code   RO         1216    .ARM.Collect$$libinit$$0000001F  c_w.l(libinit2.o)
    0x080001a2   0x080001a2   0x00000000   Code   RO         1218    .ARM.Collect$$libinit$$00000021  c_w.l(libinit2.o)
    0x080001a2   0x080001a2   0x00000000   Code   RO         1220    .ARM.Collect$$libinit$$00000023  c_w.l(libinit2.o)
    0x080001a2   0x080001a2   0x00000000   Code   RO         1222    .ARM.Collect$$libinit$$00000025  c_w.l(libinit2.o)
    0x080001a2   0x080001a2   0x00000000   Code   RO         1226    .ARM.Collect$$libinit$$0000002C  c_w.l(libinit2.o)
    0x080001a2   0x080001a2   0x00000000   Code   RO         1228    .ARM.Collect$$libinit$$0000002E  c_w.l(libinit2.o)
    0x080001a2   0x080001a2   0x00000000   Code   RO         1230    .ARM.Collect$$libinit$$00000030  c_w.l(libinit2.o)
    0x080001a2   0x080001a2   0x00000000   Code   RO         1232    .ARM.Collect$$libinit$$00000032  c_w.l(libinit2.o)
    0x080001a2   0x080001a2   0x00000002   Code   RO         1233    .ARM.Collect$$libinit$$00000033  c_w.l(libinit2.o)
    0x080001a4   0x080001a4   0x00000002   Code   RO         1271    .ARM.Collect$$libshutdown$$00000000  c_w.l(libshutdown.o)
    0x080001a6   0x080001a6   0x00000000   Code   RO         1282    .ARM.Collect$$libshutdown$$00000003  c_w.l(libshutdown2.o)
    0x080001a6   0x080001a6   0x00000000   Code   RO         1285    .ARM.Collect$$libshutdown$$00000006  c_w.l(libshutdown2.o)
    0x080001a6   0x080001a6   0x00000000   Code   RO         1288    .ARM.Collect$$libshutdown$$00000009  c_w.l(libshutdown2.o)
    0x080001a6   0x080001a6   0x00000000   Code   RO         1290    .ARM.Collect$$libshutdown$$0000000B  c_w.l(libshutdown2.o)
    0x080001a6   0x080001a6   0x00000000   Code   RO         1293    .ARM.Collect$$libshutdown$$0000000E  c_w.l(libshutdown2.o)
    0x080001a6   0x080001a6   0x00000002   Code   RO         1294    .ARM.Collect$$libshutdown$$0000000F  c_w.l(libshutdown2.o)
    0x080001a8   0x080001a8   0x00000000   Code   RO         1070    .ARM.Collect$$rtentry$$00000000  c_w.l(__rtentry.o)
    0x080001a8   0x080001a8   0x00000000   Code   RO         1132    .ARM.Collect$$rtentry$$00000002  c_w.l(__rtentry2.o)
    0x080001a8   0x080001a8   0x00000006   Code   RO         1144    .ARM.Collect$$rtentry$$00000004  c_w.l(__rtentry4.o)
    0x080001ae   0x080001ae   0x00000000   Code   RO         1134    .ARM.Collect$$rtentry$$00000009  c_w.l(__rtentry2.o)
    0x080001ae   0x080001ae   0x00000004   Code   RO         1135    .ARM.Collect$$rtentry$$0000000A  c_w.l(__rtentry2.o)
    0x080001b2   0x080001b2   0x00000000   Code   RO         1137    .ARM.Collect$$rtentry$$0000000C  c_w.l(__rtentry2.o)
    0x080001b2   0x080001b2   0x00000008   Code   RO         1138    .ARM.Collect$$rtentry$$0000000D  c_w.l(__rtentry2.o)
    0x080001ba   0x080001ba   0x00000002   Code   RO         1183    .ARM.Collect$$rtexit$$00000000  c_w.l(rtexit.o)
    0x080001bc   0x080001bc   0x00000000   Code   RO         1237    .ARM.Collect$$rtexit$$00000002  c_w.l(rtexit2.o)
    0x080001bc   0x080001bc   0x00000004   Code   RO         1238    .ARM.Collect$$rtexit$$00000003  c_w.l(rtexit2.o)
    0x080001c0   0x080001c0   0x00000006   Code   RO         1239    .ARM.Collect$$rtexit$$00000004  c_w.l(rtexit2.o)
    0x080001c6   0x080001c6   0x00000002   PAD
    0x080001c8   0x080001c8   0x0000055c   Code   RO            1    .text               main.o
    0x08000724   0x08000724   0x00000348   Code   RO          169    .text               user_mb_app_m.o
    0x08000a6c   0x08000a6c   0x000001e0   Code   RO          188    .text               system_stm32f10x.o
    0x08000c4c   0x08000c4c   0x00000040   Code   RO          239    .text               startup_stm32f10x_md.o
    0x08000c8c   0x08000c8c   0x000000dc   Code   RO          243    .text               misc.o
    0x08000d68   0x08000d68   0x0000035c   Code   RO          255    .text               stm32f10x_gpio.o
    0x080010c4   0x080010c4   0x000003a4   Code   RO          267    .text               stm32f10x_rcc.o
    0x08001468   0x08001468   0x00000408   Code   RO          281    .text               stm32f10x_usart.o
    0x08001870   0x08001870   0x00000e1a   Code   RO          293    .text               stm32f10x_tim.o
    0x0800268a   0x0800268a   0x00000002   PAD
    0x0800268c   0x0800268c   0x0000044e   Code   RO          305    .text               stm32f10x_adc.o
    0x08002ada   0x08002ada   0x00000002   PAD
    0x08002adc   0x08002adc   0x0000018c   Code   RO          317    .text               stm32f10x_dac.o
    0x08002c68   0x08002c68   0x00000254   Code   RO          329    .text               stm32f10x_dma.o
    0x08002ebc   0x08002ebc   0x000000cc   Code   RO          341    .text               stm32f10x_pwr.o
    0x08002f88   0x08002f88   0x0000011c   Code   RO          353    .text               stm32f10x_exti.o
    0x080030a4   0x080030a4   0x00000120   Code   RO          365    .text               delay.o
    0x080031c4   0x080031c4   0x0000000c   Code   RO          379    .text               sys.o
    0x080031d0   0x080031d0   0x000001b4   Code   RO          391    .text               gpio.o
    0x08003384   0x08003384   0x000001c8   Code   RO          415    .text               adc.o
    0x0800354c   0x0800354c   0x000000b8   Code   RO          430    .text               dac.o
    0x08003604   0x08003604   0x00000890   Code   RO          454    .text               os_core.o
    0x08003e94   0x08003e94   0x0000080c   Code   RO          474    .text               os_flag.o
    0x080046a0   0x080046a0   0x000005e8   Code   RO          516    .text               os_q.o
    0x08004c88   0x08004c88   0x0000038c   Code   RO          528    .text               os_sem.o
    0x08005014   0x08005014   0x000007c4   Code   RO          540    .text               os_task.o
    0x080057d8   0x080057d8   0x000001b0   Code   RO          552    .text               os_time.o
    0x08005988   0x08005988   0x000000ae   Code   RO          570    .text               os_cpu_c.o
    0x08005a36   0x08005a36   0x00000002   PAD
    0x08005a38   0x08005a38   0x000000b4   Code   RO          601    .text               os_cpu_a.o
    0x08005aec   0x08005aec   0x000001ac   Code   RO          616    .text               temp_ctrl.o
    0x08005c98   0x08005c98   0x000001ae   Code   RO          650    .text               mbfunccoils.o
    0x08005e46   0x08005e46   0x000000ac   Code   RO          665    .text               mbfuncdisc.o
    0x08005ef2   0x08005ef2   0x00000210   Code   RO          677    .text               mbfuncholding.o
    0x08006102   0x08006102   0x0000008c   Code   RO          689    .text               mbfuncinput.o
    0x0800618e   0x0800618e   0x00000002   PAD
    0x08006190   0x08006190   0x00000094   Code   RO          701    .text               mbfuncother.o
    0x08006224   0x08006224   0x000000e4   Code   RO          716    .text               mbutils.o
    0x08006308   0x08006308   0x00000038   Code   RO          728    .text               mbcrc.o
    0x08006340   0x08006340   0x0000037c   Code   RO          746    .text               mbrtu.o
    0x080066bc   0x080066bc   0x000002f8   Code   RO          779    .text               mb.o
    0x080069b4   0x080069b4   0x000001d0   Code   RO          801    .text               port.o
    0x08006b84   0x08006b84   0x0000003c   Code   RO          827    .text               portevent.o
    0x08006bc0   0x08006bc0   0x00000190   Code   RO          852    .text               portserial.o
    0x08006d50   0x08006d50   0x00000108   Code   RO          864    .text               porttimer.o
    0x08006e58   0x08006e58   0x00000194   Code   RO          876    .text               portevent_m.o
    0x08006fec   0x08006fec   0x000003c0   Code   RO          901    .text               portserial_m.o
    0x080073ac   0x080073ac   0x0000015c   Code   RO          917    .text               porttimer_m.o
    0x08007508   0x08007508   0x00000324   Code   RO          929    .text               mb_m_1.o
    0x0800782c   0x0800782c   0x00000338   Code   RO          951    .text               mbfunccoils_m.o
    0x08007b64   0x08007b64   0x000000fc   Code   RO          963    .text               mbfuncdisc_m.o
    0x08007c60   0x08007c60   0x0000040a   Code   RO          975    .text               mbfuncholding_m.o
    0x0800806a   0x0800806a   0x000000d8   Code   RO          987    .text               mbfuncinput_m.o
    0x08008142   0x08008142   0x00000002   PAD
    0x08008144   0x08008144   0x0000032c   Code   RO          999    .text               mbrtu_m.o
    0x08008470   0x08008470   0x00000080   Code   RO         1016    .text               c_w.l(assert.o)
    0x080084f0   0x080084f0   0x0000008a   Code   RO         1018    .text               c_w.l(rt_memcpy_v6.o)
    0x0800857a   0x0800857a   0x00000044   Code   RO         1020    .text               c_w.l(rt_memclr.o)
    0x080085be   0x080085be   0x00000006   Code   RO         1022    .text               c_w.l(heapauxi.o)
    0x080085c4   0x080085c4   0x00000016   Code   RO         1071    .text               c_w.l(_rserrno.o)
    0x080085da   0x080085da   0x00000010   Code   RO         1073    .text               c_w.l(abort.o)
    0x080085ea   0x080085ea   0x00000014   Code   RO         1075    .text               c_w.l(assert_puts.o)
    0x080085fe   0x080085fe   0x00000064   Code   RO         1077    .text               c_w.l(rt_memcpy_w.o)
    0x08008662   0x08008662   0x0000004e   Code   RO         1079    .text               c_w.l(rt_memclr_w.o)
    0x080086b0   0x080086b0   0x0000000e   Code   RO         1127    .text               c_w.l(sys_wrch.o)
    0x080086be   0x080086be   0x00000002   PAD
    0x080086c0   0x080086c0   0x0000000c   Code   RO         1129    .text               c_w.l(sys_exit.o)
    0x080086cc   0x080086cc   0x00000008   Code   RO         1149    .text               c_w.l(rt_errno_addr_intlibspace.o)
    0x080086d4   0x080086d4   0x0000000e   Code   RO         1151    .text               c_w.l(defsig_abrt_outer.o)
    0x080086e2   0x080086e2   0x00000002   PAD
    0x080086e4   0x080086e4   0x00000008   Code   RO         1159    .text               c_w.l(libspace.o)
    0x080086ec   0x080086ec   0x00000002   Code   RO         1162    .text               c_w.l(use_no_semi.o)
    0x080086ee   0x080086ee   0x00000000   Code   RO         1164    .text               c_w.l(indicate_semi.o)
    0x080086ee   0x080086ee   0x0000004a   Code   RO         1165    .text               c_w.l(sys_stackheap_outer.o)
    0x08008738   0x08008738   0x0000000c   Code   RO         1169    .text               c_w.l(exit.o)
    0x08008744   0x08008744   0x0000000a   Code   RO         1171    .text               c_w.l(defsig_exit.o)
    0x0800874e   0x0800874e   0x00000002   PAD
    0x08008750   0x08008750   0x00000030   Code   RO         1173    .text               c_w.l(defsig_abrt_inner.o)
    0x08008780   0x08008780   0x00000032   Code   RO         1187    .text               c_w.l(defsig_general.o)
    0x080087b2   0x080087b2   0x000000aa   Code   RO         1124    i.__kernel_poly     m_ws.l(poly.o)
    0x0800885c   0x0800885c   0x00000010   Code   RO         1110    i.__mathlib_dbl_divzero  m_ws.l(dunder.o)
    0x0800886c   0x0800886c   0x00000006   Code   RO         1111    i.__mathlib_dbl_infnan  m_ws.l(dunder.o)
    0x08008872   0x08008872   0x0000000c   Code   RO         1113    i.__mathlib_dbl_invalid  m_ws.l(dunder.o)
    0x0800887e   0x0800887e   0x00000002   PAD
    0x08008880   0x08008880   0x0000035c   Code   RO         1061    i.log               m_ws.l(log.o)
    0x08008bdc   0x08008bdc   0x00000062   Code   RO         1026    x$fpl$d2f           fz_ws.l(d2f.o)
    0x08008c3e   0x08008c3e   0x00000002   PAD
    0x08008c40   0x08008c40   0x00000150   Code   RO         1081    x$fpl$dadd          fz_ws.l(daddsub_clz.o)
    0x08008d90   0x08008d90   0x00000010   Code   RO         1155    x$fpl$dcheck1       fz_ws.l(dcheck1.o)
    0x08008da0   0x08008da0   0x00000018   Code   RO         1157    x$fpl$dcmpinf       fz_ws.l(dcmpi.o)
    0x08008db8   0x08008db8   0x000002b0   Code   RO         1029    x$fpl$ddiv          fz_ws.l(ddiv.o)
    0x08009068   0x08009068   0x00000078   Code   RO         1087    x$fpl$deqf          fz_ws.l(deqf.o)
    0x080090e0   0x080090e0   0x0000002e   Code   RO         1090    x$fpl$dflt          fz_ws.l(dflt_clz.o)
    0x0800910e   0x0800910e   0x00000002   PAD
    0x08009110   0x08009110   0x00000154   Code   RO         1095    x$fpl$dmul          fz_ws.l(dmul.o)
    0x08009264   0x08009264   0x0000009c   Code   RO         1097    x$fpl$dnaninf       fz_ws.l(dnaninf.o)
    0x08009300   0x08009300   0x0000000c   Code   RO         1099    x$fpl$dretinf       fz_ws.l(dretinf.o)
    0x0800930c   0x0800930c   0x00000016   Code   RO         1082    x$fpl$drsb          fz_ws.l(daddsub_clz.o)
    0x08009322   0x08009322   0x00000002   PAD
    0x08009324   0x08009324   0x000001d4   Code   RO         1083    x$fpl$dsub          fz_ws.l(daddsub_clz.o)
    0x080094f8   0x080094f8   0x00000056   Code   RO         1032    x$fpl$f2d           fz_ws.l(f2d.o)
    0x0800954e   0x0800954e   0x00000002   PAD
    0x08009550   0x08009550   0x000000c4   Code   RO         1034    x$fpl$fadd          fz_ws.l(faddsub_clz.o)
    0x08009614   0x08009614   0x00000018   Code   RO         1101    x$fpl$fcmpinf       fz_ws.l(fcmpi.o)
    0x0800962c   0x0800962c   0x00000184   Code   RO         1041    x$fpl$fdiv          fz_ws.l(fdiv.o)
    0x080097b0   0x080097b0   0x0000003e   Code   RO         1044    x$fpl$ffixu         fz_ws.l(ffixu.o)
    0x080097ee   0x080097ee   0x00000002   PAD
    0x080097f0   0x080097f0   0x00000030   Code   RO         1049    x$fpl$fflt          fz_ws.l(fflt_clz.o)
    0x08009820   0x08009820   0x00000026   Code   RO         1048    x$fpl$ffltu         fz_ws.l(fflt_clz.o)
    0x08009846   0x08009846   0x00000002   PAD
    0x08009848   0x08009848   0x00000068   Code   RO         1054    x$fpl$fleqf         fz_ws.l(fleqf.o)
    0x080098b0   0x080098b0   0x00000102   Code   RO         1056    x$fpl$fmul          fz_ws.l(fmul.o)
    0x080099b2   0x080099b2   0x0000008c   Code   RO         1103    x$fpl$fnaninf       fz_ws.l(fnaninf.o)
    0x08009a3e   0x08009a3e   0x0000000a   Code   RO         1105    x$fpl$fretinf       fz_ws.l(fretinf.o)
    0x08009a48   0x08009a48   0x00000062   Code   RO         1058    x$fpl$frleqf        fz_ws.l(frleqf.o)
    0x08009aaa   0x08009aaa   0x00000002   PAD
    0x08009aac   0x08009aac   0x000000ea   Code   RO         1036    x$fpl$fsub          fz_ws.l(faddsub_clz.o)
    0x08009b96   0x08009b96   0x00000064   Code   RO         1181    x$fpl$retnan        fz_ws.l(retnan.o)
    0x08009bfa   0x08009bfa   0x0000005c   Code   RO         1107    x$fpl$scalbn        fz_ws.l(scalbn.o)
    0x08009c56   0x08009c56   0x00000030   Code   RO         1234    x$fpl$trapveneer    fz_ws.l(trapv.o)
    0x08009c86   0x08009c86   0x00000000   Code   RO         1109    x$fpl$usenofp       fz_ws.l(usenofp.o)
    0x08009c86   0x08009c86   0x00000100   Data   RO          456    .constdata          os_core.o
    0x08009d86   0x08009d86   0x00000200   Data   RO          729    .constdata          mbcrc.o
    0x08009f86   0x08009f86   0x00000002   PAD
    0x08009f88   0x08009f88   0x00000038   Data   RO         1062    .constdata          m_ws.l(log.o)
    0x08009fc0   0x08009fc0   0x00000008   Data   RO         1126    .constdata          m_ws.l(qnan.o)
    0x08009fc8   0x08009fc8   0x00000063   Data   RO          748    .conststring        mbrtu.o
    0x0800a02b   0x0800a02b   0x00000001   PAD
    0x0800a02c   0x0800a02c   0x00000020   Data   RO         1295    Region$$Table       anon$$obj.o


    Execution Region RW_IRAM1 (Exec base: 0x20000000, Load base: 0x0800a04c, Size: 0x00002e98, Max: 0x0000c000, ABSOLUTE, COMPRESSED[0x00000088])

    Exec Addr    Load Addr    Size         Type   Attr      Idx    E Section Name        Object

    0x20000000   COMPRESSED   0x0000000c   Data   RW            4    .data               main.o
    0x2000000c   COMPRESSED   0x00000010   Data   RW          171    .data               user_mb_app_m.o
    0x2000001c   COMPRESSED   0x00000014   Data   RW          189    .data               system_stm32f10x.o
    0x20000030   COMPRESSED   0x00000014   Data   RW          268    .data               stm32f10x_rcc.o
    0x20000044   COMPRESSED   0x00000004   Data   RW          366    .data               delay.o
    0x20000048   COMPRESSED   0x00000048   Data   RW          457    .data               os_core.o
    0x20000090   COMPRESSED   0x00000002   Data   RW          703    .data               mbfuncother.o
    0x20000092   COMPRESSED   0x00000002   PAD
    0x20000094   COMPRESSED   0x0000000c   Data   RW          749    .data               mbrtu.o
    0x200000a0   COMPRESSED   0x000000b5   Data   RW          780    .data               mb.o
    0x20000155   COMPRESSED   0x00000003   PAD
    0x20000158   COMPRESSED   0x00000010   Data   RW          803    .data               port.o
    0x20000168   COMPRESSED   0x00000002   Data   RW          828    .data               portevent.o
    0x2000016a   COMPRESSED   0x00000002   PAD
    0x2000016c   COMPRESSED   0x00000008   Data   RW          877    .data               portevent_m.o
    0x20000174   COMPRESSED   0x00000004   Data   RW          903    .data               portserial_m.o
    0x20000178   COMPRESSED   0x000000b5   Data   RW          930    .data               mb_m_1.o
    0x2000022d   COMPRESSED   0x00000003   PAD
    0x20000230   COMPRESSED   0x00000010   Data   RW         1001    .data               mbrtu_m.o
    0x20000240        -       0x00001120   Zero   RW            2    .bss                main.o
    0x20001360        -       0x000000c0   Zero   RW          170    .bss                user_mb_app_m.o
    0x20001420        -       0x00000018   Zero   RW          416    .bss                adc.o
    0x20001438        -       0x00000a80   Zero   RW          455    .bss                os_core.o
    0x20001eb8        -       0x00000020   Zero   RW          702    .bss                mbfuncother.o
    0x20001ed8        -       0x00000100   Zero   RW          747    .bss                mbrtu.o
    0x20001fd8        -       0x0000005c   Zero   RW          802    .bss                port.o
    0x20002034        -       0x00000200   Zero   RW          902    .bss                portserial_m.o
    0x20002234        -       0x000001fd   Zero   RW         1000    .bss                mbrtu_m.o
    0x20002431   COMPRESSED   0x00000003   PAD
    0x20002434        -       0x00000060   Zero   RW         1160    .bss                c_w.l(libspace.o)
    0x20002494   COMPRESSED   0x00000004   PAD
    0x20002498        -       0x00000200   Zero   RW          237    HEAP                startup_stm32f10x_md.o
    0x20002698        -       0x00000800   Zero   RW          236    STACK               startup_stm32f10x_md.o


==============================================================================

Image component sizes


      Code (inc. data)   RO Data    RW Data    ZI Data      Debug   Object Name

       456         20          0          0         24       1945   adc.o
         0          0          0          0          0         32   core_cm3.o
       184         14          0          0          0        785   dac.o
       288         20          0          4          0       1781   delay.o
       436         20          0          0          0        992   gpio.o
      1372        102          0         12       4384     300074   main.o
       760         96          0        181          0       5045   mb.o
       804         98          0        181          0       6114   mb_m_1.o
        56          8        512          0          0       2462   mbcrc.o
       430          0          0          0          0       2982   mbfunccoils.o
       824          0          0          0          0       4947   mbfunccoils_m.o
       172          0          0          0          0       1588   mbfuncdisc.o
       252          0          0          0          0       2173   mbfuncdisc_m.o
       528          0          0          0          0       3821   mbfuncholding.o
      1034          0          0          0          0       6604   mbfuncholding_m.o
       140          0          0          0          0       1539   mbfuncinput.o
       216          0          0          0          0       2135   mbfuncinput_m.o
       148          8          0          2         32       1773   mbfuncother.o
       892        154         99         12        256      18916   mbrtu.o
       812         50          0         16        509       5345   mbrtu_m.o
       228         48          0          0          0       1890   mbutils.o
       220         22          0          0          0       1849   misc.o
      2192        218        256         72       2688      14951   os_core.o
       180         36          0          0          0        348   os_cpu_a.o
       174          0          0          0          0      10514   os_cpu_c.o
      2060         42          0          0          0       6836   os_flag.o
      1512         30          0          0          0       5565   os_q.o
       908         18          0          0          0       3906   os_sem.o
      1988         70          0          0          0       7493   os_task.o
       432         30          0          0          0       1798   os_time.o
       464         24          0         16         92       4237   port.o
        60          8          0          2          0       4148   portevent.o
       404          8          0          8          0       8036   portevent_m.o
       400         18          0          0          0       2284   portserial.o
       960         40          0          4        512       4266   portserial_m.o
       264         12          0          0          0       1257   porttimer.o
       348          6          0          0          0       1759   porttimer_m.o
        64         26        236          0       2560        816   startup_stm32f10x_md.o
      1102         26          0          0          0      10885   stm32f10x_adc.o
       396          6          0          0          0       3702   stm32f10x_dac.o
       596          8          0          0          0       4378   stm32f10x_dma.o
       284         10          0          0          0       2283   stm32f10x_exti.o
       860         38          0          0          0       5697   stm32f10x_gpio.o
       204         14          0          0          0       1943   stm32f10x_pwr.o
       932         36          0         20          0       8896   stm32f10x_rcc.o
      3610         88          0          0          0      22180   stm32f10x_tim.o
      1032         22          0          0          0       8420   stm32f10x_usart.o
        12          0          0          0          0        477   sys.o
       480         38          0         20          0       1815   system_stm32f10x.o
       428         10          0          0          0       1980   temp_ctrl.o
       840         32          0         16        192       3745   user_mb_app_m.o

    ----------------------------------------------------------------------
     33448       1574       1138        576      11252     529407   Object Totals
         0          0         32          0          0          0   (incl. Generated)
        10          0          3         10          3          0   (incl. Padding)

    ----------------------------------------------------------------------

      Code (inc. data)   RO Data    RW Data    ZI Data      Debug   Library Member Name

        90          0          0          0          0          0   __dczerorl2.o
         8          0          0          0          0         68   __main.o
         0          0          0          0          0          0   __rtentry.o
        12          0          0          0          0          0   __rtentry2.o
         6          0          0          0          0          0   __rtentry4.o
        52          8          0          0          0          0   __scatter.o
        28          0          0          0          0          0   __scatter_zi.o
        22          0          0          0          0        100   _rserrno.o
        16          0          0          0          0         72   abort.o
       128         42          0          0          0         76   assert.o
        20          0          0          0          0         76   assert_puts.o
        48         34          0          0          0         76   defsig_abrt_inner.o
        14          0          0          0          0         80   defsig_abrt_outer.o
        10          0          0          0          0         68   defsig_exit.o
        50          0          0          0          0         88   defsig_general.o
        12          0          0          0          0         72   exit.o
         6          0          0          0          0        152   heapauxi.o
         0          0          0          0          0          0   indicate_semi.o
         2          0          0          0          0          0   libinit.o
         2          0          0          0          0          0   libinit2.o
         2          0          0          0          0          0   libshutdown.o
         2          0          0          0          0          0   libshutdown2.o
         8          4          0          0         96         68   libspace.o
         8          4          0          0          0         68   rt_errno_addr_intlibspace.o
        68          0          0          0          0         68   rt_memclr.o
        78          0          0          0          0         80   rt_memclr_w.o
       138          0          0          0          0         68   rt_memcpy_v6.o
       100          0          0          0          0         80   rt_memcpy_w.o
         2          0          0          0          0          0   rtexit.o
        10          0          0          0          0          0   rtexit2.o
        12          4          0          0          0         68   sys_exit.o
        74          0          0          0          0         80   sys_stackheap_outer.o
        14          0          0          0          0         76   sys_wrch.o
         2          0          0          0          0         68   use_no_semi.o
        98          4          0          0          0         92   d2f.o
       826         16          0          0          0        348   daddsub_clz.o
        16          4          0          0          0         68   dcheck1.o
        24          0          0          0          0         68   dcmpi.o
       688        140          0          0          0        208   ddiv.o
       120          4          0          0          0         92   deqf.o
        46          0          0          0          0         68   dflt_clz.o
       340         12          0          0          0        104   dmul.o
       156          4          0          0          0         92   dnaninf.o
        12          0          0          0          0         68   dretinf.o
        86          4          0          0          0         84   f2d.o
       430          8          0          0          0        168   faddsub_clz.o
        24          0          0          0          0         68   fcmpi.o
       388         76          0          0          0         96   fdiv.o
        62          4          0          0          0         84   ffixu.o
        86          0          0          0          0        136   fflt_clz.o
       104          4          0          0          0         84   fleqf.o
       258          4          0          0          0         84   fmul.o
       140          4          0          0          0         84   fnaninf.o
        10          0          0          0          0         68   fretinf.o
        98          0          0          0          0         68   frleqf.o
       100          0          0          0          0         68   retnan.o
        92          0          0          0          0         68   scalbn.o
        48          0          0          0          0         68   trapv.o
         0          0          0          0          0          0   usenofp.o
        34          4          0          0          0        204   dunder.o
       860         52         56          0          0        256   log.o
       170          0          0          0          0         96   poly.o
         0          0          8          0          0          0   qnan.o

    ----------------------------------------------------------------------
      6386        440         64          0        100       4644   Library Totals
        26          0          0          0          4          0   (incl. Padding)

    ----------------------------------------------------------------------

      Code (inc. data)   RO Data    RW Data    ZI Data      Debug   Library Name

      1044         96          0          0         96       1652   c_w.l
      4252        288          0          0          0       2436   fz_ws.l
      1064         56         64          0          0        556   m_ws.l

    ----------------------------------------------------------------------
      6386        440         64          0        100       4644   Library Totals

    ----------------------------------------------------------------------

==============================================================================


      Code (inc. data)   RO Data    RW Data    ZI Data      Debug   

     39834       2014       1202        576      11352     527339   Grand Totals
     39834       2014       1202        136      11352     527339   ELF Image Totals (compressed)
     39834       2014       1202        136          0          0   ROM Totals

==============================================================================

    Total RO  Size (Code + RO Data)                41036 (  40.07kB)
    Total RW  Size (RW Data + ZI Data)             11928 (  11.65kB)
    Total ROM Size (Code + RO Data + RW Data)      41172 (  40.21kB)

==============================================================================

