Component: ARM Compiler 5.05 update 1 (build 106) Tool: armlink [4d0efa]

==============================================================================

Section Cross References

    main.o(.text) refers to rt_memclr.o(.text) for __aeabi_memclr
    main.o(.text) refers to fdiv.o(x$fpl$fdiv) for __aeabi_fdiv
    main.o(.text) refers to f2d.o(x$fpl$f2d) for __aeabi_f2d
    main.o(.text) refers to log.o(i.log) for log
    main.o(.text) refers to d2f.o(x$fpl$d2f) for __aeabi_d2f
    main.o(.text) refers to faddsub_clz.o(x$fpl$fadd) for __aeabi_fadd
    main.o(.text) refers to faddsub_clz.o(x$fpl$fsub) for __aeabi_fsub
    main.o(.text) refers to stm32f10x_gpio.o(.text) for GPIO_SetBits
    main.o(.text) refers to delay.o(.text) for delay_ms
    main.o(.text) refers to stm32f10x_rcc.o(.text) for RCC_APB1PeriphClockCmd
    main.o(.text) refers to stm32f10x_tim.o(.text) for TIM_TimeBaseInit
    main.o(.text) refers to ffixu.o(x$fpl$ffixu) for __aeabi_f2uiz
    main.o(.text) refers to dac.o(.text) for DAC1_Set_Vol
    main.o(.text) refers to adc.o(.text) for Get_Adc
    main.o(.text) refers to fflt_clz.o(x$fpl$ffltu) for __aeabi_ui2f
    main.o(.text) refers to ffix.o(x$fpl$ffix) for __aeabi_f2iz
    main.o(.text) refers to fflt_clz.o(x$fpl$fflt) for __aeabi_i2f
    main.o(.text) refers to mb.o(.text) for eMBInit
    main.o(.text) refers to os_cpu_a.o(.text) for OS_CPU_SR_Save
    main.o(.text) refers to os_task.o(.text) for OSTaskCreate
    main.o(.text) refers to main.o(.bss) for sys
    main.o(.text) refers to port.o(.bss) for usRegHoldingBuf
    main.o(.text) refers to main.o(.data) for delay
    main.o(.text) refers to sys.o(.text) for NVIC_Configuration
    main.o(.text) refers to gpio.o(.text) for PVD_Config
    main.o(.text) refers to os_core.o(.text) for OSInit
    user_mb_app_m.o(.text) refers to mb_m_1.o(.text) for ucMBMasterGetDestAddress
    user_mb_app_m.o(.text) refers to mbutils.o(.text) for xMBUtilGetBits
    user_mb_app_m.o(.text) refers to user_mb_app_m.o(.bss) for usMRegInBuf
    user_mb_app_m.o(.text) refers to user_mb_app_m.o(.data) for usMRegInStart
    system_stm32f10x.o(.text) refers to system_stm32f10x.o(.data) for SystemCoreClock
    startup_stm32f10x_md.o(STACK) refers (Special) to heapauxi.o(.text) for __use_two_region_memory
    startup_stm32f10x_md.o(HEAP) refers (Special) to heapauxi.o(.text) for __use_two_region_memory
    startup_stm32f10x_md.o(RESET) refers (Special) to heapauxi.o(.text) for __use_two_region_memory
    startup_stm32f10x_md.o(RESET) refers to startup_stm32f10x_md.o(STACK) for __initial_sp
    startup_stm32f10x_md.o(RESET) refers to startup_stm32f10x_md.o(.text) for Reset_Handler
    startup_stm32f10x_md.o(RESET) refers to os_cpu_a.o(.text) for PendSV_Handler
    startup_stm32f10x_md.o(RESET) refers to delay.o(.text) for SysTick_Handler
    startup_stm32f10x_md.o(RESET) refers to gpio.o(.text) for PVD_IRQHandler
    startup_stm32f10x_md.o(RESET) refers to porttimer_m.o(.text) for TIM2_IRQHandler
    startup_stm32f10x_md.o(RESET) refers to porttimer.o(.text) for TIM4_IRQHandler
    startup_stm32f10x_md.o(RESET) refers to portserial.o(.text) for USART1_IRQHandler
    startup_stm32f10x_md.o(RESET) refers to portserial_m.o(.text) for USART3_IRQHandler
    startup_stm32f10x_md.o(.text) refers (Special) to heapauxi.o(.text) for __use_two_region_memory
    startup_stm32f10x_md.o(.text) refers to system_stm32f10x.o(.text) for SystemInit
    startup_stm32f10x_md.o(.text) refers to __main.o(!!!main) for __main
    startup_stm32f10x_md.o(.text) refers to startup_stm32f10x_md.o(HEAP) for Heap_Mem
    startup_stm32f10x_md.o(.text) refers to startup_stm32f10x_md.o(STACK) for Stack_Mem
    stm32f10x_gpio.o(.text) refers to stm32f10x_rcc.o(.text) for RCC_APB2PeriphResetCmd
    stm32f10x_rcc.o(.text) refers to stm32f10x_rcc.o(.data) for APBAHBPrescTable
    stm32f10x_usart.o(.text) refers to stm32f10x_rcc.o(.text) for RCC_APB2PeriphResetCmd
    stm32f10x_tim.o(.text) refers to stm32f10x_rcc.o(.text) for RCC_APB2PeriphResetCmd
    stm32f10x_adc.o(.text) refers to stm32f10x_rcc.o(.text) for RCC_APB2PeriphResetCmd
    stm32f10x_dac.o(.text) refers to stm32f10x_rcc.o(.text) for RCC_APB1PeriphResetCmd
    stm32f10x_pwr.o(.text) refers to stm32f10x_rcc.o(.text) for RCC_APB1PeriphResetCmd
    delay.o(.text) refers to os_core.o(.text) for OSSchedLock
    delay.o(.text) refers to os_time.o(.text) for OSTimeDly
    delay.o(.text) refers to misc.o(.text) for SysTick_CLKSourceConfig
    delay.o(.text) refers to system_stm32f10x.o(.data) for SystemCoreClock
    delay.o(.text) refers to delay.o(.data) for fac_us
    delay.o(.text) refers to os_core.o(.data) for OSRunning
    sys.o(.text) refers to misc.o(.text) for NVIC_PriorityGroupConfig
    gpio.o(.text) refers to stm32f10x_rcc.o(.text) for RCC_APB1PeriphClockCmd
    gpio.o(.text) refers to stm32f10x_pwr.o(.text) for PWR_PVDLevelConfig
    gpio.o(.text) refers to misc.o(.text) for NVIC_PriorityGroupConfig
[...]
    I2C2_ER_IRQHandler                       0x08000ba3   Thumb Code     0  startup_stm32f10x_md.o(.text)
    I2C2_EV_IRQHandler                       0x08000ba3   Thumb Code     0  startup_stm32f10x_md.o(.text)
    RCC_IRQHandler                           0x08000ba3   Thumb Code     0  startup_stm32f10x_md.o(.text)
    RTCAlarm_IRQHandler                      0x08000ba3   Thumb Code     0  startup_stm32f10x_md.o(.text)
    RTC_IRQHandler                           0x08000ba3   Thumb Code     0  startup_stm32f10x_md.o(.text)
    SPI1_IRQHandler                          0x08000ba3   Thumb Code     0  startup_stm32f10x_md.o(.text)
    SPI2_IRQHandler                          0x08000ba3   Thumb Code     0  startup_stm32f10x_md.o(.text)
    TAMPER_IRQHandler                        0x08000ba3   Thumb Code     0  startup_stm32f10x_md.o(.text)
    TIM1_BRK_IRQHandler                      0x08000ba3   Thumb Code     0  startup_stm32f10x_md.o(.text)
    TIM1_CC_IRQHandler                       0x08000ba3   Thumb Code     0  startup_stm32f10x_md.o(.text)
    TIM1_TRG_COM_IRQHandler                  0x08000ba3   Thumb Code     0  startup_stm32f10x_md.o(.text)
    TIM1_UP_IRQHandler                       0x08000ba3   Thumb Code     0  startup_stm32f10x_md.o(.text)
    TIM3_IRQHandler                          0x08000ba3   Thumb Code     0  startup_stm32f10x_md.o(.text)
    USART2_IRQHandler                        0x08000ba3   Thumb Code     0  startup_stm32f10x_md.o(.text)
    USBWakeUp_IRQHandler                     0x08000ba3   Thumb Code     0  startup_stm32f10x_md.o(.text)
    USB_HP_CAN1_TX_IRQHandler                0x08000ba3   Thumb Code     0  startup_stm32f10x_md.o(.text)
    USB_LP_CAN1_RX0_IRQHandler               0x08000ba3   Thumb Code     0  startup_stm32f10x_md.o(.text)
    WWDG_IRQHandler                          0x08000ba3   Thumb Code     0  startup_stm32f10x_md.o(.text)
    __user_initial_stackheap                 0x08000ba5   Thumb Code     0  startup_stm32f10x_md.o(.text)
    NVIC_PriorityGroupConfig                 0x08000bc9   Thumb Code    10  misc.o(.text)
    NVIC_Init                                0x08000bd3   Thumb Code   100  misc.o(.text)
    NVIC_SetVectorTable                      0x08000c37   Thumb Code    14  misc.o(.text)
    NVIC_SystemLPConfig                      0x08000c45   Thumb Code    34  misc.o(.text)
    SysTick_CLKSourceConfig                  0x08000c67   Thumb Code    40  misc.o(.text)
    GPIO_DeInit                              0x08000ca5   Thumb Code   172  stm32f10x_gpio.o(.text)
    GPIO_AFIODeInit                          0x08000d51   Thumb Code    20  stm32f10x_gpio.o(.text)
    GPIO_Init                                0x08000d65   Thumb Code   278  stm32f10x_gpio.o(.text)
    GPIO_StructInit                          0x08000e7b   Thumb Code    16  stm32f10x_gpio.o(.text)
    GPIO_ReadInputDataBit                    0x08000e8b   Thumb Code    18  stm32f10x_gpio.o(.text)
    GPIO_ReadInputData                       0x08000e9d   Thumb Code     8  stm32f10x_gpio.o(.text)
    GPIO_ReadOutputDataBit                   0x08000ea5   Thumb Code    18  stm32f10x_gpio.o(.text)
    GPIO_ReadOutputData                      0x08000eb7   Thumb Code     8  stm32f10x_gpio.o(.text)
    GPIO_SetBits                             0x08000ebf   Thumb Code     4  stm32f10x_gpio.o(.text)
    GPIO_ResetBits                           0x08000ec3   Thumb Code     4  stm32f10x_gpio.o(.text)
    GPIO_WriteBit                            0x08000ec7   Thumb Code    10  stm32f10x_gpio.o(.text)
    GPIO_Write                               0x08000ed1   Thumb Code     4  stm32f10x_gpio.o(.text)
    GPIO_PinLockConfig                       0x08000ed5   Thumb Code    18  stm32f10x_gpio.o(.text)
    GPIO_EventOutputConfig                   0x08000ee7   Thumb Code    26  stm32f10x_gpio.o(.text)
    GPIO_EventOutputCmd                      0x08000f01   Thumb Code     6  stm32f10x_gpio.o(.text)
    GPIO_PinRemapConfig                      0x08000f07   Thumb Code   138  stm32f10x_gpio.o(.text)
    GPIO_EXTILineConfig                      0x08000f91   Thumb Code    66  stm32f10x_gpio.o(.text)
    GPIO_ETH_MediaInterfaceConfig            0x08000fd3   Thumb Code     8  stm32f10x_gpio.o(.text)
    RCC_DeInit                               0x08001001   Thumb Code    64  stm32f10x_rcc.o(.text)
    RCC_HSEConfig                            0x08001041   Thumb Code    70  stm32f10x_rcc.o(.text)
    RCC_GetFlagStatus                        0x08001087   Thumb Code    56  stm32f10x_rcc.o(.text)
    RCC_WaitForHSEStartUp                    0x080010bf   Thumb Code    56  stm32f10x_rcc.o(.text)
    RCC_AdjustHSICalibrationValue            0x080010f7   Thumb Code    20  stm32f10x_rcc.o(.text)
    RCC_HSICmd                               0x0800110b   Thumb Code     6  stm32f10x_rcc.o(.text)
    RCC_PLLConfig                            0x08001111   Thumb Code    24  stm32f10x_rcc.o(.text)
    RCC_PLLCmd                               0x08001129   Thumb Code     6  stm32f10x_rcc.o(.text)
    RCC_SYSCLKConfig                         0x0800112f   Thumb Code    18  stm32f10x_rcc.o(.text)
    RCC_GetSYSCLKSource                      0x08001141   Thumb Code    10  stm32f10x_rcc.o(.text)
    RCC_HCLKConfig                           0x0800114b   Thumb Code    18  stm32f10x_rcc.o(.text)
    RCC_PCLK1Config                          0x0800115d   Thumb Code    18  stm32f10x_rcc.o(.text)
    RCC_PCLK2Config                          0x0800116f   Thumb Code    20  stm32f10x_rcc.o(.text)
    RCC_ITConfig                             0x08001183   Thumb Code    26  stm32f10x_rcc.o(.text)
    RCC_USBCLKConfig                         0x0800119d   Thumb Code     8  stm32f10x_rcc.o(.text)
    RCC_ADCCLKConfig                         0x080011a5   Thumb Code    18  stm32f10x_rcc.o(.text)
    RCC_LSEConfig                            0x080011b7   Thumb Code    50  stm32f10x_rcc.o(.text)
    RCC_LSICmd                               0x080011e9   Thumb Code     6  stm32f10x_rcc.o(.text)
    RCC_RTCCLKConfig                         0x080011ef   Thumb Code    12  stm32f10x_rcc.o(.text)
    RCC_RTCCLKCmd                            0x080011fb   Thumb Code     8  stm32f10x_rcc.o(.text)
    RCC_GetClocksFreq                        0x08001203   Thumb Code   192  stm32f10x_rcc.o(.text)
    RCC_AHBPeriphClockCmd                    0x080012c3   Thumb Code    26  stm32f10x_rcc.o(.text)
    RCC_APB2PeriphClockCmd                   0x080012dd   Thumb Code    26  stm32f10x_rcc.o(.text)
    RCC_APB1PeriphClockCmd                   0x080012f7   Thumb Code    26  stm32f10x_rcc.o(.text)
    RCC_APB2PeriphResetCmd                   0x08001311   Thumb Code    26  stm32f10x_rcc.o(.text)
    RCC_APB1PeriphResetCmd                   0x0800132b   Thumb Code    26  stm32f10x_rcc.o(.text)
    RCC_BackupResetCmd                       0x08001345   Thumb Code     8  stm32f10x_rcc.o(.text)
    RCC_ClockSecuritySystemCmd               0x0800134d   Thumb Code     6  stm32f10x_rcc.o(.text)
    RCC_MCOConfig                            0x08001353   Thumb Code     6  stm32f10x_rcc.o(.text)
    RCC_ClearFlag                            0x08001359   Thumb Code    14  stm32f10x_rcc.o(.text)
    RCC_GetITStatus                          0x08001367   Thumb Code    20  stm32f10x_rcc.o(.text)
    RCC_ClearITPendingBit                    0x0800137b   Thumb Code     6  stm32f10x_rcc.o(.text)
    USART_DeInit                             0x080013a5   Thumb Code   134  stm32f10x_usart.o(.text)
    USART_Init                               0x0800142b   Thumb Code   210  stm32f10x_usart.o(.text)
    USART_StructInit                         0x080014fd   Thumb Code    24  stm32f10x_usart.o(.text)
    USART_ClockInit                          0x08001515   Thumb Code    34  stm32f10x_usart.o(.text)
    USART_ClockStructInit                    0x08001537   Thumb Code    12  stm32f10x_usart.o(.text)
    USART_Cmd                                0x08001543   Thumb Code    24  stm32f10x_usart.o(.text)
    USART_ITConfig                           0x0800155b   Thumb Code    74  stm32f10x_usart.o(.text)
    USART_DMACmd                             0x080015a5   Thumb Code    18  stm32f10x_usart.o(.text)
    USART_SetAddress                         0x080015b7   Thumb Code    18  stm32f10x_usart.o(.text)
    USART_WakeUpConfig                       0x080015c9   Thumb Code    18  stm32f10x_usart.o(.text)
    USART_ReceiverWakeUpCmd                  0x080015db   Thumb Code    24  stm32f10x_usart.o(.text)
    USART_LINBreakDetectLengthConfig         0x080015f3   Thumb Code    18  stm32f10x_usart.o(.text)
    USART_LINCmd                             0x08001605   Thumb Code    24  stm32f10x_usart.o(.text)
    USART_SendData                           0x0800161d   Thumb Code     8  stm32f10x_usart.o(.text)
    USART_ReceiveData                        0x08001625   Thumb Code    10  stm32f10x_usart.o(.text)
    USART_SendBreak                          0x0800162f   Thumb Code    10  stm32f10x_usart.o(.text)
    USART_SetGuardTime                       0x08001639   Thumb Code    16  stm32f10x_usart.o(.text)
    USART_SetPrescaler                       0x08001649   Thumb Code    16  stm32f10x_usart.o(.text)
    USART_SmartCardCmd                       0x08001659   Thumb Code    24  stm32f10x_usart.o(.text)
    USART_SmartCardNACKCmd                   0x08001671   Thumb Code    24  stm32f10x_usart.o(.text)
    USART_HalfDuplexCmd                      0x08001689   Thumb Code    24  stm32f10x_usart.o(.text)
    USART_OverSampling8Cmd                   0x080016a1   Thumb Code    22  stm32f10x_usart.o(.text)
    USART_OneBitMethodCmd                    0x080016b7   Thumb Code    24  stm32f10x_usart.o(.text)
    USART_IrDAConfig                         0x080016cf   Thumb Code    18  stm32f10x_usart.o(.text)
    USART_IrDACmd                            0x080016e1   Thumb Code    24  stm32f10x_usart.o(.text)
    USART_GetFlagStatus                      0x080016f9   Thumb Code    26  stm32f10x_usart.o(.text)
    USART_ClearFlag                          0x08001713   Thumb Code    18  stm32f10x_usart.o(.text)
    USART_GetITStatus                        0x08001725   Thumb Code    84  stm32f10x_usart.o(.text)
    USART_ClearITPendingBit                  0x08001779   Thumb Code    52  stm32f10x_usart.o(.text)
    TIM_DeInit                               0x080017ad   Thumb Code   424  stm32f10x_tim.o(.text)
    TIM_TimeBaseInit                         0x08001955   Thumb Code   122  stm32f10x_tim.o(.text)
    TIM_OC1Init                              0x080019cf   Thumb Code   132  stm32f10x_tim.o(.text)
    TIM_OC2Init                              0x08001a53   Thumb Code   154  stm32f10x_tim.o(.text)
    TIM_OC3Init                              0x08001aed   Thumb Code   150  stm32f10x_tim.o(.text)
    TIM_OC4Init                              0x08001b83   Thumb Code   182  stm32f10x_tim.o(.text)
    TIM_SetIC4Prescaler                      0x08001c39   Thumb Code    26  stm32f10x_tim.o(.text)
    TIM_SetIC3Prescaler                      0x08001cd5   Thumb Code    18  stm32f10x_tim.o(.text)
    TIM_SetIC2Prescaler                      0x08001d61   Thumb Code    26  stm32f10x_tim.o(.text)
    TIM_SetIC1Prescaler                      0x08001dfd   Thumb Code    18  stm32f10x_tim.o(.text)
    TIM_ICInit                               0x08001e7b   Thumb Code   150  stm32f10x_tim.o(.text)
    TIM_PWMIConfig                           0x08001f11   Thumb Code   124  stm32f10x_tim.o(.text)
    TIM_BDTRConfig                           0x08001f8d   Thumb Code    32  stm32f10x_tim.o(.text)
    TIM_TimeBaseStructInit                   0x08001fad   Thumb Code    18  stm32f10x_tim.o(.text)
    TIM_OCStructInit                         0x08001fbf   Thumb Code    20  stm32f10x_tim.o(.text)
    TIM_ICStructInit                         0x08001fd3   Thumb Code    18  stm32f10x_tim.o(.text)
    TIM_BDTRStructInit                       0x08001fe5   Thumb Code    40  stm32f10x_tim.o(.text)
    TIM_Cmd                                  0x0800200d   Thumb Code    24  stm32f10x_tim.o(.text)
    TIM_CtrlPWMOutputs                       0x08002025   Thumb Code    30  stm32f10x_tim.o(.text)
    TIM_ITConfig                             0x08002043   Thumb Code    18  stm32f10x_tim.o(.text)
    TIM_GenerateEvent                        0x08002055   Thumb Code     4  stm32f10x_tim.o(.text)
    TIM_DMAConfig                            0x08002059   Thumb Code    10  stm32f10x_tim.o(.text)
    TIM_DMACmd                               0x08002063   Thumb Code    18  stm32f10x_tim.o(.text)
    TIM_InternalClockConfig                  0x08002075   Thumb Code    12  stm32f10x_tim.o(.text)
    TIM_SelectInputTrigger                   0x08002081   Thumb Code    18  stm32f10x_tim.o(.text)
    TIM_ITRxExternalClockConfig              0x08002093   Thumb Code    24  stm32f10x_tim.o(.text)
    TIM_TIxExternalClockConfig               0x080020ab   Thumb Code    62  stm32f10x_tim.o(.text)
    TIM_ETRConfig                            0x080020e9   Thumb Code    28  stm32f10x_tim.o(.text)
    TIM_ETRClockMode1Config                  0x08002105   Thumb Code    54  stm32f10x_tim.o(.text)
    TIM_ETRClockMode2Config                  0x0800213b   Thumb Code    32  stm32f10x_tim.o(.text)
    TIM_PrescalerConfig                      0x0800215b   Thumb Code     6  stm32f10x_tim.o(.text)
    TIM_CounterModeConfig                    0x08002161   Thumb Code    18  stm32f10x_tim.o(.text)
    TIM_EncoderInterfaceConfig               0x08002173   Thumb Code    66  stm32f10x_tim.o(.text)
    TIM_ForcedOC1Config                      0x080021b5   Thumb Code    18  stm32f10x_tim.o(.text)
    TIM_ForcedOC2Config                      0x080021c7   Thumb Code    26  stm32f10x_tim.o(.text)
    TIM_ForcedOC3Config                      0x080021e1   Thumb Code    18  stm32f10x_tim.o(.text)
    TIM_ForcedOC4Config                      0x080021f3   Thumb Code    26  stm32f10x_tim.o(.text)
    TIM_ARRPreloadConfig                     0x0800220d   Thumb Code    24  stm32f10x_tim.o(.text)
    TIM_SelectCOM                            0x08002225   Thumb Code    24  stm32f10x_tim.o(.text)
    TIM_SelectCCDMA                          0x0800223d   Thumb Code    24  stm32f10x_tim.o(.text)
    TIM_CCPreloadControl                     0x08002255   Thumb Code    24  stm32f10x_tim.o(.text)
    TIM_OC1PreloadConfig                     0x0800226d   Thumb Code    18  stm32f10x_tim.o(.text)
    TIM_OC2PreloadConfig                     0x0800227f   Thumb Code    26  stm32f10x_tim.o(.text)
    TIM_OC3PreloadConfig                     0x08002299   Thumb Code    18  stm32f10x_tim.o(.text)
    TIM_OC4PreloadConfig                     0x080022ab   Thumb Code    26  stm32f10x_tim.o(.text)
    TIM_OC1FastConfig                        0x080022c5   Thumb Code    18  stm32f10x_tim.o(.text)
    TIM_OC2FastConfig                        0x080022d7   Thumb Code    26  stm32f10x_tim.o(.text)
    TIM_OC3FastConfig                        0x080022f1   Thumb Code    18  stm32f10x_tim.o(.text)
    TIM_OC4FastConfig                        0x08002303   Thumb Code    26  stm32f10x_tim.o(.text)
    TIM_ClearOC1Ref                          0x0800231d   Thumb Code    18  stm32f10x_tim.o(.text)
    TIM_ClearOC2Ref                          0x0800232f   Thumb Code    24  stm32f10x_tim.o(.text)
    TIM_ClearOC3Ref                          0x08002347   Thumb Code    18  stm32f10x_tim.o(.text)
    TIM_ClearOC4Ref                          0x08002359   Thumb Code    24  stm32f10x_tim.o(.text)
    TIM_OC1PolarityConfig                    0x08002371   Thumb Code    18  stm32f10x_tim.o(.text)
    TIM_OC1NPolarityConfig                   0x08002383   Thumb Code    18  stm32f10x_tim.o(.text)
    TIM_OC2PolarityConfig                    0x08002395   Thumb Code    26  stm32f10x_tim.o(.text)
    TIM_OC2NPolarityConfig                   0x080023af   Thumb Code    26  stm32f10x_tim.o(.text)
    TIM_OC3PolarityConfig                    0x080023c9   Thumb Code    26  stm32f10x_tim.o(.text)
    TIM_OC3NPolarityConfig                   0x080023e3   Thumb Code    26  stm32f10x_tim.o(.text)
    TIM_OC4PolarityConfig                    0x080023fd   Thumb Code    26  stm32f10x_tim.o(.text)
    TIM_CCxCmd                               0x08002417   Thumb Code    30  stm32f10x_tim.o(.text)
    TIM_CCxNCmd                              0x08002435   Thumb Code    30  stm32f10x_tim.o(.text)
    TIM_SelectOCxM                           0x08002453   Thumb Code    82  stm32f10x_tim.o(.text)
    TIM_UpdateDisableConfig                  0x080024a5   Thumb Code    24  stm32f10x_tim.o(.text)
    TIM_UpdateRequestConfig                  0x080024bd   Thumb Code    24  stm32f10x_tim.o(.text)
    TIM_SelectHallSensor                     0x080024d5   Thumb Code    24  stm32f10x_tim.o(.text)
    TIM_SelectOnePulseMode                   0x080024ed   Thumb Code    18  stm32f10x_tim.o(.text)
    TIM_SelectOutputTrigger                  0x080024ff   Thumb Code    18  stm32f10x_tim.o(.text)
    TIM_SelectSlaveMode                      0x08002511   Thumb Code    18  stm32f10x_tim.o(.text)
    TIM_SelectMasterSlaveMode                0x08002523   Thumb Code    18  stm32f10x_tim.o(.text)
    TIM_SetCounter                           0x08002535   Thumb Code     4  stm32f10x_tim.o(.text)
    TIM_SetAutoreload                        0x08002539   Thumb Code     4  stm32f10x_tim.o(.text)
    TIM_SetCompare1                          0x0800253d   Thumb Code     4  stm32f10x_tim.o(.text)
    TIM_SetCompare2                          0x08002541   Thumb Code     4  stm32f10x_tim.o(.text)
    TIM_SetCompare3                          0x08002545   Thumb Code     4  stm32f10x_tim.o(.text)
    TIM_SetCompare4                          0x08002549   Thumb Code     6  stm32f10x_tim.o(.text)
    TIM_SetClockDivision                     0x0800254f   Thumb Code    18  stm32f10x_tim.o(.text)
    TIM_GetCapture1                          0x08002561   Thumb Code     6  stm32f10x_tim.o(.text)
    TIM_GetCapture2                          0x08002567   Thumb Code     6  stm32f10x_tim.o(.text)
    TIM_GetCapture3                          0x0800256d   Thumb Code     6  stm32f10x_tim.o(.text)
    TIM_GetCapture4                          0x08002573   Thumb Code     8  stm32f10x_tim.o(.text)
    TIM_GetCounter                           0x0800257b   Thumb Code     6  stm32f10x_tim.o(.text)
    TIM_GetPrescaler                         0x08002581   Thumb Code     6  stm32f10x_tim.o(.text)
    TIM_GetFlagStatus                        0x08002587   Thumb Code    18  stm32f10x_tim.o(.text)
    TIM_ClearFlag                            0x08002599   Thumb Code     6  stm32f10x_tim.o(.text)
    TIM_GetITStatus                          0x0800259f   Thumb Code    34  stm32f10x_tim.o(.text)
    TIM_ClearITPendingBit                    0x080025c1   Thumb Code     6  stm32f10x_tim.o(.text)
    ADC_DeInit                               0x080025c9   Thumb Code    78  stm32f10x_adc.o(.text)
    ADC_Init                                 0x08002617   Thumb Code    70  stm32f10x_adc.o(.text)
    ADC_StructInit                           0x0800265d   Thumb Code    18  stm32f10x_adc.o(.text)
    ADC_Cmd                                  0x0800266f   Thumb Code    22  stm32f10x_adc.o(.text)
    ADC_DMACmd                               0x08002685   Thumb Code    22  stm32f10x_adc.o(.text)
    ADC_ITConfig                             0x0800269b   Thumb Code    24  stm32f10x_adc.o(.text)
    ADC_ResetCalibration                     0x080026b3   Thumb Code    10  stm32f10x_adc.o(.text)
    ADC_GetResetCalibrationStatus            0x080026bd   Thumb Code    20  stm32f10x_adc.o(.text)
    ADC_StartCalibration                     0x080026d1   Thumb Code    10  stm32f10x_adc.o(.text)
    ADC_GetCalibrationStatus                 0x080026db   Thumb Code    20  stm32f10x_adc.o(.text)
    ADC_SoftwareStartConvCmd                 0x080026ef   Thumb Code    22  stm32f10x_adc.o(.text)
    ADC_GetSoftwareStartConvStatus           0x08002705   Thumb Code    20  stm32f10x_adc.o(.text)
    ADC_DiscModeChannelCountConfig           0x08002719   Thumb Code    24  stm32f10x_adc.o(.text)
    ADC_DiscModeCmd                          0x08002731   Thumb Code    22  stm32f10x_adc.o(.text)
    ADC_RegularChannelConfig                 0x08002747   Thumb Code   184  stm32f10x_adc.o(.text)
    ADC_ExternalTrigConvCmd                  0x080027ff   Thumb Code    22  stm32f10x_adc.o(.text)
    ADC_GetConversionValue                   0x08002815   Thumb Code     8  stm32f10x_adc.o(.text)
    ADC_GetDualModeConversionValue           0x0800281d   Thumb Code     8  stm32f10x_adc.o(.text)
    ADC_AutoInjectedConvCmd                  0x08002825   Thumb Code    22  stm32f10x_adc.o(.text)
    ADC_InjectedDiscModeCmd                  0x0800283b   Thumb Code    22  stm32f10x_adc.o(.text)
    ADC_ExternalTrigInjectedConvConfig       0x08002851   Thumb Code    16  stm32f10x_adc.o(.text)
    ADC_ExternalTrigInjectedConvCmd          0x08002861   Thumb Code    22  stm32f10x_adc.o(.text)
    ADC_SoftwareStartInjectedConvCmd         0x08002877   Thumb Code    22  stm32f10x_adc.o(.text)
    ADC_GetSoftwareStartInjectedConvCmdStatus 0x0800288d   Thumb Code    20  stm32f10x_adc.o(.text)
    ADC_InjectedChannelConfig                0x080028a1   Thumb Code   130  stm32f10x_adc.o(.text)
    ADC_InjectedSequencerLengthConfig        0x08002923   Thumb Code    24  stm32f10x_adc.o(.text)
    ADC_SetInjectedOffset                    0x0800293b   Thumb Code    20  stm32f10x_adc.o(.text)
    ADC_GetInjectedConversionValue           0x0800294f   Thumb Code    28  stm32f10x_adc.o(.text)
    ADC_AnalogWatchdogCmd                    0x0800296b   Thumb Code    16  stm32f10x_adc.o(.text)
    ADC_AnalogWatchdogThresholdsConfig       0x0800297b   Thumb Code     6  stm32f10x_adc.o(.text)
    ADC_AnalogWatchdogSingleChannelConfig    0x08002981   Thumb Code    16  stm32f10x_adc.o(.text)
    ADC_TempSensorVrefintCmd                 0x08002991   Thumb Code    64  stm32f10x_adc.o(.text)
    ADC_GetFlagStatus                        0x080029d1   Thumb Code    18  stm32f10x_adc.o(.text)
    ADC_ClearFlag                            0x080029e3   Thumb Code     6  stm32f10x_adc.o(.text)
    ADC_GetITStatus                          0x080029e9   Thumb Code    36  stm32f10x_adc.o(.text)
    ADC_ClearITPendingBit                    0x08002a0d   Thumb Code    10  stm32f10x_adc.o(.text)
    DAC_DeInit                               0x08002a19   Thumb Code    22  stm32f10x_dac.o(.text)
    DAC_Init                                 0x08002a2f   Thumb Code    46  stm32f10x_dac.o(.text)
    DAC_StructInit                           0x08002a5d   Thumb Code    12  stm32f10x_dac.o(.text)
    DAC_Cmd                                  0x08002a69   Thumb Code    34  stm32f10x_dac.o(.text)
    DAC_DMACmd                               0x08002a8b   Thumb Code    38  stm32f10x_dac.o(.text)
    DAC_SoftwareTriggerCmd                   0x08002ab1   Thumb Code    48  stm32f10x_dac.o(.text)
    DAC_DualSoftwareTriggerCmd               0x08002ae1   Thumb Code    38  stm32f10x_dac.o(.text)
    DAC_WaveGenerationCmd                    0x08002b07   Thumb Code    36  stm32f10x_dac.o(.text)
    DAC_SetChannel1Data                      0x08002b2b   Thumb Code    26  stm32f10x_dac.o(.text)
    DAC_SetChannel2Data                      0x08002b45   Thumb Code    26  stm32f10x_dac.o(.text)
    DAC_SetDualChannelData                   0x08002b5f   Thumb Code    32  stm32f10x_dac.o(.text)
    DAC_GetDataOutputValue                   0x08002b7f   Thumb Code    32  stm32f10x_dac.o(.text)
    DMA_DeInit                               0x08002ba5   Thumb Code   324  stm32f10x_dma.o(.text)
    DMA_Init                                 0x08002ce9   Thumb Code    60  stm32f10x_dma.o(.text)
    DMA_StructInit                           0x08002d25   Thumb Code    26  stm32f10x_dma.o(.text)
    DMA_Cmd                                  0x08002d3f   Thumb Code    24  stm32f10x_dma.o(.text)
    DMA_ITConfig                             0x08002d57   Thumb Code    18  stm32f10x_dma.o(.text)
    DMA_SetCurrDataCounter                   0x08002d69   Thumb Code     4  stm32f10x_dma.o(.text)
    DMA_GetCurrDataCounter                   0x08002d6d   Thumb Code     8  stm32f10x_dma.o(.text)
    DMA_GetFlagStatus                        0x08002d75   Thumb Code    40  stm32f10x_dma.o(.text)
    DMA_ClearFlag                            0x08002d9d   Thumb Code    22  stm32f10x_dma.o(.text)
    DMA_GetITStatus                          0x08002db3   Thumb Code    40  stm32f10x_dma.o(.text)
    DMA_ClearITPendingBit                    0x08002ddb   Thumb Code    22  stm32f10x_dma.o(.text)
    PWR_DeInit                               0x08002df9   Thumb Code    22  stm32f10x_pwr.o(.text)
    PWR_BackupAccessCmd                      0x08002e0f   Thumb Code     6  stm32f10x_pwr.o(.text)
    PWR_PVDCmd                               0x08002e15   Thumb Code     6  stm32f10x_pwr.o(.text)
    PWR_PVDLevelConfig                       0x08002e1b   Thumb Code    18  stm32f10x_pwr.o(.text)
    PWR_WakeUpPinCmd                         0x08002e2d   Thumb Code     8  stm32f10x_pwr.o(.text)
    PWR_EnterSTOPMode                        0x08002e35   Thumb Code    54  stm32f10x_pwr.o(.text)
    PWR_EnterSTANDBYMode                     0x08002e6b   Thumb Code    42  stm32f10x_pwr.o(.text)
    PWR_GetFlagStatus                        0x08002e95   Thumb Code    20  stm32f10x_pwr.o(.text)
    PWR_ClearFlag                            0x08002ea9   Thumb Code    14  stm32f10x_pwr.o(.text)
    EXTI_DeInit                              0x08002ec5   Thumb Code    28  stm32f10x_exti.o(.text)
    EXTI_Init                                0x08002ee1   Thumb Code   142  stm32f10x_exti.o(.text)
    EXTI_StructInit                          0x08002f6f   Thumb Code    16  stm32f10x_exti.o(.text)
    EXTI_GenerateSWInterrupt                 0x08002f7f   Thumb Code    16  stm32f10x_exti.o(.text)
    EXTI_GetFlagStatus                       0x08002f8f   Thumb Code    22  stm32f10x_exti.o(.text)
    EXTI_ClearFlag                           0x08002fa5   Thumb Code     8  stm32f10x_exti.o(.text)
    EXTI_GetITStatus                         0x08002fad   Thumb Code    34  stm32f10x_exti.o(.text)
    EXTI_ClearITPendingBit                   0x08002fcf   Thumb Code     8  stm32f10x_exti.o(.text)
    delay_osschedlock                        0x08002fe1   Thumb Code     8  delay.o(.text)
    delay_osschedunlock                      0x08002fe9   Thumb Code     8  delay.o(.text)
    delay_ostimedly                          0x08002ff1   Thumb Code    12  delay.o(.text)
    SysTick_Handler                          0x08002ffd   Thumb Code    16  delay.o(.text)
    delay_init                               0x0800300d   Thumb Code    76  delay.o(.text)
    delay_us                                 0x08003059   Thumb Code    86  delay.o(.text)
    delay_ms                                 0x080030af   Thumb Code    62  delay.o(.text)
    NVIC_Configuration                       0x08003101   Thumb Code    12  sys.o(.text)
    PVD_Config                               0x0800310d   Thumb Code    96  gpio.o(.text)
    GPIO_Config                              0x0800316d   Thumb Code   282  gpio.o(.text)
    PVD_IRQHandler                           0x08003287   Thumb Code    38  gpio.o(.text)
    ADC1_Init                                0x080033f9   Thumb Code    12  adc.o(.text)
    Get_Adc                                  0x08003405   Thumb Code   112  adc.o(.text)
    DAC1_Init                                0x08003489   Thumb Code    90  dac.o(.text)
    DAC1_Set_Vol                             0x080034e3   Thumb Code    80  dac.o(.text)
    OS_TaskStatStkChk                        0x08003541   Thumb Code    54  os_core.o(.text)
    OS_TaskStat                              0x08003577   Thumb Code   116  os_core.o(.text)
    OS_TaskIdle                              0x0800361f   Thumb Code    34  os_core.o(.text)
    OS_MemClr                                0x08003675   Thumb Code    18  os_core.o(.text)
    OSInit                                   0x08003793   Thumb Code    44  os_core.o(.text)
    OSIntEnter                               0x080037bf   Thumb Code    28  os_core.o(.text)
    OSIntExit                                0x080037f5   Thumb Code   112  os_core.o(.text)
    OSSchedLock                              0x08003865   Thumb Code    50  os_core.o(.text)
    OS_Sched                                 0x08003897   Thumb Code    88  os_core.o(.text)
    OSSchedUnlock                            0x080038ef   Thumb Code   238  os_core.o(.text)
    OSStart                                  0x080039dd   Thumb Code    48  os_core.o(.text)
    OSStatInit                               0x08003a0d   Thumb Code    62  os_core.o(.text)
    OSTimeTick                               0x08003a4b   Thumb Code   210  os_core.o(.text)
    OSVersion                                0x08003b1d   Thumb Code     6  os_core.o(.text)
    OS_Dummy                                 0x08003b23   Thumb Code     2  os_core.o(.text)
    OS_EventTaskRemove                       0x08003b25   Thumb Code    42  os_core.o(.text)
    OS_EventTaskRdy                          0x08003b4f   Thumb Code   114  os_core.o(.text)
    OS_EventTaskWait                         0x08003bc1   Thumb Code   112  os_core.o(.text)
    OS_EventWaitListInit                     0x08003c31   Thumb Code    28  os_core.o(.text)
    OS_MemCopy                               0x08003c4d   Thumb Code    20  os_core.o(.text)
    OS_StrLen                                0x08003c61   Thumb Code    20  os_core.o(.text)
    OS_TCBInit                               0x08003c75   Thumb Code   280  os_core.o(.text)
    OSFlagAccept                             0x08003dd1   Thumb Code   252  os_flag.o(.text)
    OSFlagCreate                             0x08003ecd   Thumb Code    86  os_flag.o(.text)
    OS_FlagUnlink                            0x08003f23   Thumb Code    36  os_flag.o(.text)
    OSFlagDel                                0x08003f99   Thumb Code   214  os_flag.o(.text)
    OSFlagNameGet                            0x0800406f   Thumb Code    80  os_flag.o(.text)
    OSFlagNameSet                            0x080040bf   Thumb Code    66  os_flag.o(.text)
    OSFlagPend                               0x08004199   Thumb Code   614  os_flag.o(.text)
    OSFlagPendGetFlagsRdy                    0x080043ff   Thumb Code    26  os_flag.o(.text)
    OSFlagPost                               0x08004419   Thumb Code   312  os_flag.o(.text)
    OSFlagQuery                              0x08004551   Thumb Code    48  os_flag.o(.text)
    OS_FlagInit                              0x08004581   Thumb Code    78  os_flag.o(.text)
    OSQAccept                                0x080045dd   Thumb Code    88  os_q.o(.text)
    OSQCreate                                0x08004635   Thumb Code   140  os_q.o(.text)
    OSQDel                                   0x080046c1   Thumb Code   236  os_q.o(.text)
    OSQFlush                                 0x080047ad   Thumb Code    36  os_q.o(.text)
    OSQPend                                  0x080047d1   Thumb Code   272  os_q.o(.text)
    OSQPendAbort                             0x080048e1   Thumb Code   128  os_q.o(.text)
    OSQPost                                  0x08004961   Thumb Code   114  os_q.o(.text)
    OSQPostFront                             0x080049d3   Thumb Code   136  os_q.o(.text)
    OSQPostOpt                               0x08004a5b   Thumb Code   182  os_q.o(.text)
    OSQQuery                                 0x08004b11   Thumb Code    98  os_q.o(.text)
    OS_QInit                                 0x08004b73   Thumb Code    72  os_q.o(.text)
    OSSemAccept                              0x08004bc5   Thumb Code    42  os_sem.o(.text)
    OSSemCreate                              0x08004bef   Thumb Code    68  os_sem.o(.text)
    OSSemDel                                 0x08004c33   Thumb Code   200  os_sem.o(.text)
    OSSemPend                                0x08004cfb   Thumb Code   222  os_sem.o(.text)
    OSSemPendAbort                           0x08004dd9   Thumb Code   128  os_sem.o(.text)
    OSSemPost                                0x08004e59   Thumb Code    88  os_sem.o(.text)
    OSSemQuery                               0x08004eb1   Thumb Code    76  os_sem.o(.text)
    OSSemSet                                 0x08004efd   Thumb Code    66  os_sem.o(.text)
    OSTaskChangePrio                         0x08004f51   Thumb Code   308  os_task.o(.text)
    OSTaskCreate                             0x08005085   Thumb Code   148  os_task.o(.text)
    OS_TaskStkClr                            0x08005119   Thumb Code    26  os_task.o(.text)
    OSTaskCreateExt                          0x08005133   Thumb Code   170  os_task.o(.text)
    OSTaskDel                                0x080051dd   Thumb Code   294  os_task.o(.text)
    OSTaskDelReq                             0x08005303   Thumb Code   144  os_task.o(.text)
    OSTaskNameGet                            0x08005393   Thumb Code   114  os_task.o(.text)
    OSTaskNameSet                            0x08005405   Thumb Code    98  os_task.o(.text)
    OSTaskResume                             0x08005467   Thumb Code   154  os_task.o(.text)
    OSTaskStkChk                             0x08005501   Thumb Code   132  os_task.o(.text)
    OSTaskSuspend                            0x08005585   Thumb Code   152  os_task.o(.text)
    OSTaskQuery                              0x0800561d   Thumb Code    82  os_task.o(.text)
    OSTaskRegGet                             0x0800566f   Thumb Code    60  os_task.o(.text)
    OSTaskRegSet                             0x080056ab   Thumb Code    62  os_task.o(.text)
    OS_TaskReturn                            0x080056e9   Thumb Code    18  os_task.o(.text)
    OSTimeDly                                0x08005715   Thumb Code   100  os_time.o(.text)
    OSTimeDlyHMSM                            0x08005779   Thumb Code    86  os_time.o(.text)
    OSTimeDlyResume                          0x080057cf   Thumb Code   168  os_time.o(.text)
    OSTimeGet                                0x08005877   Thumb Code    24  os_time.o(.text)
    OSTimeSet                                0x0800588f   Thumb Code    24  os_time.o(.text)
    OSInitHookBegin                          0x080058c5   Thumb Code     2  os_cpu_c.o(.text)
    OSInitHookEnd                            0x080058c7   Thumb Code     2  os_cpu_c.o(.text)
    OSTaskCreateHook                         0x080058c9   Thumb Code     2  os_cpu_c.o(.text)
    OSTaskDelHook                            0x080058cb   Thumb Code     2  os_cpu_c.o(.text)
    OSTaskIdleHook                           0x080058cd   Thumb Code     2  os_cpu_c.o(.text)
    OSTaskStatHook                           0x080058cf   Thumb Code     2  os_cpu_c.o(.text)
    OSTaskStkInit                            0x080058d1   Thumb Code   154  os_cpu_c.o(.text)
    OSTaskSwHook                             0x0800596b   Thumb Code     2  os_cpu_c.o(.text)
    OSTCBInitHook                            0x0800596d   Thumb Code     2  os_cpu_c.o(.text)
    OSTimeTickHook                           0x0800596f   Thumb Code     2  os_cpu_c.o(.text)
    OSTaskReturnHook                         0x08005971   Thumb Code     2  os_cpu_c.o(.text)
    OS_CPU_SR_Save                           0x08005975   Thumb Code     0  os_cpu_a.o(.text)
    OS_CPU_SR_Restore                        0x0800597d   Thumb Code     0  os_cpu_a.o(.text)
    OSStartHighRdy                           0x08005983   Thumb Code     0  os_cpu_a.o(.text)
    OSCtxSw                                  0x080059a5   Thumb Code     0  os_cpu_a.o(.text)
    OSIntCtxSw                               0x080059b3   Thumb Code     0  os_cpu_a.o(.text)
    PendSV_Handler                           0x080059c3   Thumb Code     0  os_cpu_a.o(.text)
    eMBFuncReadCoils                         0x08005a29   Thumb Code   174  mbfunccoils.o(.text)
    eMBFuncWriteCoil                         0x08005ad7   Thumb Code   112  mbfunccoils.o(.text)
    eMBFuncWriteMultipleCoils                0x08005b47   Thumb Code   144  mbfunccoils.o(.text)
    eMBFuncReadDiscreteInputs                0x08005bd7   Thumb Code   172  mbfuncdisc.o(.text)
    eMBFuncWriteHoldingRegister              0x08005c83   Thumb Code    66  mbfuncholding.o(.text)
    eMBFuncWriteMultipleHoldingRegister      0x08005cc5   Thumb Code   110  mbfuncholding.o(.text)
    eMBFuncReadHoldingRegister               0x08005d33   Thumb Code   140  mbfuncholding.o(.text)
    eMBFuncReadWriteMultipleHoldingRegister  0x08005dbf   Thumb Code   212  mbfuncholding.o(.text)
    eMBFuncReadInputRegister                 0x08005e93   Thumb Code   140  mbfuncinput.o(.text)
    eMBSetSlaveID                            0x08005f21   Thumb Code   110  mbfuncother.o(.text)
    eMBFuncReportSlaveID                     0x08005f8f   Thumb Code    30  mbfuncother.o(.text)
    xMBUtilSetBits                           0x08005fb5   Thumb Code   104  mbutils.o(.text)
    xMBUtilGetBits                           0x0800601d   Thumb Code    42  mbutils.o(.text)
    prveMBError2Exception                    0x08006047   Thumb Code    34  mbutils.o(.text)
    usMBCRC16                                0x08006099   Thumb Code    48  mbcrc.o(.text)
    eMBRTUInit                               0x080060d1   Thumb Code    88  mbrtu.o(.text)
    eMBRTUStart                              0x08006129   Thumb Code    34  mbrtu.o(.text)
    eMBRTUStop                               0x0800614b   Thumb Code    28  mbrtu.o(.text)
    eMBRTUReceive                            0x08006167   Thumb Code   102  mbrtu.o(.text)
    eMBRTUSend                               0x080061cd   Thumb Code   128  mbrtu.o(.text)
    xMBRTUReceiveFSM                         0x0800624d   Thumb Code   140  mbrtu.o(.text)
    xMBRTUTransmitFSM                        0x080062d9   Thumb Code   116  mbrtu.o(.text)
    xMBRTUTimerT35Expired                    0x0800634d   Thumb Code    96  mbrtu.o(.text)
    eMBInit                                  0x0800644d   Thumb Code   150  mb.o(.text)
    eMBRegisterCB                            0x080064e3   Thumb Code   140  mb.o(.text)
    eMBClose                                 0x0800656f   Thumb Code    32  mb.o(.text)
    eMBEnable                                0x0800658f   Thumb Code    32  mb.o(.text)
    eMBDisable                               0x080065af   Thumb Code    42  mb.o(.text)
    eMBPoll                                  0x080065d9   Thumb Code   268  mb.o(.text)
    eMBRegInputCB                            0x08006745   Thumb Code    66  port.o(.text)
    eMBRegHoldingCB                          0x08006787   Thumb Code   138  port.o(.text)
    eMBRegCoilsCB                            0x08006811   Thumb Code   146  port.o(.text)
    eMBRegDiscreteCB                         0x080068a3   Thumb Code    90  port.o(.text)
    xMBPortEventInit                         0x08006915   Thumb Code    10  portevent.o(.text)
    xMBPortEventPost                         0x0800691f   Thumb Code    16  portevent.o(.text)
    xMBPortEventGet                          0x0800692f   Thumb Code    26  portevent.o(.text)
    vMBPortSerialEnable                      0x08006951   Thumb Code    68  portserial.o(.text)
    xMBPortSerialInit                        0x08006995   Thumb Code   168  portserial.o(.text)
    xMBPortSerialPutByte                     0x08006a3d   Thumb Code    16  portserial.o(.text)
    xMBPortSerialGetByte                     0x08006a4d   Thumb Code    16  portserial.o(.text)
    USART1_IRQHandler                        0x08006a71   Thumb Code    94  portserial.o(.text)
    xMBPortTimersInit                        0x08006ae1   Thumb Code   140  porttimer.o(.text)
    vMBPortTimersEnable                      0x08006b6d   Thumb Code    38  porttimer.o(.text)
    vMBPortTimersDisable                     0x08006b93   Thumb Code    38  porttimer.o(.text)
    TIM4_IRQHandler                          0x08006bc3   Thumb Code    26  porttimer.o(.text)
    xMBMasterPortEventInit                   0x08006be9   Thumb Code    30  portevent_m.o(.text)
    xMBMasterPortEventPost                   0x08006c07   Thumb Code    36  portevent_m.o(.text)
    xMBMasterPortEventGet                    0x08006c2b   Thumb Code    96  portevent_m.o(.text)
    vMBMasterCBRequestScuuess                0x08006c8b   Thumb Code    22  portevent_m.o(.text)
    eMBMasterWaitRequestFinish               0x08006ca1   Thumb Code    66  portevent_m.o(.text)
    vMBMasterErrorCBRespondTimeout           0x08006ce3   Thumb Code    28  portevent_m.o(.text)
    vMBMasterErrorCBReceiveData              0x08006cff   Thumb Code    28  portevent_m.o(.text)
    vMBMasterErrorCBExecuteFunction          0x08006d1b   Thumb Code    28  portevent_m.o(.text)
    vMBMasterOsResInit                       0x08006d37   Thumb Code    16  portevent_m.o(.text)
    xMBMasterRunResTake                      0x08006d47   Thumb Code    30  portevent_m.o(.text)
    vMBMasterRunResRelease                   0x08006d65   Thumb Code    16  portevent_m.o(.text)
    USART3_DMA_Tx_Configuration              0x08006d7d   Thumb Code    86  portserial_m.o(.text)
    USART3_DMA_Rx_Configuration              0x08006dd3   Thumb Code    96  portserial_m.o(.text)
    xMBMasterPortSerialInit                  0x08006e33   Thumb Code   292  portserial_m.o(.text)
    vMBMasterPortSerialEnable                0x08006f61   Thumb Code    86  portserial_m.o(.text)
    vMBMasterPortClose                       0x08006fb7   Thumb Code    28  portserial_m.o(.text)
    xMBMasterPortSerialPutByte               0x08006fd3   Thumb Code    22  portserial_m.o(.text)
    xMBMasterPortSerialDMASendData           0x08006fe9   Thumb Code    44  portserial_m.o(.text)
    xMBMasterPortSerialGetByte               0x08007015   Thumb Code    18  portserial_m.o(.text)
    xMBMasterPortSerialDMARevData            0x08007027   Thumb Code    46  portserial_m.o(.text)
    USART3_IRQHandler                        0x0800705f   Thumb Code   182  portserial_m.o(.text)
    xMBMasterPortTimersInit                  0x0800713d   Thumb Code   124  porttimer_m.o(.text)
    vMBMasterPortTimersEnable                0x080071b9   Thumb Code    54  porttimer_m.o(.text)
    vMBMasterPortTimersDisable               0x080071ef   Thumb Code    32  porttimer_m.o(.text)
    MasterTIMERExpiredISR                    0x0800720f   Thumb Code    10  porttimer_m.o(.text)
    vMBMasterPortTimersConvertDelayEnable    0x08007219   Thumb Code    48  porttimer_m.o(.text)
    vMBMasterPortTimersRespondTimeoutEnable  0x08007249   Thumb Code    48  porttimer_m.o(.text)
    TIM2_IRQHandler                          0x08007279   Thumb Code    26  porttimer_m.o(.text)
    eMBMasterInit                            0x08007299   Thumb Code   122  mb_m_1.o(.text)
    eMBMasterClose                           0x08007313   Thumb Code    32  mb_m_1.o(.text)
    eMBMasterEnable                          0x08007333   Thumb Code    32  mb_m_1.o(.text)
    eMBMasterDisable                         0x08007353   Thumb Code    42  mb_m_1.o(.text)
    ucMBMasterGetDestAddress                 0x0800737d   Thumb Code     6  mb_m_1.o(.text)
    eMBMasterGetErrorType                    0x08007383   Thumb Code     6  mb_m_1.o(.text)
    vMBMasterSetErrorType                    0x08007389   Thumb Code     6  mb_m_1.o(.text)
    vMBMasterSetDestAddress                  0x0800738f   Thumb Code     6  mb_m_1.o(.text)
    eMBMasterPoll                            0x08007395   Thumb Code   454  mb_m_1.o(.text)
    eMBMasterReqReadCoils                    0x080075bd   Thumb Code   102  mbfunccoils_m.o(.text)
    eMBMasterFuncReadCoils                   0x08007623   Thumb Code   152  mbfunccoils_m.o(.text)
    eMBMasterReqWriteCoil                    0x080076bb   Thumb Code   116  mbfunccoils_m.o(.text)
    eMBMasterFuncWriteCoil                   0x0800772f   Thumb Code   112  mbfunccoils_m.o(.text)
    eMBMasterReqWriteMultipleCoils           0x0800779f   Thumb Code   192  mbfunccoils_m.o(.text)
    eMBMasterFuncWriteMultipleCoils          0x0800785f   Thumb Code   150  mbfunccoils_m.o(.text)
    eMBMasterReqReadDiscreteInputs           0x080078f5   Thumb Code   102  mbfuncdisc_m.o(.text)
    eMBMasterFuncReadDiscreteInputs          0x0800795b   Thumb Code   150  mbfuncdisc_m.o(.text)
    eMBMasterReqWriteHoldingRegister         0x080079f1   Thumb Code   102  mbfuncholding_m.o(.text)
    eMBMasterFuncWriteHoldingRegister        0x08007a57   Thumb Code    66  mbfuncholding_m.o(.text)
    eMBMasterReqWriteMultipleHoldingRegister 0x08007a99   Thumb Code   168  mbfuncholding_m.o(.text)
    eMBMasterFuncWriteMultipleHoldingRegister 0x08007b41   Thumb Code   114  mbfuncholding_m.o(.text)
    eMBMasterReqReadHoldingRegister          0x08007bb3   Thumb Code   102  mbfuncholding_m.o(.text)
    eMBMasterFuncReadHoldingRegister         0x08007c19   Thumb Code   116  mbfuncholding_m.o(.text)
    eMBMasterReqReadWriteMultipleHoldingRegister 0x08007c8d   Thumb Code   202  mbfuncholding_m.o(.text)
    eMBMasterFuncReadWriteMultipleHoldingRegister 0x08007d57   Thumb Code   164  mbfuncholding_m.o(.text)
    eMBMasterReqReadInputRegister            0x08007dfb   Thumb Code   102  mbfuncinput_m.o(.text)
    eMBMasterFuncReadInputRegister           0x08007e61   Thumb Code   114  mbfuncinput_m.o(.text)
    eMBMasterRTUInit                         0x08007ed5   Thumb Code    90  mbrtu_m.o(.text)
    eMBMasterRTUStart                        0x08007f2f   Thumb Code    34  mbrtu_m.o(.text)
    eMBMasterRTUStop                         0x08007f51   Thumb Code    28  mbrtu_m.o(.text)
    eMBMasterRTUReceive                      0x08007f6d   Thumb Code    74  mbrtu_m.o(.text)
    eMBMasterRTUSend                         0x08007fb7   Thumb Code   136  mbrtu_m.o(.text)
    xMBMasterRTUReceiveFSM                   0x0800803f   Thumb Code    94  mbrtu_m.o(.text)
    xMBMasterRTUTransmitFSM                  0x0800809d   Thumb Code   126  mbrtu_m.o(.text)
    xMBMasterRTUTimerExpired                 0x0800811b   Thumb Code   130  mbrtu_m.o(.text)
    vMBMasterGetRTUSndBuf                    0x0800819d   Thumb Code     6  mbrtu_m.o(.text)
    vMBMasterGetPDUSndBuf                    0x080081a3   Thumb Code     8  mbrtu_m.o(.text)
    vMBMasterSetPDUSndLength                 0x080081ab   Thumb Code     6  mbrtu_m.o(.text)
    usMBMasterGetPDUSndLength                0x080081b1   Thumb Code     6  mbrtu_m.o(.text)
    vMBMasterSetCurTimerMode                 0x080081b7   Thumb Code     6  mbrtu_m.o(.text)
    xMBMasterRequestIsBroadcast              0x080081bd   Thumb Code     6  mbrtu_m.o(.text)
    xMBMasterGetTimerT35Count                0x080081c3   Thumb Code     6  mbrtu_m.o(.text)
    __aeabi_assert                           0x08008201   Thumb Code    86  assert.o(.text)
    __assert                                 0x08008201   Thumb Code     0  assert.o(.text)
    __aeabi_memcpy                           0x08008281   Thumb Code     0  rt_memcpy_v6.o(.text)
    __rt_memcpy                              0x08008281   Thumb Code   138  rt_memcpy_v6.o(.text)
    _memcpy_lastbytes                        0x080082e7   Thumb Code     0  rt_memcpy_v6.o(.text)
    __aeabi_memclr                           0x0800830b   Thumb Code     0  rt_memclr.o(.text)
    __rt_memclr                              0x0800830b   Thumb Code    68  rt_memclr.o(.text)
    _memset                                  0x0800830f   Thumb Code     0  rt_memclr.o(.text)
    __use_two_region_memory                  0x0800834f   Thumb Code     2  heapauxi.o(.text)
    __rt_heap_escrow$2region                 0x08008351   Thumb Code     2  heapauxi.o(.text)
    __rt_heap_expand$2region                 0x08008353   Thumb Code     2  heapauxi.o(.text)
    __read_errno                             0x08008355   Thumb Code    10  _rserrno.o(.text)
    __set_errno                              0x0800835f   Thumb Code    12  _rserrno.o(.text)
    abort                                    0x0800836b   Thumb Code    16  abort.o(.text)
    __assert_puts                            0x0800837b   Thumb Code    20  assert_puts.o(.text)
    __aeabi_memcpy4                          0x0800838f   Thumb Code     0  rt_memcpy_w.o(.text)
    __aeabi_memcpy8                          0x0800838f   Thumb Code     0  rt_memcpy_w.o(.text)
    __rt_memcpy_w                            0x0800838f   Thumb Code   100  rt_memcpy_w.o(.text)
    _memcpy_lastbytes_aligned                0x080083d7   Thumb Code     0  rt_memcpy_w.o(.text)
    __aeabi_memclr4                          0x080083f3   Thumb Code     0  rt_memclr_w.o(.text)
    __aeabi_memclr8                          0x080083f3   Thumb Code     0  rt_memclr_w.o(.text)
    __rt_memclr_w                            0x080083f3   Thumb Code    78  rt_memclr_w.o(.text)
    _memset_w                                0x080083f7   Thumb Code     0  rt_memclr_w.o(.text)
    _ttywrch                                 0x08008441   Thumb Code    14  sys_wrch.o(.text)
    _sys_exit                                0x08008451   Thumb Code     8  sys_exit.o(.text)
    __aeabi_errno_addr                       0x0800845d   Thumb Code     8  rt_errno_addr_intlibspace.o(.text)
    __errno$intlibspace                      0x0800845d   Thumb Code     0  rt_errno_addr_intlibspace.o(.text)
    __rt_errno_addr$intlibspace              0x0800845d   Thumb Code     0  rt_errno_addr_intlibspace.o(.text)
    __rt_SIGABRT                             0x08008465   Thumb Code    14  defsig_abrt_outer.o(.text)
    __user_libspace                          0x08008475   Thumb Code     8  libspace.o(.text)
    __user_perproc_libspace                  0x08008475   Thumb Code     0  libspace.o(.text)
    __user_perthread_libspace                0x08008475   Thumb Code     0  libspace.o(.text)
    __I$use$semihosting                      0x0800847d   Thumb Code     0  use_no_semi.o(.text)
    __use_no_semihosting_swi                 0x0800847d   Thumb Code     2  use_no_semi.o(.text)
    __semihosting_library_function           0x0800847f   Thumb Code     0  indicate_semi.o(.text)
    __user_setup_stackheap                   0x0800847f   Thumb Code    74  sys_stackheap_outer.o(.text)
    exit                                     0x080084c9   Thumb Code    12  exit.o(.text)
    __sig_exit                               0x080084d5   Thumb Code    10  defsig_exit.o(.text)
    __rt_SIGABRT_inner                       0x080084e1   Thumb Code    14  defsig_abrt_inner.o(.text)
    __default_signal_display                 0x08008511   Thumb Code    50  defsig_general.o(.text)
    __kernel_poly                            0x08008543   Thumb Code   170  poly.o(i.__kernel_poly)
    __mathlib_dbl_divzero                    0x080085ed   Thumb Code    12  dunder.o(i.__mathlib_dbl_divzero)
    __mathlib_dbl_infnan                     0x080085fd   Thumb Code     6  dunder.o(i.__mathlib_dbl_infnan)
    __mathlib_dbl_invalid                    0x08008603   Thumb Code    12  dunder.o(i.__mathlib_dbl_invalid)
    log                                      0x08008611   Thumb Code   808  log.o(i.log)
    __aeabi_d2f                              0x0800896d   Thumb Code     0  d2f.o(x$fpl$d2f)
    _d2f                                     0x0800896d   Thumb Code    98  d2f.o(x$fpl$d2f)
    __aeabi_dadd                             0x080089d1   Thumb Code     0  daddsub_clz.o(x$fpl$dadd)
    _dadd                                    0x080089d1   Thumb Code   332  daddsub_clz.o(x$fpl$dadd)
    __fpl_dcheck_NaN1                        0x08008b21   Thumb Code    10  dcheck1.o(x$fpl$dcheck1)
    __fpl_dcmp_Inf                           0x08008b31   Thumb Code    24  dcmpi.o(x$fpl$dcmpinf)
    __aeabi_ddiv                             0x08008b49   Thumb Code     0  ddiv.o(x$fpl$ddiv)
    _ddiv                                    0x08008b49   Thumb Code   552  ddiv.o(x$fpl$ddiv)
    __aeabi_cdcmpeq                          0x08008df9   Thumb Code     0  deqf.o(x$fpl$deqf)
    _dcmpeq                                  0x08008df9   Thumb Code   120  deqf.o(x$fpl$deqf)
    __aeabi_i2d                              0x08008e71   Thumb Code     0  dflt_clz.o(x$fpl$dflt)
    _dflt                                    0x08008e71   Thumb Code    46  dflt_clz.o(x$fpl$dflt)
    __aeabi_dmul                             0x08008ea1   Thumb Code     0  dmul.o(x$fpl$dmul)
    _dmul                                    0x08008ea1   Thumb Code   332  dmul.o(x$fpl$dmul)
    __fpl_dnaninf                            0x08008ff5   Thumb Code   156  dnaninf.o(x$fpl$dnaninf)
    __fpl_dretinf                            0x08009091   Thumb Code    12  dretinf.o(x$fpl$dretinf)
    __aeabi_drsub                            0x0800909d   Thumb Code     0  daddsub_clz.o(x$fpl$drsb)
    _drsb                                    0x0800909d   Thumb Code    22  daddsub_clz.o(x$fpl$drsb)
    __aeabi_dsub                             0x080090b5   Thumb Code     0  daddsub_clz.o(x$fpl$dsub)
    _dsub                                    0x080090b5   Thumb Code   464  daddsub_clz.o(x$fpl$dsub)
    __aeabi_f2d                              0x08009289   Thumb Code     0  f2d.o(x$fpl$f2d)
    _f2d                                     0x08009289   Thumb Code    86  f2d.o(x$fpl$f2d)
    __aeabi_fadd                             0x080092e1   Thumb Code     0  faddsub_clz.o(x$fpl$fadd)
    _fadd                                    0x080092e1   Thumb Code   196  faddsub_clz.o(x$fpl$fadd)
    __aeabi_fdiv                             0x080093a5   Thumb Code     0  fdiv.o(x$fpl$fdiv)
    _fdiv                                    0x080093a5   Thumb Code   384  fdiv.o(x$fpl$fdiv)
    __aeabi_f2iz                             0x08009529   Thumb Code     0  ffix.o(x$fpl$ffix)
    _ffix                                    0x08009529   Thumb Code    54  ffix.o(x$fpl$ffix)
    __aeabi_f2uiz                            0x08009561   Thumb Code     0  ffixu.o(x$fpl$ffixu)
    _ffixu                                   0x08009561   Thumb Code    62  ffixu.o(x$fpl$ffixu)
    __aeabi_i2f                              0x080095a1   Thumb Code     0  fflt_clz.o(x$fpl$fflt)
    _fflt                                    0x080095a1   Thumb Code    48  fflt_clz.o(x$fpl$fflt)
    __aeabi_ui2f                             0x080095d1   Thumb Code     0  fflt_clz.o(x$fpl$ffltu)
    _ffltu                                   0x080095d1   Thumb Code    38  fflt_clz.o(x$fpl$ffltu)
    __aeabi_fmul                             0x080095f9   Thumb Code     0  fmul.o(x$fpl$fmul)
    _fmul                                    0x080095f9   Thumb Code   258  fmul.o(x$fpl$fmul)
    __fpl_fnaninf                            0x080096fb   Thumb Code   140  fnaninf.o(x$fpl$fnaninf)
    __fpl_fretinf                            0x08009787   Thumb Code    10  fretinf.o(x$fpl$fretinf)
    __aeabi_fsub                             0x08009791   Thumb Code     0  faddsub_clz.o(x$fpl$fsub)
    _fsub                                    0x08009791   Thumb Code   234  faddsub_clz.o(x$fpl$fsub)
    __fpl_return_NaN                         0x0800987b   Thumb Code   100  retnan.o(x$fpl$retnan)
    __ARM_scalbn                             0x080098df   Thumb Code    92  scalbn.o(x$fpl$scalbn)
    __fpl_cmpreturn                          0x0800993b   Thumb Code    48  trapv.o(x$fpl$trapveneer)
    OSUnMapTbl                               0x0800996a   Data         256  os_core.o(.constdata)
    __I$use$fp                               0x0800996a   Number         0  usenofp.o(x$fpl$usenofp)
    __mathlib_zero                           0x08009ca8   Data           8  qnan.o(.constdata)
    Region$$Table$$Base                      0x08009d14   Number         0  anon$$obj.o(Region$$Table)
    Region$$Table$$Limit                     0x08009d34   Number         0  anon$$obj.o(Region$$Table)
    usMDiscInStart                           0x20000008   Data           2  user_mb_app_m.o(.data)
    ucMDiscInBuf                             0x2000000a   Data           8  user_mb_app_m.o(.data)
    usMCoilStart                             0x20000012   Data           2  user_mb_app_m.o(.data)
    usMRegInStart                            0x20000014   Data           2  user_mb_app_m.o(.data)
    usMRegHoldStart                          0x20000016   Data           2  user_mb_app_m.o(.data)
    SystemCoreClock                          0x20000018   Data           4  system_stm32f10x.o(.data)
    AHBPrescTable                            0x2000001c   Data          16  system_stm32f10x.o(.data)
    OSCtxSwCtr                               0x20000044   Data           4  os_core.o(.data)
    OSEventFreeList                          0x20000048   Data           4  os_core.o(.data)
    OSFlagFreeList                           0x2000004c   Data           4  os_core.o(.data)
    OSCPUUsage                               0x20000050   Data           1  os_core.o(.data)
    OSIdleCtrMax                             0x20000054   Data           4  os_core.o(.data)
    OSIdleCtrRun                             0x20000058   Data           4  os_core.o(.data)
    OSStatRdy                                0x2000005c   Data           1  os_core.o(.data)
    OSIntNesting                             0x2000005d   Data           1  os_core.o(.data)
    OSLockNesting                            0x2000005e   Data           1  os_core.o(.data)
    OSPrioCur                                0x2000005f   Data           1  os_core.o(.data)
    OSPrioHighRdy                            0x20000060   Data           1  os_core.o(.data)
    OSRdyGrp                                 0x20000061   Data           1  os_core.o(.data)
    OSRdyTbl                                 0x20000062   Data           8  os_core.o(.data)
    OSRunning                                0x2000006a   Data           1  os_core.o(.data)
    OSTaskCtr                                0x2000006b   Data           1  os_core.o(.data)
    OSIdleCtr                                0x2000006c   Data           4  os_core.o(.data)
    OSTCBCur                                 0x20000070   Data           4  os_core.o(.data)
    OSTCBFreeList                            0x20000074   Data           4  os_core.o(.data)
    OSTCBHighRdy                             0x20000078   Data           4  os_core.o(.data)
    OSTCBList                                0x2000007c   Data           4  os_core.o(.data)
    OSTickStepState                          0x20000080   Data           1  os_core.o(.data)
    OSQFreeList                              0x20000084   Data           4  os_core.o(.data)
    OSTime                                   0x20000088   Data           4  os_core.o(.data)
    pxMBFrameCBByteReceived                  0x200000b4   Data           4  mb.o(.data)
    pxMBFrameCBTransmitterEmpty              0x200000b8   Data           4  mb.o(.data)
    pxMBPortCBTimerExpired                   0x200000bc   Data           4  mb.o(.data)
    pxMBFrameCBReceiveFSMCur                 0x200000c0   Data           4  mb.o(.data)
    pxMBFrameCBTransmitFSMCur                0x200000c4   Data           4  mb.o(.data)
    modbus_flag                              0x20000154   Data           4  port.o(.data)
    DMA_MasterTX_Cnt                         0x20000170   Data           2  portserial_m.o(.data)
    DMA_MasterRX_Cnt                         0x20000172   Data           2  portserial_m.o(.data)
    pxMBMasterFrameCBByteReceived            0x2000018c   Data           4  mb_m_1.o(.data)
    pxMBMasterFrameCBTransmitterEmpty        0x20000190   Data           4  mb_m_1.o(.data)
    pxMBMasterPortCBTimerExpired             0x20000194   Data           4  mb_m_1.o(.data)
    pxMBMasterFrameCBReceiveFSMCur           0x20000198   Data           4  mb_m_1.o(.data)
    pxMBMasterFrameCBTransmitFSMCur          0x2000019c   Data           4  mb_m_1.o(.data)
    sys                                      0x2000023c   Data          28  main.o(.bss)
    START_TASK_STK                           0x20000258   Data         256  main.o(.bss)
    COM_INTERFACE_TASK_STK                   0x20000358   Data        1024  main.o(.bss)
    HMI_INTERFACE_TASK_STK                   0x20000758   Data        1024  main.o(.bss)
    MONITOR_TASK_STK                         0x20000b58   Data        1024  main.o(.bss)
    CONTROL_TASK_STK                         0x20000f58   Data         512  main.o(.bss)
    LED_TASK_STK                             0x20001158   Data         512  main.o(.bss)
    ucMCoilBuf                               0x20001358   Data          32  user_mb_app_m.o(.bss)
    usMRegInBuf                              0x20001378   Data          80  user_mb_app_m.o(.bss)
    usMRegHoldBuf                            0x200013c8   Data          80  user_mb_app_m.o(.bss)
    ADC_ConvertedValue                       0x20001418   Data          24  adc.o(.bss)
    OSEventTbl                               0x20001430   Data         200  os_core.o(.bss)
    OSFlagTbl                                0x200014f8   Data          80  os_core.o(.bss)
    OSTaskStatStk                            0x20001548   Data         512  os_core.o(.bss)
    OSTaskIdleStk                            0x20001748   Data         512  os_core.o(.bss)
    OSTCBPrioTbl                             0x20001948   Data         256  os_core.o(.bss)
    OSTCBTbl                                 0x20001a48   Data        1008  os_core.o(.bss)
    OSQTbl                                   0x20001e38   Data         120  os_core.o(.bss)
    ucRTUBuf                                 0x20001ed0   Data         256  mbrtu.o(.bss)
    usRegHoldingBuf                          0x20001fd0   Data          56  port.o(.bss)
    USART3_DMA_RX_Buffer                     0x20002028   Data         256  portserial_m.o(.bss)
    USART3_DMA_TX_Buffer                     0x20002128   Data         256  portserial_m.o(.bss)
    __libspace_start                         0x20002428   Data          96  libspace.o(.bss)
    __temporary_stack_top$libspace           0x20002488   Data           0  libspace.o(.bss)



==============================================================================

Memory Map of the image

  Image Entry point : 0x080000ed

  Load Region LR_IROM1 (Base: 0x08000000, Size: 0x00009f70, Max: 0x00040000, ABSOLUTE, COMPRESSED[0x00009dbc])

    Execution Region ER_IROM1 (Exec base: 0x08000000, Load base: 0x08000000, Size: 0x00009d34, Max: 0x00040000, ABSOLUTE)

    Exec Addr    Load Addr    Size         Type   Attr      Idx    E Section Name        Object

    0x08000000   0x08000000   0x000000ec   Data   RO          235    RESET               startup_stm32f10x_md.o
    0x080000ec   0x080000ec   0x00000008   Code   RO         1009  * !!!main             c_w.l(__main.o)
    0x080000f4   0x080000f4   0x00000034   Code   RO         1282    !!!scatter          c_w.l(__scatter.o)
    0x08000128   0x08000128   0x0000005a   Code   RO         1280    !!dczerorl2         c_w.l(__dczerorl2.o)
    0x08000182   0x08000182   0x00000002   PAD
    0x08000184   0x08000184   0x0000001c   Code   RO         1284    !!handler_zi        c_w.l(__scatter_zi.o)
    0x080001a0   0x080001a0   0x00000002   Code   RO         1163    .ARM.Collect$$libinit$$00000000  c_w.l(libinit.o)
    0x080001a2   0x080001a2   0x00000000   Code   RO         1173    .ARM.Collect$$libinit$$00000002  c_w.l(libinit2.o)
    0x080001a2   0x080001a2   0x00000000   Code   RO         1175    .ARM.Collect$$libinit$$00000004  c_w.l(libinit2.o)
    0x080001a2   0x080001a2   0x00000000   Code   RO         1178    .ARM.Collect$$libinit$$0000000A  c_w.l(libinit2.o)
    0x080001a2   0x080001a2   0x00000000   Code   RO         1180    .ARM.Collect$$libinit$$0000000C  c_w.l(libinit2.o)
    0x080001a2   0x080001a2   0x00000000   Code   RO         1182    .ARM.Collect$$libinit$$0000000E  c_w.l(libinit2.o)
    0x080001a2   0x080001a2   0x00000000   Code   RO         1185    .ARM.Collect$$libinit$$00000011  c_w.l(libinit2.o)
    0x080001a2   0x080001a2   0x00000000   Code   RO         1187    .ARM.Collect$$libinit$$00000013  c_w.l(libinit2.o)
    0x080001a2   0x080001a2   0x00000000   Code   RO         1189    .ARM.Collect$$libinit$$00000015  c_w.l(libinit2.o)
    0x080001a2   0x080001a2   0x00000000   Code   RO         1191    .ARM.Collect$$libinit$$00000017  c_w.l(libinit2.o)
    0x080001a2   0x080001a2   0x00000000   Code   RO         1193    .ARM.Collect$$libinit$$00000019  c_w.l(libinit2.o)
    0x080001a2   0x080001a2   0x00000000   Code   RO         1195    .ARM.Collect$$libinit$$0000001B  c_w.l(libinit2.o)
    0x080001a2   0x080001a2   0x00000000   Code   RO         1197    .ARM.Collect$$libinit$$0000001D  c_w.l(libinit2.o)
    0x080001a2   0x080001a2   0x00000000   Code   RO         1199    .ARM.Collect$$libinit$$0000001F  c_w.l(libinit2.o)
    0x080001a2   0x080001a2   0x00000000   Code   RO         1201    .ARM.Collect$$libinit$$00000021  c_w.l(libinit2.o)
    0x080001a2   0x080001a2   0x00000000   Code   RO         1203    .ARM.Collect$$libinit$$00000023  c_w.l(libinit2.o)
    0x080001a2   0x080001a2   0x00000000   Code   RO         1205    .ARM.Collect$$libinit$$00000025  c_w.l(libinit2.o)
    0x080001a2   0x080001a2   0x00000000   Code   RO         1209    .ARM.Collect$$libinit$$0000002C  c_w.l(libinit2.o)
    0x080001a2   0x080001a2   0x00000000   Code   RO         1211    .ARM.Collect$$libinit$$0000002E  c_w.l(libinit2.o)
    0x080001a2   0x080001a2   0x00000000   Code   RO         1213    .ARM.Collect$$libinit$$00000030  c_w.l(libinit2.o)
    0x080001a2   0x080001a2   0x00000000   Code   RO         1215    .ARM.Collect$$libinit$$00000032  c_w.l(libinit2.o)
    0x080001a2   0x080001a2   0x00000002   Code   RO         1216    .ARM.Collect$$libinit$$00000033  c_w.l(libinit2.o)
    0x080001a4   0x080001a4   0x00000002   Code   RO         1254    .ARM.Collect$$libshutdown$$00000000  c_w.l(libshutdown.o)
    0x080001a6   0x080001a6   0x00000000   Code   RO         1265    .ARM.Collect$$libshutdown$$00000003  c_w.l(libshutdown2.o)
    0x080001a6   0x080001a6   0x00000000   Code   RO         1268    .ARM.Collect$$libshutdown$$00000006  c_w.l(libshutdown2.o)
    0x080001a6   0x080001a6   0x00000000   Code   RO         1271    .ARM.Collect$$libshutdown$$00000009  c_w.l(libshutdown2.o)
    0x080001a6   0x080001a6   0x00000000   Code   RO         1273    .ARM.Collect$$libshutdown$$0000000B  c_w.l(libshutdown2.o)
    0x080001a6   0x080001a6   0x00000000   Code   RO         1276    .ARM.Collect$$libshutdown$$0000000E  c_w.l(libshutdown2.o)
    0x080001a6   0x080001a6   0x00000002   Code   RO         1277    .ARM.Collect$$libshutdown$$0000000F  c_w.l(libshutdown2.o)
    0x080001a8   0x080001a8   0x00000000   Code   RO         1055    .ARM.Collect$$rtentry$$00000000  c_w.l(__rtentry.o)
    0x080001a8   0x080001a8   0x00000000   Code   RO         1115    .ARM.Collect$$rtentry$$00000002  c_w.l(__rtentry2.o)
    0x080001a8   0x080001a8   0x00000006   Code   RO         1127    .ARM.Collect$$rtentry$$00000004  c_w.l(__rtentry4.o)
    0x080001ae   0x080001ae   0x00000000   Code   RO         1117    .ARM.Collect$$rtentry$$00000009  c_w.l(__rtentry2.o)
    0x080001ae   0x080001ae   0x00000004   Code   RO         1118    .ARM.Collect$$rtentry$$0000000A  c_w.l(__rtentry2.o)
    0x080001b2   0x080001b2   0x00000000   Code   RO         1120    .ARM.Collect$$rtentry$$0000000C  c_w.l(__rtentry2.o)
    0x080001b2   0x080001b2   0x00000008   Code   RO         1121    .ARM.Collect$$rtentry$$0000000D  c_w.l(__rtentry2.o)
    0x080001ba   0x080001ba   0x00000002   Code   RO         1166    .ARM.Collect$$rtexit$$00000000  c_w.l(rtexit.o)
    0x080001bc   0x080001bc   0x00000000   Code   RO         1220    .ARM.Collect$$rtexit$$00000002  c_w.l(rtexit2.o)
    0x080001bc   0x080001bc   0x00000004   Code   RO         1221    .ARM.Collect$$rtexit$$00000003  c_w.l(rtexit2.o)
    0x080001c0   0x080001c0   0x00000006   Code   RO         1222    .ARM.Collect$$rtexit$$00000004  c_w.l(rtexit2.o)
    0x080001c6   0x080001c6   0x00000002   PAD
    0x080001c8   0x080001c8   0x00000498   Code   RO            1    .text               main.o
    0x08000660   0x08000660   0x00000348   Code   RO          166    .text               user_mb_app_m.o
    0x080009a8   0x080009a8   0x000001e0   Code   RO          185    .text               system_stm32f10x.o
    0x08000b88   0x08000b88   0x00000040   Code   RO          236    .text               startup_stm32f10x_md.o
    0x08000bc8   0x08000bc8   0x000000dc   Code   RO          240    .text               misc.o
    0x08000ca4   0x08000ca4   0x0000035c   Code   RO          252    .text               stm32f10x_gpio.o
    0x08001000   0x08001000   0x000003a4   Code   RO          264    .text               stm32f10x_rcc.o
    0x080013a4   0x080013a4   0x00000408   Code   RO          278    .text               stm32f10x_usart.o
    0x080017ac   0x080017ac   0x00000e1a   Code   RO          290    .text               stm32f10x_tim.o
    0x080025c6   0x080025c6   0x00000002   PAD
    0x080025c8   0x080025c8   0x0000044e   Code   RO          302    .text               stm32f10x_adc.o
    0x08002a16   0x08002a16   0x00000002   PAD
    0x08002a18   0x08002a18   0x0000018c   Code   RO          314    .text               stm32f10x_dac.o
    0x08002ba4   0x08002ba4   0x00000254   Code   RO          326    .text               stm32f10x_dma.o
    0x08002df8   0x08002df8   0x000000cc   Code   RO          338    .text               stm32f10x_pwr.o
    0x08002ec4   0x08002ec4   0x0000011c   Code   RO          350    .text               stm32f10x_exti.o
    0x08002fe0   0x08002fe0   0x00000120   Code   RO          362    .text               delay.o
    0x08003100   0x08003100   0x0000000c   Code   RO          376    .text               sys.o
    0x0800310c   0x0800310c   0x000001b4   Code   RO          388    .text               gpio.o
    0x080032c0   0x080032c0   0x000001c8   Code   RO          412    .text               adc.o
    0x08003488   0x08003488   0x000000b8   Code   RO          427    .text               dac.o
    0x08003540   0x08003540   0x00000890   Code   RO          451    .text               os_core.o
    0x08003dd0   0x08003dd0   0x0000080c   Code   RO          471    .text               os_flag.o
    0x080045dc   0x080045dc   0x000005e8   Code   RO          513    .text               os_q.o
    0x08004bc4   0x08004bc4   0x0000038c   Code   RO          525    .text               os_sem.o
    0x08004f50   0x08004f50   0x000007c4   Code   RO          537    .text               os_task.o
    0x08005714   0x08005714   0x000001b0   Code   RO          549    .text               os_time.o
    0x080058c4   0x080058c4   0x000000ae   Code   RO          567    .text               os_cpu_c.o
    0x08005972   0x08005972   0x00000002   PAD
    0x08005974   0x08005974   0x000000b4   Code   RO          598    .text               os_cpu_a.o
    0x08005a28   0x08005a28   0x000001ae   Code   RO          635    .text               mbfunccoils.o
    0x08005bd6   0x08005bd6   0x000000ac   Code   RO          650    .text               mbfuncdisc.o
    0x08005c82   0x08005c82   0x00000210   Code   RO          662    .text               mbfuncholding.o
    0x08005e92   0x08005e92   0x0000008c   Code   RO          674    .text               mbfuncinput.o
    0x08005f1e   0x08005f1e   0x00000002   PAD
    0x08005f20   0x08005f20   0x00000094   Code   RO          686    .text               mbfuncother.o
    0x08005fb4   0x08005fb4   0x000000e4   Code   RO          701    .text               mbutils.o
    0x08006098   0x08006098   0x00000038   Code   RO          713    .text               mbcrc.o
    0x080060d0   0x080060d0   0x0000037c   Code   RO          731    .text               mbrtu.o
    0x0800644c   0x0800644c   0x000002f8   Code   RO          764    .text               mb.o
    0x08006744   0x08006744   0x000001d0   Code   RO          786    .text               port.o
    0x08006914   0x08006914   0x0000003c   Code   RO          812    .text               portevent.o
    0x08006950   0x08006950   0x00000190   Code   RO          837    .text               portserial.o
    0x08006ae0   0x08006ae0   0x00000108   Code   RO          849    .text               porttimer.o
    0x08006be8   0x08006be8   0x00000194   Code   RO          861    .text               portevent_m.o
    0x08006d7c   0x08006d7c   0x000003c0   Code   RO          886    .text               portserial_m.o
    0x0800713c   0x0800713c   0x0000015c   Code   RO          902    .text               porttimer_m.o
    0x08007298   0x08007298   0x00000324   Code   RO          914    .text               mb_m_1.o
    0x080075bc   0x080075bc   0x00000338   Code   RO          936    .text               mbfunccoils_m.o
    0x080078f4   0x080078f4   0x000000fc   Code   RO          948    .text               mbfuncdisc_m.o
    0x080079f0   0x080079f0   0x0000040a   Code   RO          960    .text               mbfuncholding_m.o
    0x08007dfa   0x08007dfa   0x000000d8   Code   RO          972    .text               mbfuncinput_m.o
    0x08007ed2   0x08007ed2   0x00000002   PAD
    0x08007ed4   0x08007ed4   0x0000032c   Code   RO          984    .text               mbrtu_m.o
    0x08008200   0x08008200   0x00000080   Code   RO         1001    .text               c_w.l(assert.o)
    0x08008280   0x08008280   0x0000008a   Code   RO         1003    .text               c_w.l(rt_memcpy_v6.o)
    0x0800830a   0x0800830a   0x00000044   Code   RO         1005    .text               c_w.l(rt_memclr.o)
    0x0800834e   0x0800834e   0x00000006   Code   RO         1007    .text               c_w.l(heapauxi.o)
    0x08008354   0x08008354   0x00000016   Code   RO         1056    .text               c_w.l(_rserrno.o)
    0x0800836a   0x0800836a   0x00000010   Code   RO         1058    .text               c_w.l(abort.o)
    0x0800837a   0x0800837a   0x00000014   Code   RO         1060    .text               c_w.l(assert_puts.o)
    0x0800838e   0x0800838e   0x00000064   Code   RO         1062    .text               c_w.l(rt_memcpy_w.o)
    0x080083f2   0x080083f2   0x0000004e   Code   RO         1064    .text               c_w.l(rt_memclr_w.o)
    0x08008440   0x08008440   0x0000000e   Code   RO         1110    .text               c_w.l(sys_wrch.o)
    0x0800844e   0x0800844e   0x00000002   PAD
    0x08008450   0x08008450   0x0000000c   Code   RO         1112    .text               c_w.l(sys_exit.o)
    0x0800845c   0x0800845c   0x00000008   Code   RO         1132    .text               c_w.l(rt_errno_addr_intlibspace.o)
    0x08008464   0x08008464   0x0000000e   Code   RO         1134    .text               c_w.l(defsig_abrt_outer.o)
    0x08008472   0x08008472   0x00000002   PAD
    0x08008474   0x08008474   0x00000008   Code   RO         1142    .text               c_w.l(libspace.o)
    0x0800847c   0x0800847c   0x00000002   Code   RO         1145    .text               c_w.l(use_no_semi.o)
    0x0800847e   0x0800847e   0x00000000   Code   RO         1147    .text               c_w.l(indicate_semi.o)
    0x0800847e   0x0800847e   0x0000004a   Code   RO         1148    .text               c_w.l(sys_stackheap_outer.o)
    0x080084c8   0x080084c8   0x0000000c   Code   RO         1152    .text               c_w.l(exit.o)
    0x080084d4   0x080084d4   0x0000000a   Code   RO         1154    .text               c_w.l(defsig_exit.o)
    0x080084de   0x080084de   0x00000002   PAD
    0x080084e0   0x080084e0   0x00000030   Code   RO         1156    .text               c_w.l(defsig_abrt_inner.o)
    0x08008510   0x08008510   0x00000032   Code   RO         1170    .text               c_w.l(defsig_general.o)
    0x08008542   0x08008542   0x000000aa   Code   RO         1107    i.__kernel_poly     m_ws.l(poly.o)
    0x080085ec   0x080085ec   0x00000010   Code   RO         1093    i.__mathlib_dbl_divzero  m_ws.l(dunder.o)
    0x080085fc   0x080085fc   0x00000006   Code   RO         1094    i.__mathlib_dbl_infnan  m_ws.l(dunder.o)
    0x08008602   0x08008602   0x0000000c   Code   RO         1096    i.__mathlib_dbl_invalid  m_ws.l(dunder.o)
    0x0800860e   0x0800860e   0x00000002   PAD
    0x08008610   0x08008610   0x0000035c   Code   RO         1046    i.log               m_ws.l(log.o)
    0x0800896c   0x0800896c   0x00000062   Code   RO         1011    x$fpl$d2f           fz_ws.l(d2f.o)
    0x080089ce   0x080089ce   0x00000002   PAD
    0x080089d0   0x080089d0   0x00000150   Code   RO         1066    x$fpl$dadd          fz_ws.l(daddsub_clz.o)
    0x08008b20   0x08008b20   0x00000010   Code   RO         1138    x$fpl$dcheck1       fz_ws.l(dcheck1.o)
    0x08008b30   0x08008b30   0x00000018   Code   RO         1140    x$fpl$dcmpinf       fz_ws.l(dcmpi.o)
    0x08008b48   0x08008b48   0x000002b0   Code   RO         1014    x$fpl$ddiv          fz_ws.l(ddiv.o)
    0x08008df8   0x08008df8   0x00000078   Code   RO         1072    x$fpl$deqf          fz_ws.l(deqf.o)
    0x08008e70   0x08008e70   0x0000002e   Code   RO         1075    x$fpl$dflt          fz_ws.l(dflt_clz.o)
    0x08008e9e   0x08008e9e   0x00000002   PAD
    0x08008ea0   0x08008ea0   0x00000154   Code   RO         1080    x$fpl$dmul          fz_ws.l(dmul.o)
    0x08008ff4   0x08008ff4   0x0000009c   Code   RO         1082    x$fpl$dnaninf       fz_ws.l(dnaninf.o)
    0x08009090   0x08009090   0x0000000c   Code   RO         1084    x$fpl$dretinf       fz_ws.l(dretinf.o)
    0x0800909c   0x0800909c   0x00000016   Code   RO         1067    x$fpl$drsb          fz_ws.l(daddsub_clz.o)
    0x080090b2   0x080090b2   0x00000002   PAD
    0x080090b4   0x080090b4   0x000001d4   Code   RO         1068    x$fpl$dsub          fz_ws.l(daddsub_clz.o)
    0x08009288   0x08009288   0x00000056   Code   RO         1017    x$fpl$f2d           fz_ws.l(f2d.o)
    0x080092de   0x080092de   0x00000002   PAD
    0x080092e0   0x080092e0   0x000000c4   Code   RO         1019    x$fpl$fadd          fz_ws.l(faddsub_clz.o)
    0x080093a4   0x080093a4   0x00000184   Code   RO         1026    x$fpl$fdiv          fz_ws.l(fdiv.o)
    0x08009528   0x08009528   0x00000036   Code   RO         1029    x$fpl$ffix          fz_ws.l(ffix.o)
    0x0800955e   0x0800955e   0x00000002   PAD
    0x08009560   0x08009560   0x0000003e   Code   RO         1033    x$fpl$ffixu         fz_ws.l(ffixu.o)
    0x0800959e   0x0800959e   0x00000002   PAD
    0x080095a0   0x080095a0   0x00000030   Code   RO         1038    x$fpl$fflt          fz_ws.l(fflt_clz.o)
    0x080095d0   0x080095d0   0x00000026   Code   RO         1037    x$fpl$ffltu         fz_ws.l(fflt_clz.o)
    0x080095f6   0x080095f6   0x00000002   PAD
    0x080095f8   0x080095f8   0x00000102   Code   RO         1043    x$fpl$fmul          fz_ws.l(fmul.o)
    0x080096fa   0x080096fa   0x0000008c   Code   RO         1086    x$fpl$fnaninf       fz_ws.l(fnaninf.o)
    0x08009786   0x08009786   0x0000000a   Code   RO         1088    x$fpl$fretinf       fz_ws.l(fretinf.o)
    0x08009790   0x08009790   0x000000ea   Code   RO         1021    x$fpl$fsub          fz_ws.l(faddsub_clz.o)
    0x0800987a   0x0800987a   0x00000064   Code   RO         1164    x$fpl$retnan        fz_ws.l(retnan.o)
    0x080098de   0x080098de   0x0000005c   Code   RO         1090    x$fpl$scalbn        fz_ws.l(scalbn.o)
    0x0800993a   0x0800993a   0x00000030   Code   RO         1217    x$fpl$trapveneer    fz_ws.l(trapv.o)
    0x0800996a   0x0800996a   0x00000000   Code   RO         1092    x$fpl$usenofp       fz_ws.l(usenofp.o)
    0x0800996a   0x0800996a   0x00000100   Data   RO          453    .constdata          os_core.o
    0x08009a6a   0x08009a6a   0x00000200   Data   RO          714    .constdata          mbcrc.o
    0x08009c6a   0x08009c6a   0x00000006   PAD
    0x08009c70   0x08009c70   0x00000038   Data   RO         1047    .constdata          m_ws.l(log.o)
    0x08009ca8   0x08009ca8   0x00000008   Data   RO         1109    .constdata          m_ws.l(qnan.o)
    0x08009cb0   0x08009cb0   0x00000063   Data   RO          733    .conststring        mbrtu.o
    0x08009d13   0x08009d13   0x00000001   PAD
    0x08009d14   0x08009d14   0x00000020   Data   RO         1278    Region$$Table       anon$$obj.o


    Execution Region RW_IRAM1 (Exec base: 0x20000000, Load base: 0x08009d34, Size: 0x00002e88, Max: 0x0000c000, ABSOLUTE, COMPRESSED[0x00000088])

    Exec Addr    Load Addr    Size         Type   Attr      Idx    E Section Name        Object

    0x20000000   COMPRESSED   0x00000008   Data   RW            4    .data               main.o
    0x20000008   COMPRESSED   0x00000010   Data   RW          168    .data               user_mb_app_m.o
    0x20000018   COMPRESSED   0x00000014   Data   RW          186    .data               system_stm32f10x.o
    0x2000002c   COMPRESSED   0x00000014   Data   RW          265    .data               stm32f10x_rcc.o
    0x20000040   COMPRESSED   0x00000004   Data   RW          363    .data               delay.o
    0x20000044   COMPRESSED   0x00000048   Data   RW          454    .data               os_core.o
    0x2000008c   COMPRESSED   0x00000002   Data   RW          688    .data               mbfuncother.o
    0x2000008e   COMPRESSED   0x00000002   PAD
    0x20000090   COMPRESSED   0x0000000c   Data   RW          734    .data               mbrtu.o
    0x2000009c   COMPRESSED   0x000000b5   Data   RW          765    .data               mb.o
    0x20000151   COMPRESSED   0x00000003   PAD
    0x20000154   COMPRESSED   0x00000010   Data   RW          788    .data               port.o
    0x20000164   COMPRESSED   0x00000002   Data   RW          813    .data               portevent.o
    0x20000166   COMPRESSED   0x00000002   PAD
    0x20000168   COMPRESSED   0x00000008   Data   RW          862    .data               portevent_m.o
    0x20000170   COMPRESSED   0x00000004   Data   RW          888    .data               portserial_m.o
    0x20000174   COMPRESSED   0x000000b5   Data   RW          915    .data               mb_m_1.o
    0x20000229   COMPRESSED   0x00000003   PAD
    0x2000022c   COMPRESSED   0x00000010   Data   RW          986    .data               mbrtu_m.o
    0x2000023c        -       0x0000111c   Zero   RW            2    .bss                main.o
    0x20001358        -       0x000000c0   Zero   RW          167    .bss                user_mb_app_m.o
    0x20001418        -       0x00000018   Zero   RW          413    .bss                adc.o
    0x20001430        -       0x00000a80   Zero   RW          452    .bss                os_core.o
    0x20001eb0        -       0x00000020   Zero   RW          687    .bss                mbfuncother.o
    0x20001ed0        -       0x00000100   Zero   RW          732    .bss                mbrtu.o
    0x20001fd0        -       0x00000058   Zero   RW          787    .bss                port.o
    0x20002028        -       0x00000200   Zero   RW          887    .bss                portserial_m.o
    0x20002228        -       0x000001fd   Zero   RW          985    .bss                mbrtu_m.o
    0x20002425   COMPRESSED   0x00000003   PAD
    0x20002428        -       0x00000060   Zero   RW         1143    .bss                c_w.l(libspace.o)
    0x20002488        -       0x00000200   Zero   RW          234    HEAP                startup_stm32f10x_md.o
    0x20002688        -       0x00000800   Zero   RW          233    STACK               startup_stm32f10x_md.o


==============================================================================

Image component sizes


      Code (inc. data)   RO Data    RW Data    ZI Data      Debug   Object Name

       456         20          0          0         24       1945   adc.o
         0          0          0          0          0         32   core_cm3.o
       184         14          0          0          0        785   dac.o
       288         20          0          4          0       1781   delay.o
       436         20          0          0          0        992   gpio.o
      1176         90          0          8       4380     298391   main.o
       760         96          0        181          0       5045   mb.o
       804         98          0        181          0       6114   mb_m_1.o
        56          8        512          0          0       2446   mbcrc.o
       430          0          0          0          0       2982   mbfunccoils.o
       824          0          0          0          0       4947   mbfunccoils_m.o
       172          0          0          0          0       1588   mbfuncdisc.o
       252          0          0          0          0       2173   mbfuncdisc_m.o
       528          0          0          0          0       3821   mbfuncholding.o
      1034          0          0          0          0       6604   mbfuncholding_m.o
       140          0          0          0          0       1539   mbfuncinput.o
       216          0          0          0          0       2135   mbfuncinput_m.o
       148          8          0          2         32       1773   mbfuncother.o
       892        154         99         12        256      18916   mbrtu.o
       812         50          0         16        509       5345   mbrtu_m.o
       228         48          0          0          0       1890   mbutils.o
       220         22          0          0          0       1849   misc.o
      2192        218        256         72       2688      14951   os_core.o
       180         36          0          0          0        348   os_cpu_a.o
       174          0          0          0          0      10514   os_cpu_c.o
      2060         42          0          0          0       6836   os_flag.o
      1512         30          0          0          0       5565   os_q.o
       908         18          0          0          0       3906   os_sem.o
      1988         70          0          0          0       7493   os_task.o
       432         30          0          0          0       1798   os_time.o
       464         24          0         16         88       4221   port.o
        60          8          0          2          0       4132   portevent.o
       404          8          0          8          0       8020   portevent_m.o
       400         18          0          0          0       2284   portserial.o
       960         40          0          4        512       4266   portserial_m.o
       264         12          0          0          0       1257   porttimer.o
       348          6          0          0          0       1759   porttimer_m.o
        64         26        236          0       2560        816   startup_stm32f10x_md.o
      1102         26          0          0          0      10885   stm32f10x_adc.o
       396          6          0          0          0       3702   stm32f10x_dac.o
       596          8          0          0          0       4378   stm32f10x_dma.o
       284         10          0          0          0       2283   stm32f10x_exti.o
       860         38          0          0          0       5697   stm32f10x_gpio.o
       204         14          0          0          0       1943   stm32f10x_pwr.o
       932         36          0         20          0       8896   stm32f10x_rcc.o
      3610         88          0          0          0      22180   stm32f10x_tim.o
      1032         22          0          0          0       8420   stm32f10x_usart.o
        12          0          0          0          0        477   sys.o
       480         38          0         20          0       1815   system_stm32f10x.o
       840         32          0         16        192       3745   user_mb_app_m.o

    ----------------------------------------------------------------------
     32824       1552       1142        572      11244     525680   Object Totals
         0          0         32          0          0          0   (incl. Generated)
        10          0          7         10          3          0   (incl. Padding)

    ----------------------------------------------------------------------

      Code (inc. data)   RO Data    RW Data    ZI Data      Debug   Library Member Name

        90          0          0          0          0          0   __dczerorl2.o
         8          0          0          0          0         68   __main.o
         0          0          0          0          0          0   __rtentry.o
        12          0          0          0          0          0   __rtentry2.o
         6          0          0          0          0          0   __rtentry4.o
        52          8          0          0          0          0   __scatter.o
        28          0          0          0          0          0   __scatter_zi.o
        22          0          0          0          0        100   _rserrno.o
        16          0          0          0          0         72   abort.o
       128         42          0          0          0         76   assert.o
        20          0          0          0          0         76   assert_puts.o
        48         34          0          0          0         76   defsig_abrt_inner.o
        14          0          0          0          0         80   defsig_abrt_outer.o
        10          0          0          0          0         68   defsig_exit.o
        50          0          0          0          0         88   defsig_general.o
        12          0          0          0          0         72   exit.o
         6          0          0          0          0        152   heapauxi.o
         0          0          0          0          0          0   indicate_semi.o
         2          0          0          0          0          0   libinit.o
         2          0          0          0          0          0   libinit2.o
         2          0          0          0          0          0   libshutdown.o
         2          0          0          0          0          0   libshutdown2.o
         8          4          0          0         96         68   libspace.o
         8          4          0          0          0         68   rt_errno_addr_intlibspace.o
        68          0          0          0          0         68   rt_memclr.o
        78          0          0          0          0         80   rt_memclr_w.o
       138          0          0          0          0         68   rt_memcpy_v6.o
       100          0          0          0          0         80   rt_memcpy_w.o
         2          0          0          0          0          0   rtexit.o
        10          0          0          0          0          0   rtexit2.o
        12          4          0          0          0         68   sys_exit.o
        74          0          0          0          0         80   sys_stackheap_outer.o
        14          0          0          0          0         76   sys_wrch.o
         2          0          0          0          0         68   use_no_semi.o
        98          4          0          0          0         92   d2f.o
       826         16          0          0          0        348   daddsub_clz.o
        16          4          0          0          0         68   dcheck1.o
        24          0          0          0          0         68   dcmpi.o
       688        140          0          0          0        208   ddiv.o
       120          4          0          0          0         92   deqf.o
        46          0          0          0          0         68   dflt_clz.o
       340         12          0          0          0        104   dmul.o
       156          4          0          0          0         92   dnaninf.o
        12          0          0          0          0         68   dretinf.o
        86          4          0          0          0         84   f2d.o
       430          8          0          0          0        168   faddsub_clz.o
       388         76          0          0          0         96   fdiv.o
        54          4          0          0          0         84   ffix.o
        62          4          0          0          0         84   ffixu.o
        86          0          0          0          0        136   fflt_clz.o
       258          4          0          0          0         84   fmul.o
       140          4          0          0          0         84   fnaninf.o
        10          0          0          0          0         68   fretinf.o
       100          0          0          0          0         68   retnan.o
        92          0          0          0          0         68   scalbn.o
        48          0          0          0          0         68   trapv.o
         0          0          0          0          0          0   usenofp.o
        34          4          0          0          0        204   dunder.o
       860         52         56          0          0        256   log.o
       170          0          0          0          0         96   poly.o
         0          0          8          0          0          0   qnan.o

    ----------------------------------------------------------------------
      6214        440         64          0         96       4508   Library Totals
        26          0          0          0          0          0   (incl. Padding)

    ----------------------------------------------------------------------

      Code (inc. data)   RO Data    RW Data    ZI Data      Debug   Library Name

      1044         96          0          0         96       1652   c_w.l
      4080        288          0          0          0       2300   fz_ws.l
      1064         56         64          0          0        556   m_ws.l

    ----------------------------------------------------------------------
      6214        440         64          0         96       4508   Library Totals

    ----------------------------------------------------------------------

==============================================================================


      Code (inc. data)   RO Data    RW Data    ZI Data      Debug   

     39038       1992       1206        572      11340     523736   Grand Totals
     39038       1992       1206        136      11340     523736   ELF Image Totals (compressed)
     39038       1992       1206        136          0          0   ROM Totals

==============================================================================

    Total RO  Size (Code + RO Data)                40244 (  39.30kB)
    Total RW  Size (RW Data + ZI Data)             11912 (  11.63kB)
    Total ROM Size (Code + RO Data + RW Data)      40380 (  39.43kB)

==============================================================================

